Archive member included because of file (symbol)

/usr/bin/../lib/gcc/arm-none-eabi/4.9.3/../../../../arm-none-eabi/lib/armv7-m/libc.a(lib_a-exit.o)
                              /usr/bin/../lib/gcc/arm-none-eabi/4.9.3/../../../../arm-none-eabi/lib/armv7-m/crt0.o (exit)
/usr/bin/../lib/gcc/arm-none-eabi/4.9.3/../../../../arm-none-eabi/lib/armv7-m/libc.a(lib_a-impure.o)
                              /usr/bin/../lib/gcc/arm-none-eabi/4.9.3/../../../../arm-none-eabi/lib/armv7-m/libc.a(lib_a-exit.o) (_global_impure_ptr)
/usr/bin/../lib/gcc/arm-none-eabi/4.9.3/../../../../arm-none-eabi/lib/armv7-m/libc.a(lib_a-init.o)
                              /usr/bin/../lib/gcc/arm-none-eabi/4.9.3/../../../../arm-none-eabi/lib/armv7-m/crt0.o (__libc_init_array)
/usr/bin/../lib/gcc/arm-none-eabi/4.9.3/../../../../arm-none-eabi/lib/armv7-m/libc.a(lib_a-memset.o)
                              /usr/bin/../lib/gcc/arm-none-eabi/4.9.3/../../../../arm-none-eabi/lib/armv7-m/crt0.o (memset)
/usr/bin/../lib/gcc/arm-none-eabi/4.9.3/../../../../arm-none-eabi/lib/armv7-m/libc.a(lib_a-__call_atexit.o)
                              /usr/bin/../lib/gcc/arm-none-eabi/4.9.3/../../../../arm-none-eabi/lib/armv7-m/libc.a(lib_a-exit.o) (__call_exitprocs)
/usr/bin/../lib/gcc/arm-none-eabi/4.9.3/../../../../arm-none-eabi/lib/armv7-m/libc.a(lib_a-atexit.o)
                              /usr/bin/../lib/gcc/arm-none-eabi/4.9.3/../../../../arm-none-eabi/lib/armv7-m/libc.a(lib_a-__call_atexit.o) (atexit)
/usr/bin/../lib/gcc/arm-none-eabi/4.9.3/../../../../arm-none-eabi/lib/armv7-m/libc.a(lib_a-fini.o)
                              /usr/bin/../lib/gcc/arm-none-eabi/4.9.3/../../../../arm-none-eabi/lib/armv7-m/libc.a(lib_a-__call_atexit.o) (__libc_fini_array)
/usr/bin/../lib/gcc/arm-none-eabi/4.9.3/../../../../arm-none-eabi/lib/armv7-m/libc.a(lib_a-__atexit.o)
                              /usr/bin/../lib/gcc/arm-none-eabi/4.9.3/../../../../arm-none-eabi/lib/armv7-m/libc.a(lib_a-atexit.o) (__register_exitproc)
/usr/bin/../lib/gcc/arm-none-eabi/4.9.3/../../../../arm-none-eabi/lib/armv7-m/libnosys.a(_exit.o)
                              /usr/bin/../lib/gcc/arm-none-eabi/4.9.3/../../../../arm-none-eabi/lib/armv7-m/libc.a(lib_a-exit.o) (_exit)
/usr/bin/../lib/gcc/arm-none-eabi/4.9.3/../../../../arm-none-eabi/lib/armv7-m/libstdc++.a(atexit_arm.o)
                              build/./libraries/Wire/Wire.o (__aeabi_atexit)
/usr/bin/../lib/gcc/arm-none-eabi/4.9.3/armv7-m/libgcc.a(_arm_addsubdf3.o)
                              build/./wirish/Print.o (__aeabi_dsub)
/usr/bin/../lib/gcc/arm-none-eabi/4.9.3/armv7-m/libgcc.a(_arm_muldivdf3.o)
                              build/./wirish/Print.o (__aeabi_dmul)
/usr/bin/../lib/gcc/arm-none-eabi/4.9.3/armv7-m/libgcc.a(_arm_cmpdf2.o)
                              build/./wirish/Print.o (__aeabi_dcmplt)
/usr/bin/../lib/gcc/arm-none-eabi/4.9.3/armv7-m/libgcc.a(_arm_fixdfsi.o)
                              build/./wirish/Print.o (__aeabi_d2iz)
/usr/bin/../lib/gcc/arm-none-eabi/4.9.3/armv7-m/libgcc.a(_aeabi_uldivmod.o)
                              build/./wirish/Print.o (__aeabi_uldivmod)
/usr/bin/../lib/gcc/arm-none-eabi/4.9.3/armv7-m/libgcc.a(_fixdfdi.o)
                              build/./wirish/Print.o (__aeabi_d2lz)
/usr/bin/../lib/gcc/arm-none-eabi/4.9.3/armv7-m/libgcc.a(_fixunsdfdi.o)
                              /usr/bin/../lib/gcc/arm-none-eabi/4.9.3/armv7-m/libgcc.a(_fixdfdi.o) (__aeabi_d2ulz)
/usr/bin/../lib/gcc/arm-none-eabi/4.9.3/armv7-m/libgcc.a(bpabi.o)
                              /usr/bin/../lib/gcc/arm-none-eabi/4.9.3/armv7-m/libgcc.a(_aeabi_uldivmod.o) (__gnu_uldivmod_helper)
/usr/bin/../lib/gcc/arm-none-eabi/4.9.3/armv7-m/libgcc.a(_dvmd_tls.o)
                              /usr/bin/../lib/gcc/arm-none-eabi/4.9.3/armv7-m/libgcc.a(_aeabi_uldivmod.o) (__aeabi_ldiv0)
/usr/bin/../lib/gcc/arm-none-eabi/4.9.3/armv7-m/libgcc.a(_arm_fixunsdfsi.o)
                              /usr/bin/../lib/gcc/arm-none-eabi/4.9.3/armv7-m/libgcc.a(_fixunsdfdi.o) (__aeabi_d2uiz)
/usr/bin/../lib/gcc/arm-none-eabi/4.9.3/armv7-m/libgcc.a(_divdi3.o)
                              /usr/bin/../lib/gcc/arm-none-eabi/4.9.3/armv7-m/libgcc.a(bpabi.o) (__divdi3)
/usr/bin/../lib/gcc/arm-none-eabi/4.9.3/armv7-m/libgcc.a(_udivdi3.o)
                              /usr/bin/../lib/gcc/arm-none-eabi/4.9.3/armv7-m/libgcc.a(bpabi.o) (__udivdi3)
/usr/bin/../lib/gcc/arm-none-eabi/4.9.3/../../../../arm-none-eabi/lib/armv7-m/libc.a(lib_a-cxa_atexit.o)
                              /usr/bin/../lib/gcc/arm-none-eabi/4.9.3/../../../../arm-none-eabi/lib/armv7-m/libstdc++.a(atexit_arm.o) (__cxa_atexit)
/usr/bin/../lib/gcc/arm-none-eabi/4.9.3/../../../../arm-none-eabi/lib/armv7-m/libc.a(lib_a-errno.o)
                              build/./wirish/syscalls.o (__errno)
/usr/bin/../lib/gcc/arm-none-eabi/4.9.3/../../../../arm-none-eabi/lib/armv7-m/libc.a(lib_a-memcmp.o)
                              build/./libraries/FreeRTOS/utility/tasks.o (memcmp)
[...]
Memory Configuration

Name             Origin             Length             Attributes
ram              0x0000000020000c00 0x0000000000004400 xrw
rom              0x0000000008005000 0x000000000001b000 xr
*default*        0x0000000000000000 0xffffffffffffffff

Linker script and memory map

LOAD /usr/bin/../lib/gcc/arm-none-eabi/4.9.3/armv7-m/crti.o
LOAD /usr/bin/../lib/gcc/arm-none-eabi/4.9.3/armv7-m/crtbegin.o
LOAD /usr/bin/../lib/gcc/arm-none-eabi/4.9.3/../../../../arm-none-eabi/lib/armv7-m/crt0.o
START GROUP
LOAD /usr/bin/../lib/gcc/arm-none-eabi/4.9.3/armv7-m/libgcc.a
LOAD /usr/bin/../lib/gcc/arm-none-eabi/4.9.3/../../../../arm-none-eabi/lib/armv7-m/libc.a
LOAD /usr/bin/../lib/gcc/arm-none-eabi/4.9.3/../../../../arm-none-eabi/lib/armv7-m/libm.a
END GROUP
START GROUP
LOAD /usr/bin/../lib/gcc/arm-none-eabi/4.9.3/../../../../arm-none-eabi/lib/armv7-m/libnosys.a
END GROUP
                0x0000000020005000                PROVIDE (__msp_init, (ORIGIN (ram) + 0x4400))
                0x0000000008007618                PROVIDE (__exc_reset, __start__)

.text           0x0000000008005000     0x3434
                0x0000000008005000                __text_start__ = .
 *(.stm32.interrupt_vector)
 .stm32.interrupt_vector
                0x0000000008005000       0xec build/./libmaple/stm32f1/performance/vector_table.o
                0x0000000008005000                __stm32_vector_table
 *(.text .text.* .gnu.linkonce.t.*)
 .text          0x00000000080050ec       0x5c /usr/bin/../lib/gcc/arm-none-eabi/4.9.3/armv7-m/crtbegin.o
 .text.exit     0x0000000008005148       0x20 /usr/bin/../lib/gcc/arm-none-eabi/4.9.3/../../../../arm-none-eabi/lib/armv7-m/libc.a(lib_a-exit.o)
                0x0000000008005148                exit
 .text.__libc_init_array
                0x0000000008005168       0x50 /usr/bin/../lib/gcc/arm-none-eabi/4.9.3/../../../../arm-none-eabi/lib/armv7-m/libc.a(lib_a-init.o)
                0x0000000008005168                __libc_init_array
 .text.startup.register_fini
                0x00000000080051b8       0x14 /usr/bin/../lib/gcc/arm-none-eabi/4.9.3/../../../../arm-none-eabi/lib/armv7-m/libc.a(lib_a-__call_atexit.o)
 .text.__call_exitprocs
                0x00000000080051cc       0xd4 /usr/bin/../lib/gcc/arm-none-eabi/4.9.3/../../../../arm-none-eabi/lib/armv7-m/libc.a(lib_a-__call_atexit.o)
                0x00000000080051cc                __call_exitprocs
 .text.atexit   0x00000000080052a0        0xc /usr/bin/../lib/gcc/arm-none-eabi/4.9.3/../../../../arm-none-eabi/lib/armv7-m/libc.a(lib_a-atexit.o)
                0x00000000080052a0                atexit
 .text.__libc_fini_array
                0x00000000080052ac       0x2c /usr/bin/../lib/gcc/arm-none-eabi/4.9.3/../../../../arm-none-eabi/lib/armv7-m/libc.a(lib_a-fini.o)
                0x00000000080052ac                __libc_fini_array
 .text.__register_exitproc
                0x00000000080052d8       0xa4 /usr/bin/../lib/gcc/arm-none-eabi/4.9.3/../../../../arm-none-eabi/lib/armv7-m/libc.a(lib_a-__atexit.o)
                0x00000000080052d8                __register_exitproc
 .text._exit    0x000000000800537c        0x4 /usr/bin/../lib/gcc/arm-none-eabi/4.9.3/../../../../arm-none-eabi/lib/armv7-m/libnosys.a(_exit.o)
                0x000000000800537c                _exit
 .text.adc_init
                0x0000000008005380       0x14 build/./libmaple/adc.o
                0x0000000008005380                adc_init
 .text.adc_set_extsel
                0x0000000008005394        0xe build/./libmaple/adc.o
                0x0000000008005394                adc_set_extsel
 .text.adc_set_sample_rate
                0x00000000080053a2       0x34 build/./libmaple/adc.o
                0x00000000080053a2                adc_set_sample_rate
 *fill*         0x00000000080053d6        0x2 
 .text.__irq_exti0
                0x00000000080053d8       0x20 build/./libmaple/exti.o
                0x00000000080053d8                __irq_exti0
 .text.__irq_exti1
                0x00000000080053f8       0x20 build/./libmaple/exti.o
                0x00000000080053f8                __irq_exti1
 .text.__irq_exti2
                0x0000000008005418       0x20 build/./libmaple/exti.o
                0x0000000008005418                __irq_exti2
 .text.__irq_exti3
                0x0000000008005438       0x20 build/./libmaple/exti.o
                0x0000000008005438                __irq_exti3
 .text.__irq_exti4
                0x0000000008005458       0x20 build/./libmaple/exti.o
                0x0000000008005458                __irq_exti4
 .text.__irq_exti9_5
                0x0000000008005478       0x44 build/./libmaple/exti.o
                0x0000000008005478                __irq_exti9_5
 .text.__irq_exti15_10
                0x00000000080054bc       0x44 build/./libmaple/exti.o
                0x00000000080054bc                __irq_exti15_10
 .text.flash_set_latency
                0x0000000008005500       0x14 build/./libmaple/flash.o
                0x0000000008005500                flash_set_latency
 .text.gpio_init
                0x0000000008005514       0x14 build/./libmaple/gpio.o
                0x0000000008005514                gpio_init
 .text.nvic_irq_set_priority
                0x0000000008005528       0x28 build/./libmaple/nvic.o
                0x0000000008005528                nvic_irq_set_priority
 .text.nvic_init
                0x0000000008005550       0x30 build/./libmaple/nvic.o
                0x0000000008005550                nvic_init
 .text.nvic_sys_reset
                0x0000000008005580       0x1c build/./libmaple/nvic.o
                0x0000000008005580                nvic_sys_reset
 .text.rcc_dev_clk
                0x000000000800559c        0xc build/./libmaple/rcc.o
                0x000000000800559c                rcc_dev_clk
 .text.rcc_switch_sysclk
                0x00000000080055a8       0x20 build/./libmaple/rcc.o
                0x00000000080055a8                rcc_switch_sysclk
 .text.rcc_turn_on_clk
                0x00000000080055c8       0x18 build/./libmaple/rcc.o
                0x00000000080055c8                rcc_turn_on_clk
 .text.rcc_turn_off_clk
                0x00000000080055e0       0x1a build/./libmaple/rcc.o
                0x00000000080055e0                rcc_turn_off_clk
 .text.rcc_is_clk_on
                0x00000000080055fa       0x1c build/./libmaple/rcc.o
                0x00000000080055fa                rcc_is_clk_on
 .text.rcc_is_clk_ready
                0x0000000008005616       0x16 build/./libmaple/rcc.o
                0x0000000008005616                rcc_is_clk_ready
 .text.systick_init
                0x000000000800562c       0x10 build/./libmaple/systick.o
                0x000000000800562c                systick_init
 .text.__exc_systick
                0x000000000800563c       0x1c build/./libmaple/systick.o
                0x000000000800563c                __exc_systick
 .text.timer_oc_set_mode
                0x0000000008005658       0x30 build/./libmaple/timer.o
 .text.timer_foreach
                0x0000000008005688       0x34 build/./libmaple/timer.o
                0x0000000008005688                timer_foreach
 .text.timer_init
                0x00000000080056bc       0x14 build/./libmaple/timer.o
                0x00000000080056bc                timer_init
 .text.timer_disable
                0x00000000080056d0       0x12 build/./libmaple/timer.o
                0x00000000080056d0                timer_disable
 *fill*         0x00000000080056e2        0x2 
 .text.timer_has_cc_channel
                0x00000000080056e4       0x4c build/./libmaple/timer.o
                0x00000000080056e4                timer_has_cc_channel
 .text.timer_detach_interrupt
                0x0000000008005730       0x1e build/./libmaple/timer.o
                0x0000000008005730                timer_detach_interrupt
 *fill*         0x000000000800574e        0x2 
 .text.timer_set_mode
                0x0000000008005750       0xc8 build/./libmaple/timer.o
                0x0000000008005750                timer_set_mode
 .text.nvic_irq_enable
                0x0000000008005818       0x1c build/./libmaple/usart.o
 .text.nvic_irq_disable
                0x0000000008005834       0x1c build/./libmaple/usart.o
 .text.usart_init
                0x0000000008005850       0x40 build/./libmaple/usart.o
                0x0000000008005850                usart_init
 .text.usart_enable
                0x0000000008005890       0x10 build/./libmaple/usart.o
                0x0000000008005890                usart_enable
 .text.usart_disable
                0x00000000080058a0       0x24 build/./libmaple/usart.o
                0x00000000080058a0                usart_disable
 .text.usart_tx
                0x00000000080058c4       0x62 build/./libmaple/usart.o
                0x00000000080058c4                usart_tx
 .text.usart_putudec
                0x0000000008005926       0x44 build/./libmaple/usart.o
                0x0000000008005926                usart_putudec
 *fill*         0x000000000800596a        0x2 
 .text._usart_clock_freq
                0x000000000800596c       0x24 build/./libmaple/usart_private.o
                0x000000000800596c                _usart_clock_freq
 .text.usart_putc
                0x0000000008005990       0x1c build/./libmaple/util.o
 .text.usart_putstr
                0x00000000080059ac       0x16 build/./libmaple/util.o
 *fill*         0x00000000080059c2        0x2 
 .text.throb    0x00000000080059c4       0x54 build/./libmaple/util.o
                0x00000000080059c4                throb
 .text.__error  0x0000000008005a18       0x14 build/./libmaple/util.o
                0x0000000008005a18                __error
 .text._fail    0x0000000008005a2c       0x64 build/./libmaple/util.o
                0x0000000008005a2c                _fail
 .text.i2c_start_condition
                0x0000000008005a90       0x14 build/./libmaple/i2c.o
 .text.i2c_stop_condition
                0x0000000008005aa4       0x14 build/./libmaple/i2c.o
 .text.i2c_enable_ack
                0x0000000008005ab8        0xc build/./libmaple/i2c.o
 .text.i2c_disable_ack
                0x0000000008005ac4        0xc build/./libmaple/i2c.o
 .text._i2c_irq_handler
                0x0000000008005ad0      0x2a0 build/./libmaple/i2c.o
                0x0000000008005ad0                _i2c_irq_handler
 .text._i2c_irq_error_handler
                0x0000000008005d70       0x64 build/./libmaple/i2c.o
                0x0000000008005d70                _i2c_irq_error_handler
 *fill*         0x0000000008005dd4        0xc 
 .text          0x0000000008005de0       0x54 build/./libmaple/exc.o
                0x0000000008005de0                __exc_nmi
                0x0000000008005de4                __exc_hardfault
                0x0000000008005de8                __exc_memmanage
                0x0000000008005dec                __exc_busfault
                0x0000000008005df0                __exc_usagefault
 .text.usb_resume
                0x0000000008005e34       0xb4 build/./libmaple/usb/stm32f1/usb.o
 .text.usb_init_usblib
                0x0000000008005ee8       0x48 build/./libmaple/usb/stm32f1/usb.o
                0x0000000008005ee8                usb_init_usblib
 .text.__irq_usb_lp_can_rx0
                0x0000000008005f30      0x1f4 build/./libmaple/usb/stm32f1/usb.o
                0x0000000008005f30                __irq_usb_lp_can_rx0
 .text.usb_set_ep_rx_count_common
                0x0000000008006124       0x26 build/./libmaple/usb/stm32f1/usb_reg_map.o
 .text.usb_copy_to_pma
                0x000000000800614a       0x3e build/./libmaple/usb/stm32f1/usb_reg_map.o
                0x000000000800614a                usb_copy_to_pma
 .text.usb_copy_from_pma
                0x0000000008006188       0x2e build/./libmaple/usb/stm32f1/usb_reg_map.o
                0x0000000008006188                usb_copy_from_pma
 *fill*         0x00000000080061b6        0x2 
 .text.usb_set_ep_rx_count
                0x00000000080061b8       0x1c build/./libmaple/usb/stm32f1/usb_reg_map.o
                0x00000000080061b8                usb_set_ep_rx_count
 .text.usb_set_ep_rx_stat
                0x00000000080061d4       0x22 build/./libmaple/usb/stm32f1/usb_cdcacm.o
 *fill*         0x00000000080061f6        0x2 
 .text.vcomDataTxCb
                0x00000000080061f8       0x14 build/./libmaple/usb/stm32f1/usb_cdcacm.o
 .text.vcomGetSetLineCoding
                0x000000000800620c       0x18 build/./libmaple/usb/stm32f1/usb_cdcacm.o
 .text.usbDataSetup
                0x0000000008006224       0x54 build/./libmaple/usb/stm32f1/usb_cdcacm.o
 .text.usbNoDataSetup
                0x0000000008006278       0x50 build/./libmaple/usb/stm32f1/usb_cdcacm.o
 .text.usbGetInterfaceSetting
                0x00000000080062c8       0x10 build/./libmaple/usb/stm32f1/usb_cdcacm.o
 .text.usbSetConfiguration
                0x00000000080062d8       0x1c build/./libmaple/usb/stm32f1/usb_cdcacm.o
 .text.usbSetDeviceAddress
                0x00000000080062f4       0x10 build/./libmaple/usb/stm32f1/usb_cdcacm.o
 .text.usbGetStringDescriptor
                0x0000000008006304       0x20 build/./libmaple/usb/stm32f1/usb_cdcacm.o
 .text.usbGetConfigDescriptor
                0x0000000008006324        0xc build/./libmaple/usb/stm32f1/usb_cdcacm.o
 .text.usbGetDeviceDescriptor
                0x0000000008006330        0xc build/./libmaple/usb/stm32f1/usb_cdcacm.o
 .text.usbInit  0x000000000800633c       0x44 build/./libmaple/usb/stm32f1/usb_cdcacm.o
 .text.vcomDataRxCb
                0x0000000008006380       0x70 build/./libmaple/usb/stm32f1/usb_cdcacm.o
 .text.usbReset
                0x00000000080063f0      0x164 build/./libmaple/usb/stm32f1/usb_cdcacm.o
 .text.usb_cdcacm_set_hooks
                0x0000000008006554       0x1c build/./libmaple/usb/stm32f1/usb_cdcacm.o
                0x0000000008006554                usb_cdcacm_set_hooks
 .text.usb_cdcacm_enable
                0x0000000008006570       0x34 build/./libmaple/usb/stm32f1/usb_cdcacm.o
                0x0000000008006570                usb_cdcacm_enable
 .text.usb_cdcacm_tx
                0x00000000080065a4       0x60 build/./libmaple/usb/stm32f1/usb_cdcacm.o
                0x00000000080065a4                usb_cdcacm_tx
 .text.usb_cdcacm_data_available
                0x0000000008006604        0xc build/./libmaple/usb/stm32f1/usb_cdcacm.o
                0x0000000008006604                usb_cdcacm_data_available
 .text.usb_cdcacm_is_transmitting
                0x0000000008006610        0xc build/./libmaple/usb/stm32f1/usb_cdcacm.o
                0x0000000008006610                usb_cdcacm_is_transmitting
 .text.usb_cdcacm_peek
                0x000000000800661c       0x34 build/./libmaple/usb/stm32f1/usb_cdcacm.o
                0x000000000800661c                usb_cdcacm_peek
 .text.usb_cdcacm_get_dtr
                0x0000000008006650       0x10 build/./libmaple/usb/stm32f1/usb_cdcacm.o
                0x0000000008006650                usb_cdcacm_get_dtr
 .text.Standard_GetConfiguration
                0x0000000008006660       0x24 build/./libmaple/usb/usb_lib/usb_core.o
                0x0000000008006660                Standard_GetConfiguration
 .text.Standard_GetInterface
                0x0000000008006684       0x24 build/./libmaple/usb/usb_lib/usb_core.o
                0x0000000008006684                Standard_GetInterface
 .text.Standard_GetStatus
                0x00000000080066a8       0x90 build/./libmaple/usb/usb_lib/usb_core.o
                0x00000000080066a8                Standard_GetStatus
 .text.DataStageIn
                0x0000000008006738       0xac build/./libmaple/usb/usb_lib/usb_core.o
 .text.Standard_SetConfiguration
                0x00000000080067e4       0x38 build/./libmaple/usb/usb_lib/usb_core.o
                0x00000000080067e4                Standard_SetConfiguration
 .text.Standard_SetInterface
                0x000000000800681c       0x48 build/./libmaple/usb/usb_lib/usb_core.o
                0x000000000800681c                Standard_SetInterface
 .text.Standard_ClearFeature
                0x0000000008006864       0xcc build/./libmaple/usb/usb_lib/usb_core.o
                0x0000000008006864                Standard_ClearFeature
 .text.Standard_SetEndPointFeature
                0x0000000008006930       0x84 build/./libmaple/usb/usb_lib/usb_core.o
                0x0000000008006930                Standard_SetEndPointFeature
 .text.Standard_SetDeviceFeature
                0x00000000080069b4       0x24 build/./libmaple/usb/usb_lib/usb_core.o
                0x00000000080069b4                Standard_SetDeviceFeature
 .text.Standard_GetDescriptorData
                0x00000000080069d8       0x1c build/./libmaple/usb/usb_lib/usb_core.o
                0x00000000080069d8                Standard_GetDescriptorData
 .text.Post0_Process
                0x00000000080069f4       0x44 build/./libmaple/usb/usb_lib/usb_core.o
                0x00000000080069f4                Post0_Process
 .text.Setup0_Process
                0x0000000008006a38      0x2dc build/./libmaple/usb/usb_lib/usb_core.o
                0x0000000008006a38                Setup0_Process
 .text.Out0_Process
                0x0000000008006d14       0xc4 build/./libmaple/usb/usb_lib/usb_core.o
                0x0000000008006d14                Out0_Process
 .text.SetDeviceAddress
                0x0000000008006dd8       0x38 build/./libmaple/usb/usb_lib/usb_core.o
                0x0000000008006dd8                SetDeviceAddress
 .text.In0_Process
                0x0000000008006e10       0x5c build/./libmaple/usb/usb_lib/usb_core.o
                0x0000000008006e10                In0_Process
 .text.NOP_Process
                0x0000000008006e6c        0x2 build/./libmaple/usb/usb_lib/usb_core.o
                0x0000000008006e6c                NOP_Process
 .text.UserToPMABufferCopy
                0x0000000008006e6e       0x30 build/./libmaple/usb/usb_lib/usb_mem.o
                0x0000000008006e6e                UserToPMABufferCopy
 .text.PMAToUserBufferCopy
                0x0000000008006e9e       0x24 build/./libmaple/usb/usb_lib/usb_mem.o
                0x0000000008006e9e                PMAToUserBufferCopy
 .text.SetEPTxStatus
                0x0000000008006ec2       0x2a build/./libmaple/usb/usb_lib/usb_regs.o
                0x0000000008006ec2                SetEPTxStatus
 .text.ClearDTOG_RX
                0x0000000008006eec       0x22 build/./libmaple/usb/usb_lib/usb_regs.o
                0x0000000008006eec                ClearDTOG_RX
 .text.ClearDTOG_TX
                0x0000000008006f0e       0x22 build/./libmaple/usb/usb_lib/usb_regs.o
                0x0000000008006f0e                ClearDTOG_TX
 .text.GetEPTxAddr
                0x0000000008006f30       0x20 build/./libmaple/usb/usb_lib/usb_regs.o
                0x0000000008006f30                GetEPTxAddr
 .text.GetEPRxAddr
                0x0000000008006f50       0x20 build/./libmaple/usb/usb_lib/usb_regs.o
                0x0000000008006f50                GetEPRxAddr
 .text.SetEPTxCount
                0x0000000008006f70       0x1c build/./libmaple/usb/usb_lib/usb_regs.o
                0x0000000008006f70                SetEPTxCount
 .text.SetEPRxCount
                0x0000000008006f8c       0x40 build/./libmaple/usb/usb_lib/usb_regs.o
                0x0000000008006f8c                SetEPRxCount
 .text.ByteSwap
                0x0000000008006fcc        0xa build/./libmaple/usb/usb_lib/usb_regs.o
                0x0000000008006fcc                ByteSwap
 .text          0x0000000008006fd6        0x2 build/./libmaple/stm32f1/performance/isrs.o
                0x0000000008006fd6                __stm32reservedexception9
                0x0000000008006fd6                __exc_debug_monitor
                0x0000000008006fd6                __irq_adc
                0x0000000008006fd6                __irq_can_rx1
                0x0000000008006fd6                __irq_spi2
                0x0000000008006fd6                __irq_can_sce
                0x0000000008006fd6                __irq_pvd
                0x0000000008006fd6                __irq_tamper
                0x0000000008006fd6                __default_handler
                0x0000000008006fd6                __irq_wwdg
                0x0000000008006fd6                __stm32reservedexception10
                0x0000000008006fd6                __irq_flash
                0x0000000008006fd6                __stm32reservedexception13
                0x0000000008006fd6                __irq_rtc
                0x0000000008006fd6                __irq_spi1
                0x0000000008006fd6                __stm32reservedexception7
                0x0000000008006fd6                __irq_usb_hp_can_tx
                0x0000000008006fd6                __irq_rtcalarm
                0x0000000008006fd6                __stm32reservedexception8
                0x0000000008006fd6                __irq_usbwakeup
                0x0000000008006fd6                __irq_rcc
 .text.adc_calibrate
                0x0000000008006fd8       0x24 build/./libmaple/stm32f1/adc.o
                0x0000000008006fd8                adc_calibrate
 .text.adc_set_prescaler
                0x0000000008006ffc        0x8 build/./libmaple/stm32f1/adc.o
                0x0000000008006ffc                adc_set_prescaler
 .text.adc_foreach
                0x0000000008007004       0x20 build/./libmaple/stm32f1/adc.o
                0x0000000008007004                adc_foreach
 .text.adc_enable_single_swstart
                0x0000000008007024       0x36 build/./libmaple/stm32f1/adc.o
                0x0000000008007024                adc_enable_single_swstart
 *fill*         0x000000000800705a        0x2 
 .text.__irq_dma1_channel1
                0x000000000800705c       0x18 build/./libmaple/stm32f1/dma.o
                0x000000000800705c                __irq_dma1_channel1
 .text.__irq_dma1_channel2
                0x0000000008007074       0x18 build/./libmaple/stm32f1/dma.o
                0x0000000008007074                __irq_dma1_channel2
 .text.__irq_dma1_channel3
                0x000000000800708c       0x1c build/./libmaple/stm32f1/dma.o
                0x000000000800708c                __irq_dma1_channel3
 .text.__irq_dma1_channel4
                0x00000000080070a8       0x1c build/./libmaple/stm32f1/dma.o
                0x00000000080070a8                __irq_dma1_channel4
 .text.__irq_dma1_channel5
                0x00000000080070c4       0x1c build/./libmaple/stm32f1/dma.o
                0x00000000080070c4                __irq_dma1_channel5
 .text.__irq_dma1_channel6
                0x00000000080070e0       0x1c build/./libmaple/stm32f1/dma.o
                0x00000000080070e0                __irq_dma1_channel6
 .text.__irq_dma1_channel7
                0x00000000080070fc       0x1c build/./libmaple/stm32f1/dma.o
                0x00000000080070fc                __irq_dma1_channel7
 .text.gpio_init_all
                0x0000000008007118       0x30 build/./libmaple/stm32f1/gpio.o
                0x0000000008007118                gpio_init_all
 .text.gpio_set_mode
                0x0000000008007148       0x48 build/./libmaple/stm32f1/gpio.o
                0x0000000008007148                gpio_set_mode
 .text.afio_init
                0x0000000008007190       0x12 build/./libmaple/stm32f1/gpio.o
                0x0000000008007190                afio_init
 *fill*         0x00000000080071a2        0x2 
 .text.__irq_i2c1_ev
                0x00000000080071a4        0xc build/./libmaple/stm32f1/i2c.o
                0x00000000080071a4                __irq_i2c1_ev
 .text.__irq_i2c2_ev
                0x00000000080071b0        0xc build/./libmaple/stm32f1/i2c.o
                0x00000000080071b0                __irq_i2c2_ev
 .text.__irq_i2c1_er
                0x00000000080071bc        0xc build/./libmaple/stm32f1/i2c.o
                0x00000000080071bc                __irq_i2c1_er
 .text.__irq_i2c2_er
                0x00000000080071c8        0xc build/./libmaple/stm32f1/i2c.o
                0x00000000080071c8                __irq_i2c2_er
 .text._i2c_irq_priority_fixup
                0x00000000080071d4       0x1c build/./libmaple/stm32f1/i2c.o
                0x00000000080071d4                _i2c_irq_priority_fixup
 .text.rcc_configure_pll
                0x00000000080071f0       0x38 build/./libmaple/stm32f1/rcc.o
                0x00000000080071f0                rcc_configure_pll
 .text.rcc_clk_enable
                0x0000000008007228       0x30 build/./libmaple/stm32f1/rcc.o
                0x0000000008007228                rcc_clk_enable
 .text.rcc_reset_dev
                0x0000000008007258       0x34 build/./libmaple/stm32f1/rcc.o
                0x0000000008007258                rcc_reset_dev
 .text.rcc_set_prescaler
                0x000000000800728c       0x20 build/./libmaple/stm32f1/rcc.o
                0x000000000800728c                rcc_set_prescaler
 .text.__irq_tim1_brk
                0x00000000080072ac       0x28 build/./libmaple/stm32f1/timer.o
                0x00000000080072ac                __irq_tim1_brk
 .text.__irq_tim1_up
                0x00000000080072d4       0x28 build/./libmaple/stm32f1/timer.o
                0x00000000080072d4                __irq_tim1_up
 .text.__irq_tim1_trg_com
                0x00000000080072fc       0x38 build/./libmaple/stm32f1/timer.o
                0x00000000080072fc                __irq_tim1_trg_com
 .text.__irq_tim1_cc
                0x0000000008007334       0x54 build/./libmaple/stm32f1/timer.o
                0x0000000008007334                __irq_tim1_cc
 .text.__irq_tim2
                0x0000000008007388       0x70 build/./libmaple/stm32f1/timer.o
                0x0000000008007388                __irq_tim2
 .text.__irq_tim3
                0x00000000080073f8       0x70 build/./libmaple/stm32f1/timer.o
                0x00000000080073f8                __irq_tim3
 .text.__irq_tim4
                0x0000000008007468       0x70 build/./libmaple/stm32f1/timer.o
                0x0000000008007468                __irq_tim4
 .text.usart_config_gpios_async
                0x00000000080074d8       0x20 build/./libmaple/stm32f1/usart.o
                0x00000000080074d8                usart_config_gpios_async
 .text.usart_set_baud_rate
                0x00000000080074f8       0x54 build/./libmaple/stm32f1/usart.o
                0x00000000080074f8                usart_set_baud_rate
 .text.usart_foreach
                0x000000000800754c       0x28 build/./libmaple/stm32f1/usart.o
                0x000000000800754c                usart_foreach
 .text.usart_tx_rx_irq
                0x0000000008007574       0x7e build/./libmaple/stm32f1/usart.o
                0x0000000008007574                usart_tx_rx_irq
 *fill*         0x00000000080075f2        0x2 
 .text.__irq_usart1
                0x00000000080075f4        0xc build/./libmaple/stm32f1/usart.o
                0x00000000080075f4                __irq_usart1
 .text.__irq_usart2
                0x0000000008007600        0xc build/./libmaple/stm32f1/usart.o
                0x0000000008007600                __irq_usart2
 .text.__irq_usart3
                0x000000000800760c        0xc build/./libmaple/stm32f1/usart.o
                0x000000000800760c                __irq_usart3
 .text          0x0000000008007618       0x10 build/./wirish/start.o
                0x0000000008007618                __start__
 .text.start_c  0x0000000008007628       0x60 build/./wirish/start_c.o
                0x0000000008007628                start_c
 .text.adc_disable
                0x0000000008007688       0x10 build/./wirish/stm32f1/util_hooks.o
 .text.__lm_error
                0x0000000008007698       0x40 build/./wirish/stm32f1/util_hooks.o
                0x0000000008007698                __lm_error
 .text.__lm_enable_error_usart
                0x00000000080076d8       0x30 build/./wirish/stm32f1/util_hooks.o
                0x00000000080076d8                __lm_enable_error_usart
 .text._ZL18adc_default_configPK7adc_dev
                0x0000000008007708       0x1c build/./wirish/boards.o
 .text._ZL20timer_default_configP9timer_dev
                0x0000000008007724       0xa2 build/./wirish/boards.o
 .text._Z9boardInitv
                0x00000000080077c6        0x2 build/./wirish/boards.o
                0x00000000080077c6                boardInit()
 .text._Z4initv
                0x00000000080077c8       0xbc build/./wirish/boards.o
                0x00000000080077c8                init()
 .text._ZN14HardwareSerial5writeEh
                0x0000000008007884       0x1c build/./wirish/HardwareSerial.o
                0x0000000008007884                HardwareSerial::write(unsigned char)
 .text._ZN14HardwareSerial5beginEj
                0x00000000080078a0       0x8c build/./wirish/HardwareSerial.o
                0x00000000080078a0                HardwareSerial::begin(unsigned int)
 .text.startup._GLOBAL__sub_I_Serial1
                0x000000000800792c       0x58 build/./wirish/HardwareSerial.o
 .text.set_this_dev
                0x0000000008007984       0x1c build/./wirish/HardwareTimer.o
 .text._ZN13HardwareTimerC2Eh
                0x00000000080079a0       0x44 build/./wirish/HardwareTimer.o
                0x00000000080079a0                HardwareTimer::HardwareTimer(unsigned char)
                0x00000000080079a0                HardwareTimer::HardwareTimer(unsigned char)
 .text.startup._GLOBAL__sub_I__ZN13HardwareTimerC2Eh
                0x00000000080079e4       0x38 build/./wirish/HardwareTimer.o
 .text._ZN5Print5writeEPKc
                0x0000000008007a1c       0x18 build/./wirish/Print.o
                0x0000000008007a1c                Print::write(char const*)
 .text._ZN5Print5writeEPKvj
                0x0000000008007a34       0x1c build/./wirish/Print.o
                0x0000000008007a34                Print::write(void const*, unsigned int)
 .text._ZN5Print5printEc
                0x0000000008007a50        0x6 build/./wirish/Print.o
                0x0000000008007a50                Print::print(char)
 .text._ZN5Print5printEPKc
                0x0000000008007a56        0x6 build/./wirish/Print.o
                0x0000000008007a56                Print::print(char const*)
 .text._ZN5Print7printlnEv
                0x0000000008007a5c       0x16 build/./wirish/Print.o
                0x0000000008007a5c                Print::println()
 .text._ZN5Print7printlnEPKc
                0x0000000008007a72       0x12 build/./wirish/Print.o
                0x0000000008007a72                Print::println(char const*)
 .text._Z8pwmWriteht
                0x0000000008007a84       0x3c build/./wirish/pwm.o
                0x0000000008007a84                pwmWrite(unsigned char, unsigned short)
 .text._ZN9USBSerial5writeEh
                0x0000000008007ac0       0x16 build/./wirish/usb_serial.o
                0x0000000008007ac0                USBSerial::write(unsigned char)
 .text._ZN9USBSerial5writeEPKc
                0x0000000008007ad6       0x1c build/./wirish/usb_serial.o
                0x0000000008007ad6                USBSerial::write(char const*)
 *fill*         0x0000000008007af2        0x2 
 .text._ZL14ifaceSetupHookjPv
                0x0000000008007af4       0x3c build/./wirish/usb_serial.o
 .text._ZL6rxHookjPv
                0x0000000008007b30       0x90 build/./wirish/usb_serial.o
 .text._ZL10wait_resetv
                0x0000000008007bc0       0x10 build/./wirish/usb_serial.o
 .text._ZN9USBSerial5beginEv
                0x0000000008007bd0       0x2c build/./wirish/usb_serial.o
                0x0000000008007bd0                USBSerial::begin()
 .text._ZN9USBSerial11isConnectedEv
                0x0000000008007bfc       0x14 build/./wirish/usb_serial.o
                0x0000000008007bfc                USBSerial::isConnected()
 .text._ZN9USBSerial5writeEPKvj
                0x0000000008007c10       0x64 build/./wirish/usb_serial.o
                0x0000000008007c10                USBSerial::write(void const*, unsigned int)
 .text.startup._GLOBAL__sub_I__ZN9USBSerialC2Ev
                0x0000000008007c74       0x10 build/./wirish/usb_serial.o
 .text._Z11digitalReadh
                0x0000000008007c84       0x28 build/./wirish/wirish_digital.o
                0x0000000008007c84                digitalRead(unsigned char)
 .text._Z12digitalWritehh
                0x0000000008007cac       0x28 build/./wirish/wirish_digital.o
                0x0000000008007cac                digitalWrite(unsigned char, unsigned char)
 .text._Z9togglePinh
                0x0000000008007cd4       0x24 build/./wirish/wirish_digital.o
                0x0000000008007cd4                togglePin(unsigned char)
 .text._ZN6wirish4priv15board_reset_pllEv
                0x0000000008007cf8        0x2 build/./wirish/stm32f1/boards_setup.o
                0x0000000008007cf8                wirish::priv::board_reset_pll()
 .text._ZN6wirish4priv28board_setup_clock_prescalersEv
                0x0000000008007cfa       0x20 build/./wirish/stm32f1/boards_setup.o
                0x0000000008007cfa                wirish::priv::board_setup_clock_prescalers()
 .text._ZN6wirish4priv16board_setup_gpioEv
                0x0000000008007d1a        0x4 build/./wirish/stm32f1/boards_setup.o
                0x0000000008007d1a                wirish::priv::board_setup_gpio()
 *fill*         0x0000000008007d1e        0x2 
 .text._ZN6wirish4priv15board_setup_usbEv
                0x0000000008007d20        0xc build/./wirish/stm32f1/boards_setup.o
                0x0000000008007d20                wirish::priv::board_setup_usb()
 .text._ZN6wirish4priv11series_initEv
                0x0000000008007d2c        0x4 build/./wirish/stm32f1/boards_setup.o
                0x0000000008007d2c                wirish::priv::series_init()
 .text._Z7pinModeh13WiringPinMode
                0x0000000008007d30       0x80 build/./wirish/stm32f1/wirish_digital.o
                0x0000000008007d30                pinMode(unsigned char, WiringPinMode)
 .text.startup._GLOBAL__sub_I_PIN_MAP
                0x0000000008007db0      0x158 build/./wirish/boards/maple/board.o
 .text._ZN7TwoWireD2Ev
                0x0000000008007f08        0x2 build/./libraries/Wire/Wire.o
                0x0000000008007f08                TwoWire::~TwoWire()
                0x0000000008007f08                TwoWire::~TwoWire()
 .text._ZN7TwoWire7set_sclEb
                0x0000000008007f0a       0x30 build/./libraries/Wire/Wire.o
                0x0000000008007f0a                TwoWire::set_scl(bool)
 .text._ZN7TwoWire7set_sdaEb
                0x0000000008007f3a       0x18 build/./libraries/Wire/Wire.o
                0x0000000008007f3a                TwoWire::set_sda(bool)
 .text._ZN7TwoWire5beginEh
                0x0000000008007f52       0x3e build/./libraries/Wire/Wire.o
                0x0000000008007f52                TwoWire::begin(unsigned char)
 .text._ZN7TwoWire9i2c_startEv
                0x0000000008007f90       0x16 build/./libraries/Wire/Wire.o
                0x0000000008007f90                TwoWire::i2c_start()
 .text._ZN7TwoWire8i2c_stopEv
                0x0000000008007fa6       0x1e build/./libraries/Wire/Wire.o
                0x0000000008007fa6                TwoWire::i2c_stop()
 .text._ZN7TwoWire11i2c_get_ackEv
                0x0000000008007fc4       0x34 build/./libraries/Wire/Wire.o
                0x0000000008007fc4                TwoWire::i2c_get_ack()
 .text._ZN7TwoWire12i2c_send_ackEv
                0x0000000008007ff8       0x1e build/./libraries/Wire/Wire.o
                0x0000000008007ff8                TwoWire::i2c_send_ack()
 .text._ZN7TwoWire13i2c_send_nackEv
                0x0000000008008016       0x1e build/./libraries/Wire/Wire.o
                0x0000000008008016                TwoWire::i2c_send_nack()
 .text._ZN7TwoWire12i2c_shift_inEv
                0x0000000008008034       0x36 build/./libraries/Wire/Wire.o
                0x0000000008008034                TwoWire::i2c_shift_in()
 .text._ZN7TwoWire13i2c_shift_outEh
                0x000000000800806a       0x2e build/./libraries/Wire/Wire.o
                0x000000000800806a                TwoWire::i2c_shift_out(unsigned char)
 .text._ZN7TwoWire7processEv
                0x0000000008008098       0x96 build/./libraries/Wire/Wire.o
                0x0000000008008098                TwoWire::process()
 *fill*         0x000000000800812e        0x2 
 .text.startup._GLOBAL__sub_I__ZN7TwoWire7set_sclEb
                0x0000000008008130       0x30 build/./libraries/Wire/Wire.o
 .text.__exc_svc
                0x0000000008008160       0x24 build/./libraries/FreeRTOS/utility/port.o
                0x0000000008008160                __exc_svc
 .text.__exc_pendsv
                0x0000000008008184       0x40 build/./libraries/FreeRTOS/utility/port.o
                0x0000000008008184                __exc_pendsv
 .text.vTaskSwitchContext
                0x00000000080081c4       0xf0 build/./libraries/FreeRTOS/utility/tasks.o
                0x00000000080081c4                vTaskSwitchContext
 .text.vApplicationStackOverflowHook
                0x00000000080082b4        0x2 build/./libraries/FreeRTOS/MapleFreeRTOS.o
                0x00000000080082b4                vApplicationStackOverflowHook
 *fill*         0x00000000080082b6        0x2 
 .text._Z5setupv
                0x00000000080082b8       0x4c build/main.o
                0x00000000080082b8                setup()
 .text.startup._Z7premainv
                0x0000000008008304        0x4 build/main.o
                0x0000000008008304                premain()
 .text.startup.main
                0x0000000008008308        0xe build/main.o
                0x0000000008008308                main
 *fill*         0x0000000008008316        0x2 
 .text.__aeabi_atexit
                0x0000000008008318        0xc /usr/bin/../lib/gcc/arm-none-eabi/4.9.3/../../../../arm-none-eabi/lib/armv7-m/libstdc++.a(atexit_arm.o)
                0x0000000008008318                __aeabi_atexit
 .text.__cxa_atexit
                0x0000000008008324       0x14 /usr/bin/../lib/gcc/arm-none-eabi/4.9.3/../../../../arm-none-eabi/lib/armv7-m/libc.a(lib_a-cxa_atexit.o)
                0x0000000008008324                __cxa_atexit
 .text.memcmp   0x0000000008008338       0x64 /usr/bin/../lib/gcc/arm-none-eabi/4.9.3/../../../../arm-none-eabi/lib/armv7-m/libc.a(lib_a-memcmp.o)
                0x0000000008008338                memcmp
 .text.strlen   0x000000000800839c       0x5c /usr/bin/../lib/gcc/arm-none-eabi/4.9.3/../../../../arm-none-eabi/lib/armv7-m/libc.a(lib_a-strlen.o)
                0x000000000800839c                strlen
 *(.plt)
 *(.gnu.warning)
 *(.glue_7t)
 .glue_7t       0x0000000000000000        0x0 linker stubs
 *(.glue_7)
 .glue_7        0x0000000000000000        0x0 linker stubs
 *(.vfp11_veneer)
 .vfp11_veneer  0x0000000000000000        0x0 linker stubs
 *(.ARM.extab* .gnu.linkonce.armextab.*)
 *(.gcc_except_table)
 *(.eh_frame_hdr)
 *(.eh_frame)
 .eh_frame      0x00000000080083f8        0x0 /usr/bin/../lib/gcc/arm-none-eabi/4.9.3/armv7-m/crtbegin.o
                0x00000000080083f8                . = ALIGN (0x4)
 *(.init)
 .init          0x00000000080083f8        0x4 /usr/bin/../lib/gcc/arm-none-eabi/4.9.3/armv7-m/crti.o
                0x00000000080083f8                _init
 .init          0x00000000080083fc        0x8 /usr/bin/../lib/gcc/arm-none-eabi/4.9.3/armv7-m/crtn.o
                0x0000000008008404                . = ALIGN (0x4)
                0x0000000008008404                __preinit_array_start = .
 *(.preinit_array)
                0x0000000008008404                __preinit_array_end = .
                0x0000000008008404                . = ALIGN (0x4)
                0x0000000008008404                __init_array_start = .
 *(SORT(.init_array.*))
 .init_array.00000
                0x0000000008008404        0x4 /usr/bin/../lib/gcc/arm-none-eabi/4.9.3/../../../../arm-none-eabi/lib/armv7-m/libc.a(lib_a-__call_atexit.o)
 *(.init_array)
 .init_array    0x0000000008008408        0x4 /usr/bin/../lib/gcc/arm-none-eabi/4.9.3/armv7-m/crtbegin.o
 .init_array    0x000000000800840c        0x4 build/./wirish/HardwareSerial.o
 .init_array    0x0000000008008410        0x4 build/./wirish/HardwareTimer.o
 .init_array    0x0000000008008414        0x4 build/./wirish/usb_serial.o
 .init_array    0x0000000008008418        0x4 build/./wirish/boards/maple/board.o
 .init_array    0x000000000800841c        0x4 build/./libraries/Wire/Wire.o
 .init_array    0x0000000008008420        0x4 build/main.o
                0x0000000008008424                __init_array_end = .
                0x0000000008008424                . = ALIGN (0x4)
 *crtbegin.o(.ctors)
 *(EXCLUDE_FILE(*crtend.o) .ctors)
 *(SORT(.ctors.*))
 *crtend.o(.ctors)
                0x0000000008008424                . = ALIGN (0x4)
 *(.fini)
 .fini          0x0000000008008424        0x4 /usr/bin/../lib/gcc/arm-none-eabi/4.9.3/armv7-m/crti.o
                0x0000000008008424                _fini
 .fini          0x0000000008008428        0x8 /usr/bin/../lib/gcc/arm-none-eabi/4.9.3/armv7-m/crtn.o
                0x0000000008008430                . = ALIGN (0x4)
                0x0000000008008430                __fini_array_start = .
 *(.fini_array)
 .fini_array    0x0000000008008430        0x4 /usr/bin/../lib/gcc/arm-none-eabi/4.9.3/armv7-m/crtbegin.o
 *(SORT(.fini_array.*))
                0x0000000008008434                __fini_array_end = .
 *crtbegin.o(.dtors)
 *(EXCLUDE_FILE(*crtend.o) .dtors)
 *(SORT(.dtors.*))
 *crtend.o(.dtors)

.v4_bx          0x0000000008008434        0x0
 .v4_bx         0x0000000000000000        0x0 linker stubs

.iplt           0x0000000008008434        0x0
 .iplt          0x0000000000000000        0x0 /usr/bin/../lib/gcc/arm-none-eabi/4.9.3/armv7-m/crtbegin.o

.text.align     0x0000000008008434        0x4
                0x0000000008008438                . = ALIGN (0x8)
 *fill*         0x0000000008008434        0x4 
                0x0000000008008438                __text_end__ = .
                0x0000000008008438                __exidx_start = .

.ARM.exidx      0x0000000008008438        0x8
 *(.ARM.exidx* .gnu.linkonce.armexidx.*)
 .ARM.exidx     0x0000000008008438        0x8 build/./wirish/start.o
 .ARM.exidx.text.__aeabi_atexit
                0x0000000008008440        0x0 /usr/bin/../lib/gcc/arm-none-eabi/4.9.3/../../../../arm-none-eabi/lib/armv7-m/libstdc++.a(atexit_arm.o)
                                          0x8 (size before relaxing)
                0x0000000008008440                __exidx_end = .

.data           0x0000000020000c00      0xb48 load address 0x0000000008008440
                0x0000000020000c00                . = ALIGN (0x8)
                0x0000000020000c00                __data_start__ = .
 *(.got.plt)
 *(.got)
 *(.data .data.* .gnu.linkonce.d.*)
 .data          0x0000000020000c00        0x4 /usr/bin/../lib/gcc/arm-none-eabi/4.9.3/armv7-m/crtbegin.o
                0x0000000020000c00                __dso_handle
 *fill*         0x0000000020000c04        0x4 
 .data.impure_data
                0x0000000020000c08      0x428 /usr/bin/../lib/gcc/arm-none-eabi/4.9.3/../../../../arm-none-eabi/lib/armv7-m/libc.a(lib_a-impure.o)
 .data.timer3   0x0000000020001030       0x24 build/./libmaple/timer.o
 .data.timer4   0x0000000020001054       0x24 build/./libmaple/timer.o
 .data.TIMER1   0x0000000020001078        0x4 build/./libmaple/timer.o
                0x0000000020001078                TIMER1
 .data.TIMER2   0x000000002000107c        0x4 build/./libmaple/timer.o
                0x000000002000107c                TIMER2
 .data.TIMER3   0x0000000020001080        0x4 build/./libmaple/timer.o
                0x0000000020001080                TIMER3
 .data.TIMER4   0x0000000020001084        0x4 build/./libmaple/timer.o
                0x0000000020001084                TIMER4
 .data.timer1   0x0000000020001088       0x28 build/./libmaple/timer.o
 .data.timer2   0x00000000200010b0       0x24 build/./libmaple/timer.o
 .data.USBLIB   0x00000000200010d4        0x4 build/./libmaple/usb/stm32f1/usb.o
                0x00000000200010d4                USBLIB
 .data.usblib   0x00000000200010d8       0x10 build/./libmaple/usb/stm32f1/usb.o
 .data.Config_Descriptor
                0x00000000200010e8        0x8 build/./libmaple/usb/stm32f1/usb_cdcacm.o
 .data.Device_Property
                0x00000000200010f0       0x30 build/./libmaple/usb/stm32f1/usb_cdcacm.o
                0x00000000200010f0                Device_Property
 .data.ep_int_in
                0x0000000020001120       0x1c build/./libmaple/usb/stm32f1/usb_cdcacm.o
 .data.String_Descriptor
                0x000000002000113c       0x18 build/./libmaple/usb/stm32f1/usb_cdcacm.o
 .data.ep_int_out
                0x0000000020001154       0x1c build/./libmaple/usb/stm32f1/usb_cdcacm.o
 .data.line_coding
                0x0000000020001170        0x7 build/./libmaple/usb/stm32f1/usb_cdcacm.o
 *fill*         0x0000000020001177        0x1 
 .data.User_Standard_Requests
                0x0000000020001178       0x24 build/./libmaple/usb/stm32f1/usb_cdcacm.o
                0x0000000020001178                User_Standard_Requests
 .data.Device_Descriptor
                0x000000002000119c        0x8 build/./libmaple/usb/stm32f1/usb_cdcacm.o
 .data.Device_Table
                0x00000000200011a4        0x2 build/./libmaple/usb/stm32f1/usb_cdcacm.o
                0x00000000200011a4                Device_Table
 *fill*         0x00000000200011a6        0x2 
 .data.adc1     0x00000000200011a8        0x8 build/./libmaple/stm32f1/adc.o
 .data.adc2     0x00000000200011b0        0x8 build/./libmaple/stm32f1/adc.o
 .data.ADC1     0x00000000200011b8        0x4 build/./libmaple/stm32f1/adc.o
                0x00000000200011b8                ADC1
 .data.ADC2     0x00000000200011bc        0x4 build/./libmaple/stm32f1/adc.o
                0x00000000200011bc                ADC2
 .data.dma1     0x00000000200011c0       0x40 build/./libmaple/stm32f1/dma.o
 .data.DMA1     0x0000000020001200        0x4 build/./libmaple/stm32f1/dma.o
                0x0000000020001200                DMA1
 .data.gpioa    0x0000000020001204        0x8 build/./libmaple/stm32f1/gpio.o
                0x0000000020001204                gpioa
 .data.gpiob    0x000000002000120c        0x8 build/./libmaple/stm32f1/gpio.o
                0x000000002000120c                gpiob
 .data.gpioc    0x0000000020001214        0x8 build/./libmaple/stm32f1/gpio.o
                0x0000000020001214                gpioc
 .data.gpiod    0x000000002000121c        0x8 build/./libmaple/stm32f1/gpio.o
                0x000000002000121c                gpiod
 .data.i2c1     0x0000000020001224       0x38 build/./libmaple/stm32f1/i2c.o
 .data.i2c2     0x000000002000125c       0x38 build/./libmaple/stm32f1/i2c.o
 .data.reset_regs.4355
                0x0000000020001294        0x8 build/./libmaple/stm32f1/rcc.o
 .data.enable_regs.4351
                0x000000002000129c        0xc build/./libmaple/stm32f1/rcc.o
 .data.USART1   0x00000000200012a8        0x4 build/./libmaple/stm32f1/usart.o
                0x00000000200012a8                USART1
 .data.USART2   0x00000000200012ac        0x4 build/./libmaple/stm32f1/usart.o
                0x00000000200012ac                USART2
 .data.USART3   0x00000000200012b0        0x4 build/./libmaple/stm32f1/usart.o
                0x00000000200012b0                USART3
 .data.usart1   0x00000000200012b4       0x94 build/./libmaple/stm32f1/usart.o
 .data.usart2   0x0000000020001348       0x94 build/./libmaple/stm32f1/usart.o
 .data.usart3   0x00000000200013dc       0x94 build/./libmaple/stm32f1/usart.o
 .data._ZN6wirish4privL8pll_dataE
                0x0000000020001470        0x4 build/./wirish/stm32f1/boards_setup.o
 .data._ZN6wirish4priv9w_adc_smpE
                0x0000000020001474        0x1 build/./wirish/stm32f1/boards_setup.o
                0x0000000020001474                wirish::priv::w_adc_smp
 *fill*         0x0000000020001475        0x1 
 .data._ZN6wirish4priv9w_adc_preE
                0x0000000020001476        0x2 build/./wirish/stm32f1/boards_setup.o
                0x0000000020001476                wirish::priv::w_adc_pre
 .data._ZN6wirish4priv15w_board_pll_cfgE
                0x0000000020001478        0x8 build/./wirish/stm32f1/boards_setup.o
                0x0000000020001478                wirish::priv::w_board_pll_cfg
 .data.PIN_MAP  0x0000000020001480      0x2c0 build/./wirish/boards/maple/board.o
                0x0000000020001480                PIN_MAP
 .data.uxPreviousTask
                0x0000000020001740        0x4 build/./libraries/FreeRTOS/utility/tasks.o
                0x0000000020001748                . = ALIGN (0x8)
 *fill*         0x0000000020001744        0x4 
                0x0000000020001748                __data_end__ = .

.jcr            0x0000000020001748        0x0 load address 0x0000000008008f88
 .jcr           0x0000000020001748        0x0 /usr/bin/../lib/gcc/arm-none-eabi/4.9.3/armv7-m/crtbegin.o

.igot.plt       0x0000000020001748        0x0 load address 0x0000000008008f88
 .igot.plt      0x0000000000000000        0x0 /usr/bin/../lib/gcc/arm-none-eabi/4.9.3/armv7-m/crtbegin.o

.rodata         0x0000000008008f88      0x3e4
 *(.rodata .rodata.* .gnu.linkonce.r.*)
 .rodata.str1.4
                0x0000000008008f88        0x4 /usr/bin/../lib/gcc/arm-none-eabi/4.9.3/../../../../arm-none-eabi/lib/armv7-m/libc.a(lib_a-impure.o)
                                          0x2 (size before relaxing)
 .rodata._global_impure_ptr
                0x0000000008008f8c        0x4 /usr/bin/../lib/gcc/arm-none-eabi/4.9.3/../../../../arm-none-eabi/lib/armv7-m/libc.a(lib_a-impure.o)
                0x0000000008008f8c                _global_impure_ptr
 .rodata.str1.1
                0x0000000008008f90       0x69 build/./libmaple/timer.o
 .rodata.str1.1
                0x0000000008008ff9       0x3f build/./libmaple/util.o
                                         0x42 (size before relaxing)
 .rodata.str1.1
                0x0000000008009038       0x4b build/./libmaple/i2c.o
                                         0x4d (size before relaxing)
 .rodata.str1.1
                0x0000000008009083       0x2f build/./libmaple/usb/stm32f1/usb.o
 .rodata.usbVcomDescriptor_iProduct
                0x00000000080090b2        0xc build/./libmaple/usb/stm32f1/usb_cdcacm.o
 .rodata.usbVcomDescriptor_iManufacturer
                0x00000000080090be       0x12 build/./libmaple/usb/stm32f1/usb_cdcacm.o
 .rodata.usbVcomDescriptor_Config
                0x00000000080090d0       0x43 build/./libmaple/usb/stm32f1/usb_cdcacm.o
 .rodata.usbVcomDescriptor_Device
                0x0000000008009113       0x12 build/./libmaple/usb/stm32f1/usb_cdcacm.o
 .rodata.usbVcomDescriptor_LangID
                0x0000000008009125        0x4 build/./libmaple/usb/stm32f1/usb_cdcacm.o
 *fill*         0x0000000008009129        0x3 
 .rodata.GPIOA  0x000000000800912c        0x4 build/./libmaple/stm32f1/gpio.o
                0x000000000800912c                GPIOA
 .rodata.GPIOB  0x0000000008009130        0x4 build/./libmaple/stm32f1/gpio.o
                0x0000000008009130                GPIOB
 .rodata.GPIOC  0x0000000008009134        0x4 build/./libmaple/stm32f1/gpio.o
                0x0000000008009134                GPIOC
 .rodata.GPIOD  0x0000000008009138        0x4 build/./libmaple/stm32f1/gpio.o
                0x0000000008009138                GPIOD
 .rodata.str1.1
                0x000000000800913c       0x6d build/./libmaple/stm32f1/rcc.o
 *fill*         0x00000000080091a9        0x3 
 .rodata.masks.4360
                0x00000000080091ac       0x14 build/./libmaple/stm32f1/rcc.o
 .rodata.rcc_dev_table
                0x00000000080091c0       0x5c build/./libmaple/stm32f1/rcc.o
                0x00000000080091c0                rcc_dev_table
 .rodata.str1.1
                0x000000000800921c       0x25 build/./libmaple/stm32f1/usart.o
 .rodata.str1.1
                0x0000000008009241       0x3f build/./wirish/HardwareSerial.o
 .rodata._ZTV14HardwareSerial
                0x0000000008009280       0x14 build/./wirish/HardwareSerial.o
                0x0000000008009280                vtable for HardwareSerial
 .rodata.str1.1
                0x0000000008009294       0x2b build/./wirish/HardwareTimer.o
 .rodata.str1.1
                0x00000000080092bf       0x21 build/./wirish/pwm.o
 .rodata.str1.1
                0x00000000080092e0       0x16 build/./wirish/usb_serial.o
                                         0x18 (size before relaxing)
 *fill*         0x00000000080092f6        0x2 
 .rodata._ZTV9USBSerial
                0x00000000080092f8       0x14 build/./wirish/usb_serial.o
                0x00000000080092f8                vtable for USBSerial
 .rodata.str1.1
                0x000000000800930c       0x22 build/./wirish/stm32f1/wirish_digital.o
                                         0x24 (size before relaxing)
 *fill*         0x000000000800932e        0x2 
 .rodata._ZTV7TwoWire
                0x0000000008009330       0x10 build/./libraries/Wire/Wire.o
                0x0000000008009330                vtable for TwoWire
 .rodata.ucExpectedStackBytes.5986
                0x0000000008009340       0x14 build/./libraries/FreeRTOS/utility/tasks.o
 .rodata.str1.1
                0x0000000008009354       0x14 build/main.o
 *(.USER_FLASH)
                0x0000000008009368                . = ALIGN (0x4)
                0x0000000008009368                _lm_rom_img_cfgp = .
                0x0000000008009368        0x4 LONG 0x8008440 LOADADDR (.data)
                0x00000000200019f0                _lm_heap_start = DEFINED (_lm_heap_start)?_lm_heap_start:_end
                0x0000000020005000                _lm_heap_end = DEFINED (_lm_heap_end)?_lm_heap_end:__msp_init

.rel.dyn        0x000000000800936c        0x0
 .rel.iplt      0x0000000000000000        0x0 /usr/bin/../lib/gcc/arm-none-eabi/4.9.3/armv7-m/crtbegin.o

.bss            0x0000000020001748      0x2a8
                0x0000000020001748                . = ALIGN (0x8)
                0x0000000020001748                __bss_start__ = .
 *(.bss .bss.* .gnu.linkonce.b.*)
 .bss           0x0000000020001748       0x1c /usr/bin/../lib/gcc/arm-none-eabi/4.9.3/armv7-m/crtbegin.o
 .bss.exti_channels
                0x0000000020001764       0x80 build/./libmaple/exti.o
 .bss.systick_user_callback
                0x00000000200017e4        0x4 build/./libmaple/systick.o
 .bss.n_unsent_bytes
                0x00000000200017e8        0x4 build/./libmaple/usb/stm32f1/usb_cdcacm.o
 .bss.rx_hook   0x00000000200017ec        0x4 build/./libmaple/usb/stm32f1/usb_cdcacm.o
 .bss.vcomBufferRx
                0x00000000200017f0       0x40 build/./libmaple/usb/stm32f1/usb_cdcacm.o
 .bss.line_dtr_rts
                0x0000000020001830        0x1 build/./libmaple/usb/stm32f1/usb_cdcacm.o
 .bss.transmitting
                0x0000000020001831        0x1 build/./libmaple/usb/stm32f1/usb_cdcacm.o
 *fill*         0x0000000020001832        0x2 
 .bss.n_unread_bytes
                0x0000000020001834        0x4 build/./libmaple/usb/stm32f1/usb_cdcacm.o
 .bss.iface_setup_hook
                0x0000000020001838        0x4 build/./libmaple/usb/stm32f1/usb_cdcacm.o
 .bss.rx_offset
                0x000000002000183c        0x4 build/./libmaple/usb/stm32f1/usb_cdcacm.o
 .bss.Data_Mul_MaxPacketSize
                0x0000000020001840        0x1 build/./libmaple/usb/usb_lib/usb_core.o
                0x0000000020001840                Data_Mul_MaxPacketSize
 *fill*         0x0000000020001841        0x3 
 .bss.usart1_rb
                0x0000000020001844        0xc build/./libmaple/stm32f1/usart.o
 .bss.usart2_tx_rb
                0x0000000020001850        0xc build/./libmaple/stm32f1/usart.o
 .bss.usart2_rb
                0x000000002000185c        0xc build/./libmaple/stm32f1/usart.o
 .bss.usart3_rb
                0x0000000020001868        0xc build/./libmaple/stm32f1/usart.o
 .bss.usart3_tx_rb
                0x0000000020001874        0xc build/./libmaple/stm32f1/usart.o
 .bss.usart1_tx_rb
                0x0000000020001880        0xc build/./libmaple/stm32f1/usart.o
 .bss.Serial1   0x000000002000188c        0xc build/./wirish/HardwareSerial.o
                0x000000002000188c                Serial1
 .bss.Serial2   0x0000000020001898        0xc build/./wirish/HardwareSerial.o
                0x0000000020001898                Serial2
 .bss.Serial3   0x00000000200018a4        0xc build/./wirish/HardwareSerial.o
                0x00000000200018a4                Serial3
 .bss.Timer1    0x00000000200018b0        0x4 build/./wirish/HardwareTimer.o
                0x00000000200018b0                Timer1
 .bss.Timer2    0x00000000200018b4        0x4 build/./wirish/HardwareTimer.o
                0x00000000200018b4                Timer2
 .bss.Timer3    0x00000000200018b8        0x4 build/./wirish/HardwareTimer.o
                0x00000000200018b8                Timer3
 .bss.Timer4    0x00000000200018bc        0x4 build/./wirish/HardwareTimer.o
                0x00000000200018bc                Timer4
 .bss._ZL7this_id
                0x00000000200018c0        0x1 build/./wirish/HardwareTimer.o
 *fill*         0x00000000200018c1        0x3 
 .bss._ZL9this_devp
                0x00000000200018c4        0x4 build/./wirish/HardwareTimer.o
 .bss._ZL11reset_state
                0x00000000200018c8        0x1 build/./wirish/usb_serial.o
 *fill*         0x00000000200018c9        0x3 
 .bss.SerialUSB
                0x00000000200018cc        0x4 build/./wirish/usb_serial.o
                0x00000000200018cc                SerialUSB
 .bss.Wire      0x00000000200018d0       0x58 build/./libraries/Wire/Wire.o
                0x00000000200018d0                Wire
 .bss.uxTopReadyPriority
                0x0000000020001928        0x4 build/./libraries/FreeRTOS/utility/tasks.o
 .bss.xTickCount
                0x000000002000192c        0x4 build/./libraries/FreeRTOS/utility/tasks.o
 .bss.pxReadyTasksLists
                0x0000000020001930       0x64 build/./libraries/FreeRTOS/utility/tasks.o
 .bss.xTracing  0x0000000020001994        0x4 build/./libraries/FreeRTOS/utility/tasks.o
 .bss.xMissedYield
                0x0000000020001998        0x4 build/./libraries/FreeRTOS/utility/tasks.o
 .bss.pcTraceBuffer
                0x000000002000199c        0x4 build/./libraries/FreeRTOS/utility/tasks.o
 .bss.pxCurrentTCB
                0x00000000200019a0        0x4 build/./libraries/FreeRTOS/utility/tasks.o
                0x00000000200019a0                pxCurrentTCB
 .bss.uxSchedulerSuspended
                0x00000000200019a4        0x4 build/./libraries/FreeRTOS/utility/tasks.o
 .bss.pcTraceBufferEnd
                0x00000000200019a8        0x4 build/./libraries/FreeRTOS/utility/tasks.o
 *(COMMON)
 COMMON         0x00000000200019ac        0x4 build/./libmaple/systick.o
                0x00000000200019ac                systick_uptime_millis
 COMMON         0x00000000200019b0        0x6 build/./libmaple/usb/stm32f1/usb.o
                0x00000000200019b0                SaveRState
                0x00000000200019b2                SaveTState
                0x00000000200019b4                ResumeS
 COMMON         0x00000000200019b6        0x2 build/./libmaple/usb/usb_lib/usb_core.o
                0x00000000200019b6                StatusInfo
 COMMON         0x00000000200019b8       0x32 build/./libmaple/usb/usb_lib/usb_init.o
                0x00000000200019b8                SaveState
                0x00000000200019bc                pProperty
                0x00000000200019c0                EPindex
                0x00000000200019c4                Device_Info
                0x00000000200019e0                pUser_Standard_Requests
                0x00000000200019e4                pInformation
                0x00000000200019e8                wInterrupt_Mask
                0x00000000200019f0                . = ALIGN (0x8)
 *fill*         0x00000000200019ea        0x6 
                0x00000000200019f0                __bss_end__ = .
                0x00000000200019f0                _end = __bss_end__

.stab
 *(.stab)

.stabstr
 *(.stabstr)

.debug
 *(.debug)

.line
 *(.line)

.debug_srcinfo
 *(.debug_srcinfo)

.debug_sfnames
 *(.debug_sfnames)

.debug_aranges  0x0000000000000000     0x17d8
 *(.debug_aranges)
 .debug_aranges
                0x0000000000000000       0x38 build/./libmaple/adc.o
 .debug_aranges
                0x0000000000000038       0x40 build/./libmaple/dac.o
 .debug_aranges
                0x0000000000000078       0x28 build/./libmaple/dma.o
 .debug_aranges
                0x00000000000000a0       0x70 build/./libmaple/exti.o
 .debug_aranges
                0x0000000000000110       0x20 build/./libmaple/flash.o
 .debug_aranges
                0x0000000000000130       0x20 build/./libmaple/gpio.o
 .debug_aranges
                0x0000000000000150       0x28 build/./libmaple/iwdg.o
 .debug_aranges
                0x0000000000000178       0x38 build/./libmaple/nvic.o
 .debug_aranges
                0x00000000000001b0       0x20 build/./libmaple/pwr.o
 .debug_aranges
                0x00000000000001d0       0x48 build/./libmaple/rcc.o
 .debug_aranges
                0x0000000000000218       0x70 build/./libmaple/spi.o
 .debug_aranges
                0x0000000000000288       0x40 build/./libmaple/systick.o
 .debug_aranges
                0x00000000000002c8       0x58 build/./libmaple/timer.o
 .debug_aranges
                0x0000000000000320       0x58 build/./libmaple/usart.o
 .debug_aranges
                0x0000000000000378       0x20 build/./libmaple/usart_private.o
 .debug_aranges
                0x0000000000000398       0x50 build/./libmaple/util.o
 .debug_aranges
                0x00000000000003e8       0x88 build/./libmaple/i2c.o
 .debug_aranges
                0x0000000000000470       0x30 build/./libmaple/usb/stm32f1/usb.o
 .debug_aranges
                0x00000000000004a0       0x40 build/./libmaple/usb/stm32f1/usb_reg_map.o
 .debug_aranges
                0x00000000000004e0      0x110 build/./libmaple/usb/stm32f1/usb_cdcacm.o
 .debug_aranges
                0x00000000000005f0       0x98 build/./libmaple/usb/usb_lib/usb_core.o
 .debug_aranges
                0x0000000000000688       0x20 build/./libmaple/usb/usb_lib/usb_init.o
 .debug_aranges
                0x00000000000006a8       0x28 build/./libmaple/usb/usb_lib/usb_mem.o
 .debug_aranges
                0x00000000000006d0      0x1f0 build/./libmaple/usb/usb_lib/usb_regs.o
 .debug_aranges
                0x00000000000008c0       0x40 build/./libmaple/stm32f1/adc.o
 .debug_aranges
                0x0000000000000900       0x40 build/./libmaple/stm32f1/bkp.o
 .debug_aranges
                0x0000000000000940       0xa8 build/./libmaple/stm32f1/dma.o
 .debug_aranges
                0x00000000000009e8       0x20 build/./libmaple/stm32f1/exti.o
 .debug_aranges
                0x0000000000000a08       0x18 build/./libmaple/stm32f1/fsmc.o
 .debug_aranges
                0x0000000000000a20       0x38 build/./libmaple/stm32f1/gpio.o
 .debug_aranges
                0x0000000000000a58       0x50 build/./libmaple/stm32f1/i2c.o
 .debug_aranges
                0x0000000000000aa8       0x40 build/./libmaple/stm32f1/rcc.o
 .debug_aranges
                0x0000000000000ae8       0x28 build/./libmaple/stm32f1/spi.o
 .debug_aranges
                0x0000000000000b10       0x50 build/./libmaple/stm32f1/timer.o
 .debug_aranges
                0x0000000000000b60       0x50 build/./libmaple/stm32f1/usart.o
 .debug_aranges
                0x0000000000000bb0       0x20 build/./wirish/start_c.o
 .debug_aranges
                0x0000000000000bd0       0x88 build/./wirish/syscalls.o
 .debug_aranges
                0x0000000000000c58       0x30 build/./wirish/stm32f1/util_hooks.o
 .debug_aranges
                0x0000000000000c88       0x40 build/./wirish/boards.o
 .debug_aranges
                0x0000000000000cc8       0x20 build/./wirish/cxxabi-compat.o
 .debug_aranges
                0x0000000000000ce8       0x38 build/./wirish/ext_interrupts.o
 .debug_aranges
                0x0000000000000d20       0x58 build/./wirish/HardwareSerial.o
 .debug_aranges
                0x0000000000000d78       0xa8 build/./wirish/HardwareTimer.o
 .debug_aranges
                0x0000000000000e20       0xe0 build/./wirish/Print.o
 .debug_aranges
                0x0000000000000f00       0x20 build/./wirish/pwm.o
 .debug_aranges
                0x0000000000000f20       0xa0 build/./wirish/usb_serial.o
 .debug_aranges
                0x0000000000000fc0       0xc8 build/./wirish/HardwareSPI.o
 .debug_aranges
                0x0000000000001088       0x20 build/./wirish/wirish_analog.o
 .debug_aranges
                0x00000000000010a8       0x40 build/./wirish/wirish_digital.o
 .debug_aranges
                0x00000000000010e8       0x30 build/./wirish/wirish_math.o
 .debug_aranges
                0x0000000000001118       0x20 build/./wirish/wirish_shift.o
 .debug_aranges
                0x0000000000001138       0x28 build/./wirish/wirish_time.o
 .debug_aranges
                0x0000000000001160       0x40 build/./wirish/stm32f1/boards_setup.o
 .debug_aranges
                0x00000000000011a0       0x20 build/./wirish/stm32f1/wirish_digital.o
 .debug_aranges
                0x00000000000011c0       0x28 build/./wirish/stm32f1/wirish_debug.o
 .debug_aranges
                0x00000000000011e8       0x20 build/./wirish/boards/maple/board.o
 .debug_aranges
                0x0000000000001208       0x58 build/./libraries/Servo/Servo.o
 .debug_aranges
                0x0000000000001260       0xf8 build/./libraries/LiquidCrystal/LiquidCrystal.o
 .debug_aranges
                0x0000000000001358       0x80 build/./libraries/Wire/WireBase.o
 .debug_aranges
                0x00000000000013d8       0x30 build/./libraries/Wire/HardWire.o
 .debug_aranges
                0x0000000000001408       0x88 build/./libraries/Wire/Wire.o
 .debug_aranges
                0x0000000000001490       0x38 build/./libraries/FreeRTOS/utility/croutine.o
 .debug_aranges
                0x00000000000014c8       0x38 build/./libraries/FreeRTOS/utility/heap_2.o
 .debug_aranges
                0x0000000000001500       0x40 build/./libraries/FreeRTOS/utility/list.o
 .debug_aranges
                0x0000000000001540       0x68 build/./libraries/FreeRTOS/utility/port.o
 .debug_aranges
                0x00000000000015a8       0xa0 build/./libraries/FreeRTOS/utility/queue.o
 .debug_aranges
                0x0000000000001648       0x18 build/./libraries/FreeRTOS/utility/timers.o
 .debug_aranges
                0x0000000000001660      0x120 build/./libraries/FreeRTOS/utility/tasks.o
 .debug_aranges
                0x0000000000001780       0x20 build/./libraries/FreeRTOS/MapleFreeRTOS.o
 .debug_aranges
                0x00000000000017a0       0x38 build/main.o

.debug_pubnames
 *(.debug_pubnames)

.debug_info     0x0000000000000000    0x2dbda
 *(.debug_info .gnu.linkonce.wi.*)
 .debug_info    0x0000000000000000      0x5b3 build/./libmaple/adc.o
 .debug_info    0x00000000000005b3      0x658 build/./libmaple/dac.o
 .debug_info    0x0000000000000c0b      0x7a1 build/./libmaple/dma.o
 .debug_info    0x00000000000013ac      0xf9c build/./libmaple/exti.o
 .debug_info    0x0000000000002348      0x124 build/./libmaple/flash.o
 .debug_info    0x000000000000246c      0x31b build/./libmaple/gpio.o
 .debug_info    0x0000000000002787      0x163 build/./libmaple/iwdg.o
 .debug_info    0x00000000000028ea      0x5d0 build/./libmaple/nvic.o
 .debug_info    0x0000000000002eba      0x1f6 build/./libmaple/pwr.o
 .debug_info    0x00000000000030b0      0x583 build/./libmaple/rcc.o
 .debug_info    0x0000000000003633      0xb05 build/./libmaple/spi.o
 .debug_info    0x0000000000004138      0x185 build/./libmaple/systick.o
 .debug_info    0x00000000000042bd     0x141f build/./libmaple/timer.o
 .debug_info    0x00000000000056dc      0xc7d build/./libmaple/usart.o
 .debug_info    0x0000000000006359      0x5a9 build/./libmaple/usart_private.o
 .debug_info    0x0000000000006902      0xb38 build/./libmaple/util.o
 .debug_info    0x000000000000743a     0x1911 build/./libmaple/i2c.o
 .debug_info    0x0000000000008d4b      0xe19 build/./libmaple/usb/stm32f1/usb.o
 .debug_info    0x0000000000009b64      0x4cc build/./libmaple/usb/stm32f1/usb_reg_map.o
 .debug_info    0x000000000000a030     0x229b build/./libmaple/usb/stm32f1/usb_cdcacm.o
 .debug_info    0x000000000000c2cb      0xf01 build/./libmaple/usb/usb_lib/usb_core.o
 .debug_info    0x000000000000d1cc      0x457 build/./libmaple/usb/usb_lib/usb_init.o
 .debug_info    0x000000000000d623      0x191 build/./libmaple/usb/usb_lib/usb_mem.o
 .debug_info    0x000000000000d7b4      0xd82 build/./libmaple/usb/usb_lib/usb_regs.o
 .debug_info    0x000000000000e536      0xa14 build/./libmaple/stm32f1/adc.o
 .debug_info    0x000000000000ef4a      0x579 build/./libmaple/stm32f1/bkp.o
 .debug_info    0x000000000000f4c3     0x1d9e build/./libmaple/stm32f1/dma.o
 .debug_info    0x0000000000011261      0x211 build/./libmaple/stm32f1/exti.o
 .debug_info    0x0000000000011472       0x21 build/./libmaple/stm32f1/fsmc.o
 .debug_info    0x0000000000011493      0x690 build/./libmaple/stm32f1/gpio.o
 .debug_info    0x0000000000011b23      0xcb4 build/./libmaple/stm32f1/i2c.o
 .debug_info    0x00000000000127d7      0xafe build/./libmaple/stm32f1/rcc.o
 .debug_info    0x00000000000132d5      0x7ce build/./libmaple/stm32f1/spi.o
 .debug_info    0x0000000000013aa3      0xd67 build/./libmaple/stm32f1/timer.o
 .debug_info    0x000000000001480a      0xbba build/./libmaple/stm32f1/usart.o
 .debug_info    0x00000000000153c4      0x18e build/./wirish/start_c.o
 .debug_info    0x0000000000015552      0x639 build/./wirish/syscalls.o
 .debug_info    0x0000000000015b8b     0x106a build/./wirish/stm32f1/util_hooks.o
 .debug_info    0x0000000000016bf5     0x132f build/./wirish/boards.o
 .debug_info    0x0000000000017f24       0x42 build/./wirish/cxxabi-compat.o
 .debug_info    0x0000000000017f66      0xc3d build/./wirish/ext_interrupts.o
 .debug_info    0x0000000000018ba3     0x1674 build/./wirish/HardwareSerial.o
 .debug_info    0x000000000001a217     0x1ada build/./wirish/HardwareTimer.o
 .debug_info    0x000000000001bcf1     0x1185 build/./wirish/Print.o
 .debug_info    0x000000000001ce76      0xa03 build/./wirish/pwm.o
 .debug_info    0x000000000001d879     0x1390 build/./wirish/usb_serial.o
 .debug_info    0x000000000001ec09     0x1f51 build/./wirish/HardwareSPI.o
 .debug_info    0x0000000000020b5a      0x935 build/./wirish/wirish_analog.o
 .debug_info    0x000000000002148f      0xbfa build/./wirish/wirish_digital.o
 .debug_info    0x0000000000022089      0x198 build/./wirish/wirish_math.o
 .debug_info    0x0000000000022221      0x1c5 build/./wirish/wirish_shift.o
 .debug_info    0x00000000000223e6      0x170 build/./wirish/wirish_time.o
 .debug_info    0x0000000000022556      0x7c1 build/./wirish/stm32f1/boards_setup.o
 .debug_info    0x0000000000022d17      0xa88 build/./wirish/stm32f1/wirish_digital.o
 .debug_info    0x000000000002379f      0x1d9 build/./wirish/stm32f1/wirish_debug.o
 .debug_info    0x0000000000023978      0xcae build/./wirish/boards/maple/board.o
 .debug_info    0x0000000000024626     0x1318 build/./libraries/Servo/Servo.o
 .debug_info    0x000000000002593e     0x16fb build/./libraries/LiquidCrystal/LiquidCrystal.o
 .debug_info    0x0000000000027039      0xe68 build/./libraries/Wire/WireBase.o
 .debug_info    0x0000000000027ea1      0xaff build/./libraries/Wire/HardWire.o
 .debug_info    0x00000000000289a0     0x141e build/./libraries/Wire/Wire.o
 .debug_info    0x0000000000029dbe      0x737 build/./libraries/FreeRTOS/utility/croutine.o
 .debug_info    0x000000000002a4f5      0x313 build/./libraries/FreeRTOS/utility/heap_2.o
 .debug_info    0x000000000002a808      0x2b1 build/./libraries/FreeRTOS/utility/list.o
 .debug_info    0x000000000002aab9      0x224 build/./libraries/FreeRTOS/utility/port.o
 .debug_info    0x000000000002acdd      0xef4 build/./libraries/FreeRTOS/utility/queue.o
 .debug_info    0x000000000002bbd1       0x53 build/./libraries/FreeRTOS/utility/timers.o
 .debug_info    0x000000000002bc24     0x1aff build/./libraries/FreeRTOS/utility/tasks.o
 .debug_info    0x000000000002d723      0x100 build/./libraries/FreeRTOS/MapleFreeRTOS.o
 .debug_info    0x000000000002d823      0x3b7 build/main.o

.debug_abbrev   0x0000000000000000     0x9c63
 *(.debug_abbrev)
 .debug_abbrev  0x0000000000000000      0x21c build/./libmaple/adc.o
 .debug_abbrev  0x000000000000021c      0x210 build/./libmaple/dac.o
 .debug_abbrev  0x000000000000042c      0x1a4 build/./libmaple/dma.o
 .debug_abbrev  0x00000000000005d0      0x2e7 build/./libmaple/exti.o
 .debug_abbrev  0x00000000000008b7       0xa6 build/./libmaple/flash.o
 .debug_abbrev  0x000000000000095d      0x11a build/./libmaple/gpio.o
 .debug_abbrev  0x0000000000000a77       0xd2 build/./libmaple/iwdg.o
 .debug_abbrev  0x0000000000000b49      0x184 build/./libmaple/nvic.o
 .debug_abbrev  0x0000000000000ccd       0xc0 build/./libmaple/pwr.o
 .debug_abbrev  0x0000000000000d8d      0x195 build/./libmaple/rcc.o
 .debug_abbrev  0x0000000000000f22      0x2ba build/./libmaple/spi.o
 .debug_abbrev  0x00000000000011dc      0x113 build/./libmaple/systick.o
 .debug_abbrev  0x00000000000012ef      0x3c9 build/./libmaple/timer.o
 .debug_abbrev  0x00000000000016b8      0x32e build/./libmaple/usart.o
 .debug_abbrev  0x00000000000019e6      0x14b build/./libmaple/usart_private.o
 .debug_abbrev  0x0000000000001b31      0x2b8 build/./libmaple/util.o
 .debug_abbrev  0x0000000000001de9      0x443 build/./libmaple/i2c.o
 .debug_abbrev  0x000000000000222c      0x358 build/./libmaple/usb/stm32f1/usb.o
 .debug_abbrev  0x0000000000002584      0x224 build/./libmaple/usb/stm32f1/usb_reg_map.o
 .debug_abbrev  0x00000000000027a8      0x4e7 build/./libmaple/usb/stm32f1/usb_cdcacm.o
 .debug_abbrev  0x0000000000002c8f      0x415 build/./libmaple/usb/usb_lib/usb_core.o
 .debug_abbrev  0x00000000000030a4      0x105 build/./libmaple/usb/usb_lib/usb_init.o
 .debug_abbrev  0x00000000000031a9       0x97 build/./libmaple/usb/usb_lib/usb_mem.o
 .debug_abbrev  0x0000000000003240      0x214 build/./libmaple/usb/usb_lib/usb_regs.o
 .debug_abbrev  0x0000000000003454      0x27b build/./libmaple/stm32f1/adc.o
 .debug_abbrev  0x00000000000036cf      0x1d2 build/./libmaple/stm32f1/bkp.o
 .debug_abbrev  0x00000000000038a1      0x41e build/./libmaple/stm32f1/dma.o
 .debug_abbrev  0x0000000000003cbf       0xe2 build/./libmaple/stm32f1/exti.o
 .debug_abbrev  0x0000000000003da1       0x13 build/./libmaple/stm32f1/fsmc.o
 .debug_abbrev  0x0000000000003db4      0x1a5 build/./libmaple/stm32f1/gpio.o
 .debug_abbrev  0x0000000000003f59      0x22c build/./libmaple/stm32f1/i2c.o
 .debug_abbrev  0x0000000000004185      0x293 build/./libmaple/stm32f1/rcc.o
 .debug_abbrev  0x0000000000004418      0x168 build/./libmaple/stm32f1/spi.o
 .debug_abbrev  0x0000000000004580      0x1ad build/./libmaple/stm32f1/timer.o
 .debug_abbrev  0x000000000000472d      0x2e9 build/./libmaple/stm32f1/usart.o
 .debug_abbrev  0x0000000000004a16      0x126 build/./wirish/start_c.o
 .debug_abbrev  0x0000000000004b3c      0x1bb build/./wirish/syscalls.o
 .debug_abbrev  0x0000000000004cf7      0x2f1 build/./wirish/stm32f1/util_hooks.o
 .debug_abbrev  0x0000000000004fe8      0x3eb build/./wirish/boards.o
 .debug_abbrev  0x00000000000053d3       0x2f build/./wirish/cxxabi-compat.o
 .debug_abbrev  0x0000000000005402      0x241 build/./wirish/ext_interrupts.o
 .debug_abbrev  0x0000000000005643      0x4d4 build/./wirish/HardwareSerial.o
 .debug_abbrev  0x0000000000005b17      0x48b build/./wirish/HardwareTimer.o
 .debug_abbrev  0x0000000000005fa2      0x317 build/./wirish/Print.o
 .debug_abbrev  0x00000000000062b9      0x1f1 build/./wirish/pwm.o
 .debug_abbrev  0x00000000000064aa      0x507 build/./wirish/usb_serial.o
 .debug_abbrev  0x00000000000069b1      0x4d6 build/./wirish/HardwareSPI.o
 .debug_abbrev  0x0000000000006e87      0x167 build/./wirish/wirish_analog.o
 .debug_abbrev  0x0000000000006fee      0x2ae build/./wirish/wirish_digital.o
 .debug_abbrev  0x000000000000729c       0xe5 build/./wirish/wirish_math.o
 .debug_abbrev  0x0000000000007381       0xf0 build/./wirish/wirish_shift.o
 .debug_abbrev  0x0000000000007471       0xf0 build/./wirish/wirish_time.o
 .debug_abbrev  0x0000000000007561      0x216 build/./wirish/stm32f1/boards_setup.o
 .debug_abbrev  0x0000000000007777      0x1c0 build/./wirish/stm32f1/wirish_digital.o
 .debug_abbrev  0x0000000000007937      0x124 build/./wirish/stm32f1/wirish_debug.o
 .debug_abbrev  0x0000000000007a5b      0x161 build/./wirish/boards/maple/board.o
 .debug_abbrev  0x0000000000007bbc      0x415 build/./libraries/Servo/Servo.o
 .debug_abbrev  0x0000000000007fd1      0x347 build/./libraries/LiquidCrystal/LiquidCrystal.o
 .debug_abbrev  0x0000000000008318      0x2ea build/./libraries/Wire/WireBase.o
 .debug_abbrev  0x0000000000008602      0x29a build/./libraries/Wire/HardWire.o
 .debug_abbrev  0x000000000000889c      0x420 build/./libraries/Wire/Wire.o
 .debug_abbrev  0x0000000000008cbc      0x271 build/./libraries/FreeRTOS/utility/croutine.o
 .debug_abbrev  0x0000000000008f2d      0x1bf build/./libraries/FreeRTOS/utility/heap_2.o
 .debug_abbrev  0x00000000000090ec       0xea build/./libraries/FreeRTOS/utility/list.o
 .debug_abbrev  0x00000000000091d6      0x178 build/./libraries/FreeRTOS/utility/port.o
 .debug_abbrev  0x000000000000934e      0x29c build/./libraries/FreeRTOS/utility/queue.o
 .debug_abbrev  0x00000000000095ea       0x29 build/./libraries/FreeRTOS/utility/timers.o
 .debug_abbrev  0x0000000000009613      0x3ca build/./libraries/FreeRTOS/utility/tasks.o
 .debug_abbrev  0x00000000000099dd       0x8b build/./libraries/FreeRTOS/MapleFreeRTOS.o
 .debug_abbrev  0x0000000000009a68      0x1fb build/main.o

.debug_line     0x0000000000000000     0xb6dd
 *(.debug_line)
 .debug_line    0x0000000000000000      0x15c build/./libmaple/adc.o
 .debug_line    0x000000000000015c      0x170 build/./libmaple/dac.o
 .debug_line    0x00000000000002cc      0x13f build/./libmaple/dma.o
 .debug_line    0x000000000000040b      0x27c build/./libmaple/exti.o
 .debug_line    0x0000000000000687       0xac build/./libmaple/flash.o
 .debug_line    0x0000000000000733       0xe6 build/./libmaple/gpio.o
 .debug_line    0x0000000000000819       0x91 build/./libmaple/iwdg.o
 .debug_line    0x00000000000008aa      0x12b build/./libmaple/nvic.o
 .debug_line    0x00000000000009d5       0xf0 build/./libmaple/pwr.o
 .debug_line    0x0000000000000ac5      0x152 build/./libmaple/rcc.o
 .debug_line    0x0000000000000c17      0x21b build/./libmaple/spi.o
 .debug_line    0x0000000000000e32       0xd7 build/./libmaple/systick.o
 .debug_line    0x0000000000000f09      0x2ad build/./libmaple/timer.o
 .debug_line    0x00000000000011b6      0x22d build/./libmaple/usart.o
 .debug_line    0x00000000000013e3      0x125 build/./libmaple/usart_private.o
 .debug_line    0x0000000000001508      0x1f3 build/./libmaple/util.o
 .debug_line    0x00000000000016fb      0x6b1 build/./libmaple/i2c.o
 .debug_line    0x0000000000001dac      0x28f build/./libmaple/usb/stm32f1/usb.o
 .debug_line    0x000000000000203b      0x13d build/./libmaple/usb/stm32f1/usb_reg_map.o
 .debug_line    0x0000000000002178      0x5c2 build/./libmaple/usb/stm32f1/usb_cdcacm.o
 .debug_line    0x000000000000273a      0x372 build/./libmaple/usb/usb_lib/usb_core.o
 .debug_line    0x0000000000002aac       0xb7 build/./libmaple/usb/usb_lib/usb_init.o
 .debug_line    0x0000000000002b63       0xf1 build/./libmaple/usb/usb_lib/usb_mem.o
 .debug_line    0x0000000000002c54      0x541 build/./libmaple/usb/usb_lib/usb_regs.o
 .debug_line    0x0000000000003195      0x1b3 build/./libmaple/stm32f1/adc.o
 .debug_line    0x0000000000003348      0x172 build/./libmaple/stm32f1/bkp.o
 .debug_line    0x00000000000034ba      0x4e6 build/./libmaple/stm32f1/dma.o
 .debug_line    0x00000000000039a0      0x108 build/./libmaple/stm32f1/exti.o
 .debug_line    0x0000000000003aa8       0x8c build/./libmaple/stm32f1/fsmc.o
 .debug_line    0x0000000000003b34      0x13b build/./libmaple/stm32f1/gpio.o
 .debug_line    0x0000000000003c6f      0x1ff build/./libmaple/stm32f1/i2c.o
 .debug_line    0x0000000000003e6e      0x1c2 build/./libmaple/stm32f1/rcc.o
 .debug_line    0x0000000000004030      0x155 build/./libmaple/stm32f1/spi.o
 .debug_line    0x0000000000004185      0x1f5 build/./libmaple/stm32f1/timer.o
 .debug_line    0x000000000000437a      0x20c build/./libmaple/stm32f1/usart.o
 .debug_line    0x0000000000004586       0x81 build/./wirish/start_c.o
 .debug_line    0x0000000000004607      0x37f build/./wirish/syscalls.o
 .debug_line    0x0000000000004986      0x1e7 build/./wirish/stm32f1/util_hooks.o
 .debug_line    0x0000000000004b6d      0x2f7 build/./wirish/boards.o
 .debug_line    0x0000000000004e64       0x4b build/./wirish/cxxabi-compat.o
 .debug_line    0x0000000000004eaf      0x253 build/./wirish/ext_interrupts.o
 .debug_line    0x0000000000005102      0x2ee build/./wirish/HardwareSerial.o
 .debug_line    0x00000000000053f0      0x4a5 build/./wirish/HardwareTimer.o
 .debug_line    0x0000000000005895      0x44b build/./wirish/Print.o
 .debug_line    0x0000000000005ce0      0x1d4 build/./wirish/pwm.o
 .debug_line    0x0000000000005eb4      0x5b4 build/./wirish/usb_serial.o
 .debug_line    0x0000000000006468      0x644 build/./wirish/HardwareSPI.o
 .debug_line    0x0000000000006aac      0x1c7 build/./wirish/wirish_analog.o
 .debug_line    0x0000000000006c73      0x280 build/./wirish/wirish_digital.o
 .debug_line    0x0000000000006ef3      0x1e1 build/./wirish/wirish_math.o
 .debug_line    0x00000000000070d4      0x410 build/./wirish/wirish_shift.o
 .debug_line    0x00000000000074e4      0x1ff build/./wirish/wirish_time.o
 .debug_line    0x00000000000076e3      0x242 build/./wirish/stm32f1/boards_setup.o
 .debug_line    0x0000000000007925      0x209 build/./wirish/stm32f1/wirish_digital.o
 .debug_line    0x0000000000007b2e      0x136 build/./wirish/stm32f1/wirish_debug.o
 .debug_line    0x0000000000007c64      0x1d6 build/./wirish/boards/maple/board.o
 .debug_line    0x0000000000007e3a      0x455 build/./libraries/Servo/Servo.o
 .debug_line    0x000000000000828f      0x71e build/./libraries/LiquidCrystal/LiquidCrystal.o
 .debug_line    0x00000000000089ad      0x540 build/./libraries/Wire/WireBase.o
 .debug_line    0x0000000000008eed      0x48c build/./libraries/Wire/HardWire.o
 .debug_line    0x0000000000009379      0x5c2 build/./libraries/Wire/Wire.o
 .debug_line    0x000000000000993b      0x1bf build/./libraries/FreeRTOS/utility/croutine.o
 .debug_line    0x0000000000009afa      0x27c build/./libraries/FreeRTOS/utility/heap_2.o
 .debug_line    0x0000000000009d76      0x26f build/./libraries/FreeRTOS/utility/list.o
 .debug_line    0x0000000000009fe5      0x1ac build/./libraries/FreeRTOS/utility/port.o
 .debug_line    0x000000000000a191      0x450 build/./libraries/FreeRTOS/utility/queue.o
 .debug_line    0x000000000000a5e1      0x103 build/./libraries/FreeRTOS/utility/timers.o
 .debug_line    0x000000000000a6e4      0x719 build/./libraries/FreeRTOS/utility/tasks.o
 .debug_line    0x000000000000adfd      0x4ba build/./libraries/FreeRTOS/MapleFreeRTOS.o
 .debug_line    0x000000000000b2b7      0x426 build/main.o

.debug_frame    0x0000000000000000     0x42b4
 *(.debug_frame)
 .debug_frame   0x0000000000000000       0x28 /usr/bin/../lib/gcc/arm-none-eabi/4.9.3/../../../../arm-none-eabi/lib/armv7-m/libc.a(lib_a-exit.o)
 .debug_frame   0x0000000000000028       0x2c /usr/bin/../lib/gcc/arm-none-eabi/4.9.3/../../../../arm-none-eabi/lib/armv7-m/libc.a(lib_a-init.o)
 .debug_frame   0x0000000000000054       0x34 /usr/bin/../lib/gcc/arm-none-eabi/4.9.3/../../../../arm-none-eabi/lib/armv7-m/libc.a(lib_a-memset.o)
 .debug_frame   0x0000000000000088       0x50 /usr/bin/../lib/gcc/arm-none-eabi/4.9.3/../../../../arm-none-eabi/lib/armv7-m/libc.a(lib_a-__call_atexit.o)
 .debug_frame   0x00000000000000d8       0x20 /usr/bin/../lib/gcc/arm-none-eabi/4.9.3/../../../../arm-none-eabi/lib/armv7-m/libc.a(lib_a-atexit.o)
 .debug_frame   0x00000000000000f8       0x34 /usr/bin/../lib/gcc/arm-none-eabi/4.9.3/../../../../arm-none-eabi/lib/armv7-m/libc.a(lib_a-fini.o)
 .debug_frame   0x000000000000012c       0x34 /usr/bin/../lib/gcc/arm-none-eabi/4.9.3/../../../../arm-none-eabi/lib/armv7-m/libc.a(lib_a-__atexit.o)
 .debug_frame   0x0000000000000160       0x20 /usr/bin/../lib/gcc/arm-none-eabi/4.9.3/../../../../arm-none-eabi/lib/armv7-m/libnosys.a(_exit.o)
 .debug_frame   0x0000000000000180       0x68 build/./libmaple/adc.o
 .debug_frame   0x00000000000001e8       0x90 build/./libmaple/dac.o
 .debug_frame   0x0000000000000278       0x38 build/./libmaple/dma.o
 .debug_frame   0x00000000000002b0      0x128 build/./libmaple/exti.o
 .debug_frame   0x00000000000003d8       0x20 build/./libmaple/flash.o
 .debug_frame   0x00000000000003f8       0x2c build/./libmaple/gpio.o
 .debug_frame   0x0000000000000424       0x30 build/./libmaple/iwdg.o
 .debug_frame   0x0000000000000454       0x5c build/./libmaple/nvic.o
 .debug_frame   0x00000000000004b0       0x2c build/./libmaple/pwr.o
 .debug_frame   0x00000000000004dc       0x70 build/./libmaple/rcc.o
 .debug_frame   0x000000000000054c      0x100 build/./libmaple/spi.o
 .debug_frame   0x000000000000064c       0x60 build/./libmaple/systick.o
 .debug_frame   0x00000000000006ac       0xd0 build/./libmaple/timer.o
 .debug_frame   0x000000000000077c       0xd0 build/./libmaple/usart.o
 .debug_frame   0x000000000000084c       0x28 build/./libmaple/usart_private.o
 .debug_frame   0x0000000000000874       0xc8 build/./libmaple/util.o
 .debug_frame   0x000000000000093c      0x160 build/./libmaple/i2c.o
 .debug_frame   0x0000000000000a9c       0x64 build/./libmaple/usb/stm32f1/usb.o
 .debug_frame   0x0000000000000b00       0x7c build/./libmaple/usb/stm32f1/usb_reg_map.o
 .debug_frame   0x0000000000000b7c      0x278 build/./libmaple/usb/stm32f1/usb_cdcacm.o
 .debug_frame   0x0000000000000df4      0x1cc build/./libmaple/usb/usb_lib/usb_core.o
 .debug_frame   0x0000000000000fc0       0x20 build/./libmaple/usb/usb_lib/usb_init.o
 .debug_frame   0x0000000000000fe0       0x44 build/./libmaple/usb/usb_lib/usb_mem.o
 .debug_frame   0x0000000000001024      0x3d0 build/./libmaple/usb/usb_lib/usb_regs.o
 .debug_frame   0x00000000000013f4       0x78 build/./libmaple/stm32f1/adc.o
 .debug_frame   0x000000000000146c       0x74 build/./libmaple/stm32f1/bkp.o
 .debug_frame   0x00000000000014e0      0x1d0 build/./libmaple/stm32f1/dma.o
 .debug_frame   0x00000000000016b0       0x20 build/./libmaple/stm32f1/exti.o
 .debug_frame   0x00000000000016d0       0x78 build/./libmaple/stm32f1/gpio.o
 .debug_frame   0x0000000000001748       0xa8 build/./libmaple/stm32f1/i2c.o
 .debug_frame   0x00000000000017f0       0x98 build/./libmaple/stm32f1/rcc.o
 .debug_frame   0x0000000000001888       0x54 build/./libmaple/stm32f1/spi.o
 .debug_frame   0x00000000000018dc       0xe0 build/./libmaple/stm32f1/timer.o
 .debug_frame   0x00000000000019bc       0xbc build/./libmaple/stm32f1/usart.o
 .debug_frame   0x0000000000001a78       0x28 build/./wirish/start_c.o
 .debug_frame   0x0000000000001aa0      0x134 build/./wirish/syscalls.o
 .debug_frame   0x0000000000001bd4       0x50 build/./wirish/stm32f1/util_hooks.o
 .debug_frame   0x0000000000001c24       0x88 build/./wirish/boards.o
 .debug_frame   0x0000000000001cac       0x20 build/./wirish/cxxabi-compat.o
 .debug_frame   0x0000000000001ccc       0x80 build/./wirish/ext_interrupts.o
 .debug_frame   0x0000000000001d4c       0xd4 build/./wirish/HardwareSerial.o
 .debug_frame   0x0000000000001e20      0x150 build/./wirish/HardwareTimer.o
 .debug_frame   0x0000000000001f70      0x30c build/./wirish/Print.o
 .debug_frame   0x000000000000227c       0x2c build/./wirish/pwm.o
 .debug_frame   0x00000000000022a8      0x1a8 build/./wirish/usb_serial.o
 .debug_frame   0x0000000000002450      0x250 build/./wirish/HardwareSPI.o
 .debug_frame   0x00000000000026a0       0x20 build/./wirish/wirish_analog.o
 .debug_frame   0x00000000000026c0       0x88 build/./wirish/wirish_digital.o
 .debug_frame   0x0000000000002748       0x50 build/./wirish/wirish_math.o
 .debug_frame   0x0000000000002798       0x30 build/./wirish/wirish_shift.o
 .debug_frame   0x00000000000027c8       0x30 build/./wirish/wirish_time.o
 .debug_frame   0x00000000000027f8       0x6c build/./wirish/stm32f1/boards_setup.o
 .debug_frame   0x0000000000002864       0x38 build/./wirish/stm32f1/wirish_digital.o
 .debug_frame   0x000000000000289c       0x30 build/./wirish/stm32f1/wirish_debug.o
 .debug_frame   0x00000000000028cc       0x2c build/./wirish/boards/maple/board.o
 .debug_frame   0x00000000000028f8       0xec build/./libraries/Servo/Servo.o
 .debug_frame   0x00000000000029e4      0x32c build/./libraries/LiquidCrystal/LiquidCrystal.o
 .debug_frame   0x0000000000002d10      0x110 build/./libraries/Wire/WireBase.o
 .debug_frame   0x0000000000002e20       0x50 build/./libraries/Wire/HardWire.o
 .debug_frame   0x0000000000002e70      0x174 build/./libraries/Wire/Wire.o
 .debug_frame   0x0000000000002fe4       0xac build/./libraries/FreeRTOS/utility/croutine.o
 .debug_frame   0x0000000000003090       0x74 build/./libraries/FreeRTOS/utility/heap_2.o
 .debug_frame   0x0000000000003104       0x68 build/./libraries/FreeRTOS/utility/list.o
 .debug_frame   0x000000000000316c       0xc0 build/./libraries/FreeRTOS/utility/port.o
 .debug_frame   0x000000000000322c      0x1dc build/./libraries/FreeRTOS/utility/queue.o
 .debug_frame   0x0000000000003408      0x400 build/./libraries/FreeRTOS/utility/tasks.o
 .debug_frame   0x0000000000003808       0x20 build/./libraries/FreeRTOS/MapleFreeRTOS.o
 .debug_frame   0x0000000000003828       0x64 build/main.o
 .debug_frame   0x000000000000388c       0x20 /usr/bin/../lib/gcc/arm-none-eabi/4.9.3/../../../../arm-none-eabi/lib/armv7-m/libstdc++.a(atexit_arm.o)
 .debug_frame   0x00000000000038ac       0x28 /usr/bin/../lib/gcc/arm-none-eabi/4.9.3/armv7-m/libgcc.a(_aeabi_uldivmod.o)
 .debug_frame   0x00000000000038d4       0x3c /usr/bin/../lib/gcc/arm-none-eabi/4.9.3/armv7-m/libgcc.a(_fixdfdi.o)
 .debug_frame   0x0000000000003910       0x2c /usr/bin/../lib/gcc/arm-none-eabi/4.9.3/armv7-m/libgcc.a(_fixunsdfdi.o)
 .debug_frame   0x000000000000393c       0x54 /usr/bin/../lib/gcc/arm-none-eabi/4.9.3/armv7-m/libgcc.a(bpabi.o)
 .debug_frame   0x0000000000003990       0x34 /usr/bin/../lib/gcc/arm-none-eabi/4.9.3/armv7-m/libgcc.a(_divdi3.o)
 .debug_frame   0x00000000000039c4       0x34 /usr/bin/../lib/gcc/arm-none-eabi/4.9.3/armv7-m/libgcc.a(_udivdi3.o)
 .debug_frame   0x00000000000039f8       0x2c /usr/bin/../lib/gcc/arm-none-eabi/4.9.3/../../../../arm-none-eabi/lib/armv7-m/libc.a(lib_a-cxa_atexit.o)
 .debug_frame   0x0000000000003a24       0x20 /usr/bin/../lib/gcc/arm-none-eabi/4.9.3/../../../../arm-none-eabi/lib/armv7-m/libc.a(lib_a-errno.o)
 .debug_frame   0x0000000000003a44       0x38 /usr/bin/../lib/gcc/arm-none-eabi/4.9.3/../../../../arm-none-eabi/lib/armv7-m/libc.a(lib_a-memcmp.o)
 .debug_frame   0x0000000000003a7c       0x3c /usr/bin/../lib/gcc/arm-none-eabi/4.9.3/../../../../arm-none-eabi/lib/armv7-m/libc.a(lib_a-rand.o)
 .debug_frame   0x0000000000003ab8       0x84 /usr/bin/../lib/gcc/arm-none-eabi/4.9.3/../../../../arm-none-eabi/lib/armv7-m/libc.a(lib_a-sprintf.o)
 .debug_frame   0x0000000000003b3c       0x28 /usr/bin/../lib/gcc/arm-none-eabi/4.9.3/../../../../arm-none-eabi/lib/armv7-m/libc.a(lib_a-strcat.o)
 .debug_frame   0x0000000000003b64       0x20 /usr/bin/../lib/gcc/arm-none-eabi/4.9.3/../../../../arm-none-eabi/lib/armv7-m/libc.a(lib_a-strcpy.o)
 .debug_frame   0x0000000000003b84       0x20 /usr/bin/../lib/gcc/arm-none-eabi/4.9.3/../../../../arm-none-eabi/lib/armv7-m/libc.a(lib_a-strlen.o)
 .debug_frame   0x0000000000003ba4       0x34 /usr/bin/../lib/gcc/arm-none-eabi/4.9.3/../../../../arm-none-eabi/lib/armv7-m/libc.a(lib_a-strncpy.o)
 .debug_frame   0x0000000000003bd8       0x40 /usr/bin/../lib/gcc/arm-none-eabi/4.9.3/../../../../arm-none-eabi/lib/armv7-m/libc.a(lib_a-svfprintf.o)
 .debug_frame   0x0000000000003c18       0x84 /usr/bin/../lib/gcc/arm-none-eabi/4.9.3/../../../../arm-none-eabi/lib/armv7-m/libc.a(lib_a-dtoa.o)
 .debug_frame   0x0000000000003c9c       0x9c /usr/bin/../lib/gcc/arm-none-eabi/4.9.3/../../../../arm-none-eabi/lib/armv7-m/libc.a(lib_a-locale.o)
 .debug_frame   0x0000000000003d38       0x54 /usr/bin/../lib/gcc/arm-none-eabi/4.9.3/../../../../arm-none-eabi/lib/armv7-m/libc.a(lib_a-mallocr.o)
 .debug_frame   0x0000000000003d8c       0x3c /usr/bin/../lib/gcc/arm-none-eabi/4.9.3/../../../../arm-none-eabi/lib/armv7-m/libc.a(lib_a-memchr.o)
 .debug_frame   0x0000000000003dc8       0x30 /usr/bin/../lib/gcc/arm-none-eabi/4.9.3/../../../../arm-none-eabi/lib/armv7-m/libc.a(lib_a-mlock.o)
 .debug_frame   0x0000000000003df8      0x268 /usr/bin/../lib/gcc/arm-none-eabi/4.9.3/../../../../arm-none-eabi/lib/armv7-m/libc.a(lib_a-mprec.o)
 .debug_frame   0x0000000000004060       0x34 /usr/bin/../lib/gcc/arm-none-eabi/4.9.3/../../../../arm-none-eabi/lib/armv7-m/libc.a(lib_a-s_fpclassify.o)
 .debug_frame   0x0000000000004094       0x2c /usr/bin/../lib/gcc/arm-none-eabi/4.9.3/../../../../arm-none-eabi/lib/armv7-m/libc.a(lib_a-sbrkr.o)
 .debug_frame   0x00000000000040c0       0x78 /usr/bin/../lib/gcc/arm-none-eabi/4.9.3/../../../../arm-none-eabi/lib/armv7-m/libc.a(lib_a-svfiprintf.o)
 .debug_frame   0x0000000000004138       0x28 /usr/bin/../lib/gcc/arm-none-eabi/4.9.3/../../../../arm-none-eabi/lib/armv7-m/libc.a(lib_a-callocr.o)
 .debug_frame   0x0000000000004160       0x74 /usr/bin/../lib/gcc/arm-none-eabi/4.9.3/../../../../arm-none-eabi/lib/armv7-m/libc.a(lib_a-freer.o)
 .debug_frame   0x00000000000041d4       0x30 /usr/bin/../lib/gcc/arm-none-eabi/4.9.3/../../../../arm-none-eabi/lib/armv7-m/libc.a(lib_a-memmove.o)
 .debug_frame   0x0000000000004204       0x58 /usr/bin/../lib/gcc/arm-none-eabi/4.9.3/../../../../arm-none-eabi/lib/armv7-m/libc.a(lib_a-reallocr.o)
 .debug_frame   0x000000000000425c       0x58 /usr/bin/../lib/gcc/arm-none-eabi/4.9.3/../../../../arm-none-eabi/lib/armv7-m/libc.a(lib_a-reent.o)

.debug_str      0x0000000000000000    0x28dfe
 *(.debug_str)
 .debug_str     0x0000000000000000     0x65e1 build/./libmaple/adc.o
                                       0x672d (size before relaxing)
 .debug_str     0x00000000000065e1     0x1aba build/./libmaple/dac.o