Archive member included because of file (symbol)

/opt/arm/bin/../lib/gcc/arm-none-eabi/4.4.1/../../../../arm-none-eabi/lib/thumb2/libstdc++.a(atexit_arm.o)
                              build/./libraries/Wire/Wire.o (__aeabi_atexit)
/opt/arm/bin/../lib/gcc/arm-none-eabi/4.4.1/../../../../arm-none-eabi/lib/thumb2/libstdc++.a(eh_personality.o)
                              /opt/arm/bin/../lib/gcc/arm-none-eabi/4.4.1/../../../../arm-none-eabi/lib/thumb2/libstdc++.a(atexit_arm.o) (__gxx_personality_v0)
/opt/arm/bin/../lib/gcc/arm-none-eabi/4.4.1/../../../../arm-none-eabi/lib/thumb2/libstdc++.a(eh_call.o)
                              /opt/arm/bin/../lib/gcc/arm-none-eabi/4.4.1/../../../../arm-none-eabi/lib/thumb2/libstdc++.a(eh_personality.o) (__cxa_call_terminate)
/opt/arm/bin/../lib/gcc/arm-none-eabi/4.4.1/../../../../arm-none-eabi/lib/thumb2/libstdc++.a(eh_alloc.o)
                              /opt/arm/bin/../lib/gcc/arm-none-eabi/4.4.1/../../../../arm-none-eabi/lib/thumb2/libstdc++.a(eh_call.o) (__cxa_allocate_exception)
/opt/arm/bin/../lib/gcc/arm-none-eabi/4.4.1/../../../../arm-none-eabi/lib/thumb2/libstdc++.a(eh_terminate.o)
                              /opt/arm/bin/../lib/gcc/arm-none-eabi/4.4.1/../../../../arm-none-eabi/lib/thumb2/libstdc++.a(eh_call.o) (_ZN10__cxxabiv111__terminateEPFvvE)
/opt/arm/bin/../lib/gcc/arm-none-eabi/4.4.1/../../../../arm-none-eabi/lib/thumb2/libstdc++.a(eh_arm.o)
                              /opt/arm/bin/../lib/gcc/arm-none-eabi/4.4.1/../../../../arm-none-eabi/lib/thumb2/libstdc++.a(eh_personality.o) (__cxa_end_cleanup)
/opt/arm/bin/../lib/gcc/arm-none-eabi/4.4.1/../../../../arm-none-eabi/lib/thumb2/libstdc++.a(tinfo.o)
                              /opt/arm/bin/../lib/gcc/arm-none-eabi/4.4.1/../../../../arm-none-eabi/lib/thumb2/libstdc++.a(eh_arm.o) (_ZNKSt9type_infoeqERKS_)
/opt/arm/bin/../lib/gcc/arm-none-eabi/4.4.1/../../../../arm-none-eabi/lib/thumb2/libstdc++.a(eh_aux_runtime.o)
                              /opt/arm/bin/../lib/gcc/arm-none-eabi/4.4.1/../../../../arm-none-eabi/lib/thumb2/libstdc++.a(eh_arm.o) (__cxa_bad_typeid)
/opt/arm/bin/../lib/gcc/arm-none-eabi/4.4.1/../../../../arm-none-eabi/lib/thumb2/libstdc++.a(eh_term_handler.o)
                              /opt/arm/bin/../lib/gcc/arm-none-eabi/4.4.1/../../../../arm-none-eabi/lib/thumb2/libstdc++.a(eh_terminate.o) (_ZN10__cxxabiv119__terminate_handlerE)
/opt/arm/bin/../lib/gcc/arm-none-eabi/4.4.1/../../../../arm-none-eabi/lib/thumb2/libstdc++.a(fundamental_type_info.o)
                              /opt/arm/bin/../lib/gcc/arm-none-eabi/4.4.1/../../../../arm-none-eabi/lib/thumb2/libstdc++.a(eh_arm.o) (_ZTIv)
/opt/arm/bin/../lib/gcc/arm-none-eabi/4.4.1/../../../../arm-none-eabi/lib/thumb2/libstdc++.a(class_type_info.o)
                              /opt/arm/bin/../lib/gcc/arm-none-eabi/4.4.1/../../../../arm-none-eabi/lib/thumb2/libstdc++.a(tinfo.o) (_ZTVN10__cxxabiv117__class_type_infoE)
/opt/arm/bin/../lib/gcc/arm-none-eabi/4.4.1/../../../../arm-none-eabi/lib/thumb2/libstdc++.a(eh_exception.o)
                              /opt/arm/bin/../lib/gcc/arm-none-eabi/4.4.1/../../../../arm-none-eabi/lib/thumb2/libstdc++.a(eh_call.o) (_ZNSt13bad_exceptionD1Ev)
/opt/arm/bin/../lib/gcc/arm-none-eabi/4.4.1/../../../../arm-none-eabi/lib/thumb2/libstdc++.a(eh_throw.o)
                              /opt/arm/bin/../lib/gcc/arm-none-eabi/4.4.1/../../../../arm-none-eabi/lib/thumb2/libstdc++.a(eh_call.o) (__cxa_rethrow)
/opt/arm/bin/../lib/gcc/arm-none-eabi/4.4.1/../../../../arm-none-eabi/lib/thumb2/libstdc++.a(del_op.o)
                              /opt/arm/bin/../lib/gcc/arm-none-eabi/4.4.1/../../../../arm-none-eabi/lib/thumb2/libstdc++.a(tinfo.o) (_ZdlPv)
/opt/arm/bin/../lib/gcc/arm-none-eabi/4.4.1/../../../../arm-none-eabi/lib/thumb2/libstdc++.a(eh_catch.o)
                              /opt/arm/bin/../lib/gcc/arm-none-eabi/4.4.1/../../../../arm-none-eabi/lib/thumb2/libstdc++.a(eh_personality.o) (__cxa_end_catch)
/opt/arm/bin/../lib/gcc/arm-none-eabi/4.4.1/../../../../arm-none-eabi/lib/thumb2/libstdc++.a(si_class_type_info.o)
                              /opt/arm/bin/../lib/gcc/arm-none-eabi/4.4.1/../../../../arm-none-eabi/lib/thumb2/libstdc++.a(fundamental_type_info.o) (_ZTVN10__cxxabiv120__si_class_type_infoE)
/opt/arm/bin/../lib/gcc/arm-none-eabi/4.4.1/../../../../arm-none-eabi/lib/thumb2/libstdc++.a(bad_typeid.o)
                              /opt/arm/bin/../lib/gcc/arm-none-eabi/4.4.1/../../../../arm-none-eabi/lib/thumb2/libstdc++.a(eh_aux_runtime.o) (_ZNSt10bad_typeidD1Ev)
/opt/arm/bin/../lib/gcc/arm-none-eabi/4.4.1/../../../../arm-none-eabi/lib/thumb2/libstdc++.a(eh_globals.o)
                              /opt/arm/bin/../lib/gcc/arm-none-eabi/4.4.1/../../../../arm-none-eabi/lib/thumb2/libstdc++.a(eh_call.o) (__cxa_get_globals_fast)
/opt/arm/bin/../lib/gcc/arm-none-eabi/4.4.1/../../../../arm-none-eabi/lib/thumb2/libstdc++.a(vterminate.o)
[...]
Memory Configuration

Name             Origin             Length             Attributes
ram              0x20000c00         0x00004400         xrw
rom              0x08005000         0x0001b000         xr
*default*        0x00000000         0xffffffff

Linker script and memory map

LOAD /opt/arm/bin/../lib/gcc/arm-none-eabi/4.4.1/thumb2/crti.o
LOAD /opt/arm/bin/../lib/gcc/arm-none-eabi/4.4.1/thumb2/crtbegin.o
START GROUP
LOAD /opt/arm/bin/../lib/gcc/arm-none-eabi/4.4.1/thumb2/libgcc.a
LOAD /opt/arm/bin/../lib/gcc/arm-none-eabi/4.4.1/../../../../arm-none-eabi/lib/thumb2/libc.a
LOAD /opt/arm/bin/../lib/gcc/arm-none-eabi/4.4.1/../../../../arm-none-eabi/lib/thumb2/libm.a
END GROUP
                0x20005000                PROVIDE (__msp_init, 0x20005000)
                0x080075ec                PROVIDE (__exc_reset, __start__)

.text           0x08005000     0x3f18
                0x08005000                __text_start__ = .
 *(.stm32.interrupt_vector)
 .stm32.interrupt_vector
                0x08005000       0xec build/./libmaple/stm32f1/performance/vector_table.o
                0x08005000                __stm32_vector_table
 *(.text .text.* .gnu.linkonce.t.*)
 .text          0x080050ec       0x30 /opt/arm/bin/../lib/gcc/arm-none-eabi/4.4.1/thumb2/crtbegin.o
 .text.adc_set_extsel
                0x0800511c       0x10 build/./libmaple/adc.o
                0x0800511c                adc_set_extsel
 .text.adc_set_sample_rate
                0x0800512c       0x2e build/./libmaple/adc.o
                0x0800512c                adc_set_sample_rate
 .text.adc_init
                0x0800515a       0x14 build/./libmaple/adc.o
                0x0800515a                adc_init
 *fill*         0x0800516e        0x2 00
 .text.__irq_exti0
                0x08005170       0x20 build/./libmaple/exti.o
                0x08005170                __irq_exti0
 .text.__irq_exti1
                0x08005190       0x20 build/./libmaple/exti.o
                0x08005190                __irq_exti1
 .text.__irq_exti2
                0x080051b0       0x20 build/./libmaple/exti.o
                0x080051b0                __irq_exti2
 .text.__irq_exti3
                0x080051d0       0x20 build/./libmaple/exti.o
                0x080051d0                __irq_exti3
 .text.__irq_exti4
                0x080051f0       0x20 build/./libmaple/exti.o
                0x080051f0                __irq_exti4
 .text.__irq_exti9_5
                0x08005210       0x40 build/./libmaple/exti.o
                0x08005210                __irq_exti9_5
 .text.__irq_exti15_10
                0x08005250       0x40 build/./libmaple/exti.o
                0x08005250                __irq_exti15_10
 .text.flash_set_latency
                0x08005290       0x14 build/./libmaple/flash.o
                0x08005290                flash_set_latency
 .text.gpio_init
                0x080052a4       0x14 build/./libmaple/gpio.o
                0x080052a4                gpio_init
 .text.nvic_irq_set_priority
                0x080052b8       0x2c build/./libmaple/nvic.o
                0x080052b8                nvic_irq_set_priority
 .text.nvic_set_vector_table
                0x080052e4       0x14 build/./libmaple/nvic.o
                0x080052e4                nvic_set_vector_table
 .text.nvic_init
                0x080052f8       0x24 build/./libmaple/nvic.o
                0x080052f8                nvic_init
 .text.nvic_sys_reset
                0x0800531c       0x20 build/./libmaple/nvic.o
                0x0800531c                nvic_sys_reset
 .text.rcc_dev_clk
                0x0800533c        0xc build/./libmaple/rcc.o
                0x0800533c                rcc_dev_clk
 .text.rcc_switch_sysclk
                0x08005348       0x24 build/./libmaple/rcc.o
                0x08005348                rcc_switch_sysclk
 .text.rcc_clk_reg
                0x0800536c        0xc build/./libmaple/rcc.o
 .text.rcc_clk_on_mask
                0x08005378        0xa build/./libmaple/rcc.o
 .text.rcc_turn_on_clk
                0x08005382       0x1a build/./libmaple/rcc.o
                0x08005382                rcc_turn_on_clk
 .text.rcc_turn_off_clk
                0x0800539c       0x1a build/./libmaple/rcc.o
                0x0800539c                rcc_turn_off_clk
 .text.rcc_is_clk_on
                0x080053b6       0x1a build/./libmaple/rcc.o
                0x080053b6                rcc_is_clk_on
 .text.rcc_is_clk_ready
                0x080053d0       0x16 build/./libmaple/rcc.o
                0x080053d0                rcc_is_clk_ready
 *fill*         0x080053e6        0x2 00
 .text.systick_enable
                0x080053e8        0xc build/./libmaple/systick.o
                0x080053e8                systick_enable
 .text.systick_init
                0x080053f4        0xc build/./libmaple/systick.o
                0x080053f4                systick_init
 .text.__exc_systick
                0x08005400       0x1c build/./libmaple/systick.o
                0x08005400                __exc_systick
 .text.timer_oc_set_mode
                0x0800541c       0x38 build/./libmaple/timer.o
 .text.timer_foreach
                0x08005454       0x30 build/./libmaple/timer.o
                0x08005454                timer_foreach
 .text.timer_disable
                0x08005484       0x12 build/./libmaple/timer.o
                0x08005484                timer_disable
 *fill*         0x08005496        0x2 00
 .text.timer_has_cc_channel
                0x08005498       0x50 build/./libmaple/timer.o
                0x08005498                timer_has_cc_channel
 .text.timer_init
                0x080054e8       0x14 build/./libmaple/timer.o
                0x080054e8                timer_init
 .text.bb_perip
                0x080054fc        0xc build/./libmaple/timer.o
 .text.timer_disable_irq
                0x08005508       0x10 build/./libmaple/timer.o
 .text.timer_detach_interrupt
                0x08005518       0x14 build/./libmaple/timer.o
                0x08005518                timer_detach_interrupt
 .text.timer_cc_enable
                0x0800552c       0x14 build/./libmaple/timer.o
 .text.timer_set_mode
                0x08005540       0x90 build/./libmaple/timer.o
                0x08005540                timer_set_mode
 .text.nvic_irq_enable
                0x080055d0       0x1c build/./libmaple/usart.o
 .text.nvic_irq_disable
                0x080055ec       0x20 build/./libmaple/usart.o
 .text.rb_reset
                0x0800560c        0x6 build/./libmaple/usart.o
 .text.usart_enable
                0x08005612       0x10 build/./libmaple/usart.o
                0x08005612                usart_enable
 .text.usart_disable
                0x08005622       0x2e build/./libmaple/usart.o
                0x08005622                usart_disable
 .text.usart_tx
                0x08005650       0x66 build/./libmaple/usart.o
                0x08005650                usart_tx
 .text.usart_putudec
                0x080056b6       0x44 build/./libmaple/usart.o
                0x080056b6                usart_putudec
 .text.T.6      0x080056fa       0x10 build/./libmaple/usart.o
 .text.usart_init
                0x0800570a       0x34 build/./libmaple/usart.o
                0x0800570a                usart_init
 *fill*         0x0800573e        0x2 00
 .text._usart_clock_freq
                0x08005740       0x24 build/./libmaple/usart_private.o
                0x08005740                _usart_clock_freq
 .text.usart_putc
                0x08005764       0x1a build/./libmaple/util.o
 .text.usart_putstr
                0x0800577e       0x1a build/./libmaple/util.o
 .text.T.10     0x08005798       0x16 build/./libmaple/util.o
 *fill*         0x080057ae        0x2 00
 .text.throb    0x080057b0       0x4c build/./libmaple/util.o
                0x080057b0                throb
 .text.__error  0x080057fc       0x14 build/./libmaple/util.o
                0x080057fc                __error
 .text._fail    0x08005810       0x64 build/./libmaple/util.o
                0x08005810                _fail
 .text.i2c_start_condition
                0x08005874       0x14 build/./libmaple/i2c.o
 .text.i2c_stop_condition
                0x08005888       0x14 build/./libmaple/i2c.o
 .text.i2c_disable_irq
                0x0800589c        0xc build/./libmaple/i2c.o
 .text.i2c_enable_ack
                0x080058a8        0xc build/./libmaple/i2c.o
 .text.i2c_disable_ack
                0x080058b4        0xc build/./libmaple/i2c.o
 .text.i2c_write
                0x080058c0        0x6 build/./libmaple/i2c.o
 .text._i2c_irq_error_handler
                0x080058c6       0x68 build/./libmaple/i2c.o
                0x080058c6                _i2c_irq_error_handler
 .text.i2c_enable_irq
                0x0800592e       0x14 build/./libmaple/i2c.o
 *fill*         0x08005942        0x2 00
 .text._i2c_irq_handler
                0x08005944      0x2c0 build/./libmaple/i2c.o
                0x08005944                _i2c_irq_handler
 *fill*         0x08005c04        0xc 00
 .text          0x08005c10       0x60 build/./libmaple/exc.o
                0x08005c10                __exc_nmi
                0x08005c14                __exc_hardfault
                0x08005c18                __exc_memmanage
                0x08005c1c                __exc_busfault
                0x08005c20                __exc_usagefault
 .text.usb_clear_ctr_rx
                0x08005c70       0x18 build/./libmaple/usb/stm32f1/usb.o
 .text.usb_clear_ctr_tx
                0x08005c88       0x18 build/./libmaple/usb/stm32f1/usb.o
 .text.usb_resume_init
                0x08005ca0       0x1c build/./libmaple/usb/stm32f1/usb.o
 .text.usb_resume
                0x08005cbc       0xa8 build/./libmaple/usb/stm32f1/usb.o
 .text.handle_in0
                0x08005d64        0x4 build/./libmaple/usb/stm32f1/usb.o
 .text.usb_init_usblib
                0x08005d68       0x48 build/./libmaple/usb/stm32f1/usb.o
                0x08005d68                usb_init_usblib
 .text.set_rx_tx_status0
                0x08005db0       0x38 build/./libmaple/usb/stm32f1/usb.o
 .text.__irq_usb_lp_can_rx0
                0x08005de8      0x19c build/./libmaple/usb/stm32f1/usb.o
                0x08005de8                __irq_usb_lp_can_rx0
 .text.usb_pma_ptr
                0x08005f84        0xc build/./libmaple/usb/stm32f1/usb_reg_map.o
 .text.usb_btable_ptr
                0x08005f90       0x10 build/./libmaple/usb/stm32f1/usb_reg_map.o
 .text.usb_copy_to_pma
                0x08005fa0       0x44 build/./libmaple/usb/stm32f1/usb_reg_map.o
                0x08005fa0                usb_copy_to_pma
 .text.usb_copy_from_pma
                0x08005fe4       0x30 build/./libmaple/usb/stm32f1/usb_reg_map.o
                0x08005fe4                usb_copy_from_pma
 .text.usb_set_ep_rx_count_common
                0x08006014       0x28 build/./libmaple/usb/stm32f1/usb_reg_map.o
 .text.usb_set_ep_rx_count
                0x0800603c       0x16 build/./libmaple/usb/stm32f1/usb_reg_map.o
                0x0800603c                usb_set_ep_rx_count
 .text.gpio_write_bit
                0x08006052       0x18 build/./libmaple/usb/stm32f1/usb_cdcacm.o
 *fill*         0x0800606a        0x2 00
 .text.usb_set_ep_rx_stat
                0x0800606c       0x24 build/./libmaple/usb/stm32f1/usb_cdcacm.o
 .text.usb_set_ep_tx_stat
                0x08006090       0x24 build/./libmaple/usb/stm32f1/usb_cdcacm.o
 .text.usb_set_ep_type
                0x080060b4       0x1c build/./libmaple/usb/stm32f1/usb_cdcacm.o
 .text.usb_btable_ptr
                0x080060d0       0x18 build/./libmaple/usb/stm32f1/usb_cdcacm.o
 .text.usb_set_ep_tx_addr
                0x080060e8       0x12 build/./libmaple/usb/stm32f1/usb_cdcacm.o
 .text.usb_set_ep_rx_addr
                0x080060fa       0x14 build/./libmaple/usb/stm32f1/usb_cdcacm.o
 *fill*         0x0800610e        0x2 00
 .text.usb_cdcacm_set_hooks
                0x08006110       0x20 build/./libmaple/usb/stm32f1/usb_cdcacm.o
                0x08006110                usb_cdcacm_set_hooks
 .text.usb_cdcacm_data_available
                0x08006130        0xc build/./libmaple/usb/stm32f1/usb_cdcacm.o
                0x08006130                usb_cdcacm_data_available
 .text.usb_cdcacm_is_transmitting
                0x0800613c        0xc build/./libmaple/usb/stm32f1/usb_cdcacm.o
                0x0800613c                usb_cdcacm_is_transmitting
 .text.usb_cdcacm_peek
                0x08006148       0x34 build/./libmaple/usb/stm32f1/usb_cdcacm.o
                0x08006148                usb_cdcacm_peek
 .text.usb_cdcacm_get_dtr
                0x0800617c       0x10 build/./libmaple/usb/stm32f1/usb_cdcacm.o
                0x0800617c                usb_cdcacm_get_dtr
 .text.vcomDataTxCb
                0x0800618c       0x14 build/./libmaple/usb/stm32f1/usb_cdcacm.o
 .text.vcomGetSetLineCoding
                0x080061a0       0x18 build/./libmaple/usb/stm32f1/usb_cdcacm.o
 .text.usbDataSetup
                0x080061b8       0x5c build/./libmaple/usb/stm32f1/usb_cdcacm.o
 .text.usbNoDataSetup
                0x08006214       0x4c build/./libmaple/usb/stm32f1/usb_cdcacm.o
 .text.usbGetInterfaceSetting
                0x08006260        0xe build/./libmaple/usb/stm32f1/usb_cdcacm.o
 *fill*         0x0800626e        0x2 00
 .text.usbSetConfiguration
                0x08006270       0x1c build/./libmaple/usb/stm32f1/usb_cdcacm.o
 .text.usbSetDeviceAddress
                0x0800628c       0x10 build/./libmaple/usb/stm32f1/usb_cdcacm.o
 .text.usbGetStringDescriptor
                0x0800629c       0x20 build/./libmaple/usb/stm32f1/usb_cdcacm.o
 .text.usbGetConfigDescriptor
                0x080062bc        0xc build/./libmaple/usb/stm32f1/usb_cdcacm.o
 .text.usbGetDeviceDescriptor
                0x080062c8        0xc build/./libmaple/usb/stm32f1/usb_cdcacm.o
 .text.usb_cdcacm_enable
                0x080062d4       0x34 build/./libmaple/usb/stm32f1/usb_cdcacm.o
                0x080062d4                usb_cdcacm_enable
 .text.usbInit  0x08006308       0x44 build/./libmaple/usb/stm32f1/usb_cdcacm.o
 .text.vcomDataRxCb
                0x0800634c       0x64 build/./libmaple/usb/stm32f1/usb_cdcacm.o
 .text.usbReset
                0x080063b0      0x104 build/./libmaple/usb/stm32f1/usb_cdcacm.o
 .text.usb_cdcacm_tx
                0x080064b4       0x48 build/./libmaple/usb/stm32f1/usb_cdcacm.o
                0x080064b4                usb_cdcacm_tx
 .text.Standard_GetConfiguration
                0x080064fc       0x28 build/./libmaple/usb/usb_lib/usb_core.o
                0x080064fc                Standard_GetConfiguration
 .text.Standard_SetConfiguration
                0x08006524       0x38 build/./libmaple/usb/usb_lib/usb_core.o
                0x08006524                Standard_SetConfiguration
 .text.Standard_GetInterface
                0x0800655c       0x28 build/./libmaple/usb/usb_lib/usb_core.o
                0x0800655c                Standard_GetInterface
 .text.Standard_SetInterface
                0x08006584       0x48 build/./libmaple/usb/usb_lib/usb_core.o
                0x08006584                Standard_SetInterface
 .text.Standard_GetStatus
                0x080065cc       0xa4 build/./libmaple/usb/usb_lib/usb_core.o
                0x080065cc                Standard_GetStatus
 .text.Standard_SetEndPointFeature
                0x08006670       0x84 build/./libmaple/usb/usb_lib/usb_core.o
                0x08006670                Standard_SetEndPointFeature
 .text.Standard_SetDeviceFeature
                0x080066f4       0x24 build/./libmaple/usb/usb_lib/usb_core.o
                0x080066f4                Standard_SetDeviceFeature
 .text.Standard_GetDescriptorData
                0x08006718       0x1c build/./libmaple/usb/usb_lib/usb_core.o
                0x08006718                Standard_GetDescriptorData
 .text.SetDeviceAddress
                0x08006734       0x44 build/./libmaple/usb/usb_lib/usb_core.o
                0x08006734                SetDeviceAddress
 .text.NOP_Process
                0x08006778        0x2 build/./libmaple/usb/usb_lib/usb_core.o
                0x08006778                NOP_Process
 *fill*         0x0800677a        0x2 00
 .text.Post0_Process
                0x0800677c       0x44 build/./libmaple/usb/usb_lib/usb_core.o
                0x0800677c                Post0_Process
 .text.Out0_Process
                0x080067c0       0xd4 build/./libmaple/usb/usb_lib/usb_core.o
                0x080067c0                Out0_Process
 .text.DataStageIn
                0x08006894       0xac build/./libmaple/usb/usb_lib/usb_core.o
 .text.In0_Process
                0x08006940       0x60 build/./libmaple/usb/usb_lib/usb_core.o
                0x08006940                In0_Process
 .text.Standard_ClearFeature
                0x080069a0       0xd4 build/./libmaple/usb/usb_lib/usb_core.o
                0x080069a0                Standard_ClearFeature
 .text.Setup0_Process
                0x08006a74      0x304 build/./libmaple/usb/usb_lib/usb_core.o
                0x08006a74                Setup0_Process
 .text.UserToPMABufferCopy
                0x08006d78       0x2e build/./libmaple/usb/usb_lib/usb_mem.o
                0x08006d78                UserToPMABufferCopy
 .text.PMAToUserBufferCopy
                0x08006da6       0x24 build/./libmaple/usb/usb_lib/usb_mem.o
                0x08006da6                PMAToUserBufferCopy
 .text.SetEPTxStatus
                0x08006dca       0x2c build/./libmaple/usb/usb_lib/usb_regs.o
                0x08006dca                SetEPTxStatus
 .text.ClearDTOG_RX
                0x08006df6       0x24 build/./libmaple/usb/usb_lib/usb_regs.o
                0x08006df6                ClearDTOG_RX
 .text.ClearDTOG_TX
                0x08006e1a       0x24 build/./libmaple/usb/usb_lib/usb_regs.o
                0x08006e1a                ClearDTOG_TX
 *fill*         0x08006e3e        0x2 00
 .text.GetEPTxAddr
                0x08006e40       0x1c build/./libmaple/usb/usb_lib/usb_regs.o
                0x08006e40                GetEPTxAddr
 .text.GetEPRxAddr
                0x08006e5c       0x1c build/./libmaple/usb/usb_lib/usb_regs.o
                0x08006e5c                GetEPRxAddr
 .text.SetEPTxCount
                0x08006e78       0x1c build/./libmaple/usb/usb_lib/usb_regs.o
                0x08006e78                SetEPTxCount
 .text.SetEPRxCount
                0x08006e94       0x40 build/./libmaple/usb/usb_lib/usb_regs.o
                0x08006e94                SetEPRxCount
 .text.ByteSwap
                0x08006ed4        0xa build/./libmaple/usb/usb_lib/usb_regs.o
                0x08006ed4                ByteSwap
 .text          0x08006ede        0x2 build/./libmaple/stm32f1/performance/isrs.o
                0x08006ede                __stm32reservedexception9
                0x08006ede                __exc_debug_monitor
                0x08006ede                __irq_adc
                0x08006ede                __irq_can_rx1
                0x08006ede                __irq_spi2
                0x08006ede                __irq_can_sce
                0x08006ede                __irq_pvd
                0x08006ede                __irq_tamper
                0x08006ede                __default_handler
                0x08006ede                __irq_wwdg
                0x08006ede                __stm32reservedexception10
                0x08006ede                __irq_flash
                0x08006ede                __stm32reservedexception13
                0x08006ede                __irq_rtc
                0x08006ede                __irq_spi1
                0x08006ede                __stm32reservedexception7
                0x08006ede                __irq_usb_hp_can_tx
                0x08006ede                __irq_rtcalarm
                0x08006ede                __stm32reservedexception8
                0x08006ede                __irq_usbwakeup
                0x08006ede                __irq_rcc
 .text.adc_foreach
                0x08006ee0       0x1c build/./libmaple/stm32f1/adc.o
                0x08006ee0                adc_foreach
 .text.adc_set_prescaler
                0x08006efc        0x8 build/./libmaple/stm32f1/adc.o
                0x08006efc                adc_set_prescaler
 .text.bb_perip
                0x08006f04        0xc build/./libmaple/stm32f1/adc.o
 .text.adc_calibrate
                0x08006f10       0x2e build/./libmaple/stm32f1/adc.o
                0x08006f10                adc_calibrate
 .text.adc_enable_single_swstart
                0x08006f3e       0x36 build/./libmaple/stm32f1/adc.o
                0x08006f3e                adc_enable_single_swstart
 .text.dma_clear_isr_bits
                0x08006f74       0x10 build/./libmaple/stm32f1/dma.o
 .text.__irq_dma1_channel1
                0x08006f84       0x20 build/./libmaple/stm32f1/dma.o
                0x08006f84                __irq_dma1_channel1
 .text.__irq_dma1_channel2
                0x08006fa4       0x20 build/./libmaple/stm32f1/dma.o
                0x08006fa4                __irq_dma1_channel2
 .text.__irq_dma1_channel3
                0x08006fc4       0x20 build/./libmaple/stm32f1/dma.o
                0x08006fc4                __irq_dma1_channel3
 .text.__irq_dma1_channel4
                0x08006fe4       0x20 build/./libmaple/stm32f1/dma.o
                0x08006fe4                __irq_dma1_channel4
 .text.__irq_dma1_channel5
                0x08007004       0x20 build/./libmaple/stm32f1/dma.o
                0x08007004                __irq_dma1_channel5
 .text.__irq_dma1_channel6
                0x08007024       0x20 build/./libmaple/stm32f1/dma.o
                0x08007024                __irq_dma1_channel6
 .text.__irq_dma1_channel7
                0x08007044       0x20 build/./libmaple/stm32f1/dma.o
                0x08007044                __irq_dma1_channel7
 .text.gpio_set_mode
                0x08007064       0x56 build/./libmaple/stm32f1/gpio.o
                0x08007064                gpio_set_mode
 .text.afio_init
                0x080070ba       0x12 build/./libmaple/stm32f1/gpio.o
                0x080070ba                afio_init
 .text.gpio_init_all
                0x080070cc       0x30 build/./libmaple/stm32f1/gpio.o
                0x080070cc                gpio_init_all
 .text._i2c_irq_priority_fixup
                0x080070fc       0x1c build/./libmaple/stm32f1/i2c.o
                0x080070fc                _i2c_irq_priority_fixup
 .text.__irq_i2c2_er
                0x08007118        0xc build/./libmaple/stm32f1/i2c.o
                0x08007118                __irq_i2c2_er
 .text.__irq_i2c1_er
                0x08007124        0xc build/./libmaple/stm32f1/i2c.o
                0x08007124                __irq_i2c1_er
 .text.__irq_i2c2_ev
                0x08007130        0xc build/./libmaple/stm32f1/i2c.o
                0x08007130                __irq_i2c2_ev
 .text.__irq_i2c1_ev
                0x0800713c        0xc build/./libmaple/stm32f1/i2c.o
                0x0800713c                __irq_i2c1_ev
 .text.rcc_configure_pll
                0x08007148       0x38 build/./libmaple/stm32f1/rcc.o
                0x08007148                rcc_configure_pll
 .text.rcc_set_prescaler
                0x08007180       0x20 build/./libmaple/stm32f1/rcc.o
                0x08007180                rcc_set_prescaler
 .text.bb_peri_set_bit
                0x080071a0        0xe build/./libmaple/stm32f1/rcc.o
 *fill*         0x080071ae        0x2 00
 .text.rcc_clk_enable
                0x080071b0       0x28 build/./libmaple/stm32f1/rcc.o
                0x080071b0                rcc_clk_enable
 .text.rcc_reset_dev
                0x080071d8       0x38 build/./libmaple/stm32f1/rcc.o
                0x080071d8                rcc_reset_dev
 .text.__irq_tim1_brk
                0x08007210       0x2c build/./libmaple/stm32f1/timer.o
                0x08007210                __irq_tim1_brk
 .text.__irq_tim1_up
                0x0800723c       0x2c build/./libmaple/stm32f1/timer.o
                0x0800723c                __irq_tim1_up
 .text.__irq_tim1_trg_com
                0x08007268       0x40 build/./libmaple/stm32f1/timer.o
                0x08007268                __irq_tim1_trg_com
 .text.__irq_tim1_cc
                0x080072a8       0x60 build/./libmaple/stm32f1/timer.o
                0x080072a8                __irq_tim1_cc
 .text.__irq_tim2
                0x08007308       0x8c build/./libmaple/stm32f1/timer.o
                0x08007308                __irq_tim2
 .text.__irq_tim3
                0x08007394       0x8c build/./libmaple/stm32f1/timer.o
                0x08007394                __irq_tim3
 .text.__irq_tim4
                0x08007420       0x8c build/./libmaple/stm32f1/timer.o
                0x08007420                __irq_tim4
 .text.rb_remove
                0x080074ac       0x1a build/./libmaple/stm32f1/usart.o
 *fill*         0x080074c6        0x2 00
 .text.usart_foreach
                0x080074c8       0x24 build/./libmaple/stm32f1/usart.o
                0x080074c8                usart_foreach
 .text.usart_tx_rx_irq
                0x080074ec       0x68 build/./libmaple/stm32f1/usart.o
                0x080074ec                usart_tx_rx_irq
 .text.__irq_usart1
                0x08007554        0xc build/./libmaple/stm32f1/usart.o
                0x08007554                __irq_usart1
 .text.__irq_usart2
                0x08007560        0xc build/./libmaple/stm32f1/usart.o
                0x08007560                __irq_usart2
 .text.__irq_usart3
                0x0800756c        0xc build/./libmaple/stm32f1/usart.o
                0x0800756c                __irq_usart3
 .text.usart_set_baud_rate
                0x08007578       0x54 build/./libmaple/stm32f1/usart.o
                0x08007578                usart_set_baud_rate
 .text.usart_config_gpios_async
                0x080075cc       0x20 build/./libmaple/stm32f1/usart.o
                0x080075cc                usart_config_gpios_async
 .text          0x080075ec       0x10 build/./wirish/start.o
                0x080075ec                __start__
 .text.start_c  0x080075fc       0x64 build/./wirish/start_c.o
                0x080075fc                start_c
 .text._sbrk    0x08007660       0x44 build/./wirish/syscalls.o
                0x08007660                _sbrk
 .text.nvic_irq_enable
                0x080076a4       0x1c build/./wirish/stm32f1/util_hooks.o
 .text.__lm_enable_error_usart
                0x080076c0       0x30 build/./wirish/stm32f1/util_hooks.o
                0x080076c0                __lm_enable_error_usart
 .text.__lm_error
                0x080076f0       0x44 build/./wirish/stm32f1/util_hooks.o
                0x080076f0                __lm_error
 .text.adc_disable
                0x08007734       0x12 build/./wirish/stm32f1/util_hooks.o
 .text._Z9boardInitv
                0x08007746        0x2 build/./wirish/boards.o
                0x08007746                _Z9boardInitv
 .text._ZL18adc_default_configPK7adc_dev
                0x08007748       0x1c build/./wirish/boards.o
 .text._Z4initv
                0x08007764       0xc0 build/./wirish/boards.o
                0x08007764                _Z4initv
 .text.T.10     0x08007824        0x8 build/./wirish/boards.o
 .text._ZL20timer_default_configP9timer_dev
                0x0800782c       0xa2 build/./wirish/boards.o
 .text.__cxa_pure_virtual
                0x080078ce        0x2 build/./wirish/cxxabi-compat.o
                0x080078ce                __cxa_pure_virtual
 .text._ZN5PrintC2Ev
                0x080078d0        0xc build/./wirish/HardwareSerial.o
                0x080078d0                _ZN5PrintC2Ev
 .text._ZN14HardwareSerialC1EP9usart_devhh
                0x080078dc       0x20 build/./wirish/HardwareSerial.o
                0x080078dc                _ZN14HardwareSerialC1EP9usart_devhh
 .text._ZN14HardwareSerial5writeEh
                0x080078fc       0x1a build/./wirish/HardwareSerial.o
                0x080078fc                _ZN14HardwareSerial5writeEh
 *fill*         0x08007916        0x2 00
 .text._ZN14HardwareSerial5beginEj
                0x08007918       0x88 build/./wirish/HardwareSerial.o
                0x08007918                _ZN14HardwareSerial5beginEj
 .text._GLOBAL__I_Serial1
                0x080079a0       0x48 build/./wirish/HardwareSerial.o
 .text.set_this_dev
                0x080079e8       0x1c build/./wirish/HardwareTimer.o
 .text._ZN13HardwareTimerC1Eh
                0x08007a04       0x44 build/./wirish/HardwareTimer.o
                0x08007a04                _ZN13HardwareTimerC1Eh
 .text._GLOBAL__I__ZN13HardwareTimerC2Eh
                0x08007a48       0x38 build/./wirish/HardwareTimer.o
 .text._ZN5Print5writeEPKc
                0x08007a80       0x1c build/./wirish/Print.o
                0x08007a80                _ZN5Print5writeEPKc
 .text._ZN5Print5writeEPKvj
                0x08007a9c       0x20 build/./wirish/Print.o
                0x08007a9c                _ZN5Print5writeEPKvj
 .text._ZN5Print5printEc
                0x08007abc        0xa build/./wirish/Print.o
                0x08007abc                _ZN5Print5printEc
 .text._ZN5Print5printEPKc
                0x08007ac6        0xa build/./wirish/Print.o
                0x08007ac6                _ZN5Print5printEPKc
 .text._ZN5Print7printlnEv
                0x08007ad0       0x16 build/./wirish/Print.o
                0x08007ad0                _ZN5Print7printlnEv
 .text._ZN5Print7printlnEPKc
                0x08007ae6       0x12 build/./wirish/Print.o
                0x08007ae6                _ZN5Print7printlnEPKc
 .text._Z8pwmWriteht
                0x08007af8       0x38 build/./wirish/pwm.o
                0x08007af8                _Z8pwmWriteht
 .text._ZN9USBSerialC1Ev
                0x08007b30       0x14 build/./wirish/usb_serial.o
                0x08007b30                _ZN9USBSerialC1Ev
 .text._ZN9USBSerial5writeEh
                0x08007b44       0x14 build/./wirish/usb_serial.o
                0x08007b44                _ZN9USBSerial5writeEh
 .text._ZN9USBSerial11isConnectedEv
                0x08007b58       0x18 build/./wirish/usb_serial.o
                0x08007b58                _ZN9USBSerial11isConnectedEv
 .text._ZL14ifaceSetupHookjPv
                0x08007b70       0x40 build/./wirish/usb_serial.o
 .text._ZN9USBSerial5writeEPKvj
                0x08007bb0       0x70 build/./wirish/usb_serial.o
                0x08007bb0                _ZN9USBSerial5writeEPKvj
 .text._ZN9USBSerial5writeEPKc
                0x08007c20       0x1a build/./wirish/usb_serial.o
                0x08007c20                _ZN9USBSerial5writeEPKc
 *fill*         0x08007c3a        0x2 00
 .text._ZN9USBSerial5beginEv
                0x08007c3c       0x2c build/./wirish/usb_serial.o
                0x08007c3c                _ZN9USBSerial5beginEv
 .text._ZL6rxHookjPv
                0x08007c68       0x90 build/./wirish/usb_serial.o
 .text._GLOBAL__I__ZN9USBSerialC2Ev
                0x08007cf8        0xc build/./wirish/usb_serial.o
 .text._ZL10wait_resetv
                0x08007d04       0x10 build/./wirish/usb_serial.o
 .text._Z11digitalReadh
                0x08007d14       0x2c build/./wirish/wirish_digital.o
                0x08007d14                _Z11digitalReadh
 .text._Z12digitalWritehh
                0x08007d40       0x30 build/./wirish/wirish_digital.o
                0x08007d40                _Z12digitalWritehh
 .text._Z9togglePinh
                0x08007d70       0x24 build/./wirish/wirish_digital.o
                0x08007d70                _Z9togglePinh
 .text._Z17delayMicrosecondsj
                0x08007d94        0xe build/./wirish/wirish_time.o
                0x08007d94                _Z17delayMicrosecondsj
 .text._Z5delaym
                0x08007da2       0x18 build/./wirish/wirish_time.o
                0x08007da2                _Z5delaym
 .text._ZN6wirish4priv15board_reset_pllEv
                0x08007dba        0x2 build/./wirish/stm32f1/boards_setup.o
                0x08007dba                _ZN6wirish4priv15board_reset_pllEv
 .text._ZN6wirish4priv11series_initEv
                0x08007dbc        0x4 build/./wirish/stm32f1/boards_setup.o
                0x08007dbc                _ZN6wirish4priv11series_initEv
 .text._ZN6wirish4priv15board_setup_usbEv
                0x08007dc0        0xc build/./wirish/stm32f1/boards_setup.o
                0x08007dc0                _ZN6wirish4priv15board_setup_usbEv
 .text._ZN6wirish4priv16board_setup_gpioEv
                0x08007dcc        0x4 build/./wirish/stm32f1/boards_setup.o
                0x08007dcc                _ZN6wirish4priv16board_setup_gpioEv
 .text._ZN6wirish4priv28board_setup_clock_prescalersEv
                0x08007dd0       0x20 build/./wirish/stm32f1/boards_setup.o
                0x08007dd0                _ZN6wirish4priv28board_setup_clock_prescalersEv
 .text._Z7pinModeh13WiringPinMode
                0x08007df0       0x88 build/./wirish/stm32f1/wirish_digital.o
                0x08007df0                _Z7pinModeh13WiringPinMode
 .text._GLOBAL__I_PIN_MAP
                0x08007e78      0x158 build/./wirish/boards/maple/board.o
 .text._ZN8WireBase5beginEh
                0x08007fd0       0x14 build/./libraries/Wire/WireBase.o
                0x08007fd0                _ZN8WireBase5beginEh
 .text._ZN8WireBaseC2Ev
                0x08007fe4        0xc build/./libraries/Wire/HardWire.o
                0x08007fe4                _ZN8WireBaseC2Ev
 .text._ZN8WireBaseD2Ev
                0x08007ff0        0xc build/./libraries/Wire/HardWire.o
                0x08007ff0                _ZN8WireBaseD2Ev
 .text._ZN7TwoWireC1Ehhh
                0x08007ffc       0x28 build/./libraries/Wire/Wire.o
                0x08007ffc                _ZN7TwoWireC1Ehhh
 .text._ZN7TwoWireD1Ev
                0x08008024       0x20 build/./libraries/Wire/Wire.o
                0x08008024                _ZN7TwoWireD1Ev
 .text._ZN7TwoWire7set_sdaEb
                0x08008044       0x18 build/./libraries/Wire/Wire.o
                0x08008044                _ZN7TwoWire7set_sdaEb
 .text._ZN7TwoWire7set_sclEb
                0x0800805c       0x30 build/./libraries/Wire/Wire.o
                0x0800805c                _ZN7TwoWire7set_sclEb
 .text._ZN7TwoWire5beginEh
                0x0800808c       0x3e build/./libraries/Wire/Wire.o
                0x0800808c                _ZN7TwoWire5beginEh
 .text._ZN7TwoWire13i2c_shift_outEh
                0x080080ca       0x2c build/./libraries/Wire/Wire.o
                0x080080ca                _ZN7TwoWire13i2c_shift_outEh
 .text._ZN7TwoWire12i2c_shift_inEv
                0x080080f6       0x34 build/./libraries/Wire/Wire.o
                0x080080f6                _ZN7TwoWire12i2c_shift_inEv
 .text._ZN7TwoWire13i2c_send_nackEv
                0x0800812a       0x1e build/./libraries/Wire/Wire.o
                0x0800812a                _ZN7TwoWire13i2c_send_nackEv
 .text._ZN7TwoWire12i2c_send_ackEv
                0x08008148       0x1e build/./libraries/Wire/Wire.o
                0x08008148                _ZN7TwoWire12i2c_send_ackEv
 .text._ZN7TwoWire11i2c_get_ackEv
                0x08008166       0x36 build/./libraries/Wire/Wire.o
                0x08008166                _ZN7TwoWire11i2c_get_ackEv
 .text._ZN7TwoWire8i2c_stopEv
                0x0800819c       0x1e build/./libraries/Wire/Wire.o
                0x0800819c                _ZN7TwoWire8i2c_stopEv
 .text._ZN7TwoWire9i2c_startEv
                0x080081ba       0x16 build/./libraries/Wire/Wire.o
                0x080081ba                _ZN7TwoWire9i2c_startEv
 .text._ZN7TwoWire7processEv
                0x080081d0       0x98 build/./libraries/Wire/Wire.o
                0x080081d0                _ZN7TwoWire7processEv
 .text._GLOBAL__I__ZN7TwoWire7set_sclEb
                0x08008268       0x2c build/./libraries/Wire/Wire.o
 .text.__exc_svc
                0x08008294       0x24 build/./libraries/FreeRTOS/utility/port.o
                0x08008294                __exc_svc
 .text.__exc_pendsv
                0x080082b8       0x40 build/./libraries/FreeRTOS/utility/port.o
                0x080082b8                __exc_pendsv
 .text.vTaskSwitchContext
                0x080082f8       0xf0 build/./libraries/FreeRTOS/utility/tasks.o
                0x080082f8                vTaskSwitchContext
 .text.vApplicationStackOverflowHook
                0x080083e8        0x2 build/./libraries/FreeRTOS/MapleFreeRTOS.o
                0x080083e8                vApplicationStackOverflowHook
 .text._Z7premainv
                0x080083ea        0x4 build/main.o
                0x080083ea                _Z7premainv
 .text._Z4loopv
                0x080083ee       0x12 build/main.o
                0x080083ee                _Z4loopv
 .text._Z5setupv
                0x08008400       0x4c build/main.o
                0x08008400                _Z5setupv
 .text.main     0x0800844c        0xc build/main.o
                0x0800844c                main
 .text.__aeabi_atexit
                0x08008458        0xc /opt/arm/bin/../lib/gcc/arm-none-eabi/4.4.1/../../../../arm-none-eabi/lib/thumb2/libstdc++.a(atexit_arm.o)
                0x08008458                __aeabi_atexit
 .text._GLOBAL__I___cxa_allocate_exception
                0x08008464        0x4 /opt/arm/bin/../lib/gcc/arm-none-eabi/4.4.1/../../../../arm-none-eabi/lib/thumb2/libstdc++.a(eh_alloc.o)
 .text          0x08008468       0x10 /opt/arm/bin/../lib/gcc/arm-none-eabi/4.4.1/../../../../arm-none-eabi/lib/thumb2/libc.a(lib_a-cxa_atexit.o)
                0x08008468                __cxa_atexit
 .text          0x08008478        0xc /opt/arm/bin/../lib/gcc/arm-none-eabi/4.4.1/../../../../arm-none-eabi/lib/thumb2/libc.a(lib_a-errno.o)
                0x08008478                __errno
 .text          0x08008484       0x50 /opt/arm/bin/../lib/gcc/arm-none-eabi/4.4.1/../../../../arm-none-eabi/lib/thumb2/libc.a(lib_a-init.o)
                0x08008484                __libc_init_array
 .text          0x080084d4       0x20 /opt/arm/bin/../lib/gcc/arm-none-eabi/4.4.1/../../../../arm-none-eabi/lib/thumb2/libc.a(lib_a-malloc.o)
                0x080084d4                free
                0x080084e4                malloc
 .text          0x080084f4      0x5a4 /opt/arm/bin/../lib/gcc/arm-none-eabi/4.4.1/../../../../arm-none-eabi/lib/thumb2/libc.a(lib_a-mallocr.o)
                0x080084f4                _malloc_r
 .text          0x08008a98       0x64 /opt/arm/bin/../lib/gcc/arm-none-eabi/4.4.1/../../../../arm-none-eabi/lib/thumb2/libc.a(lib_a-memcmp.o)
                0x08008a98                memcmp
 .text          0x08008afc        0x8 /opt/arm/bin/../lib/gcc/arm-none-eabi/4.4.1/../../../../arm-none-eabi/lib/thumb2/libc.a(lib_a-mlock.o)
                0x08008afc                __malloc_lock
                0x08008b00                __malloc_unlock
 .text          0x08008b04       0x28 /opt/arm/bin/../lib/gcc/arm-none-eabi/4.4.1/../../../../arm-none-eabi/lib/thumb2/libc.a(lib_a-sbrkr.o)
                0x08008b04                _sbrk_r
 .text          0x08008b2c       0x60 /opt/arm/bin/../lib/gcc/arm-none-eabi/4.4.1/../../../../arm-none-eabi/lib/thumb2/libc.a(lib_a-strlen.o)
                0x08008b2c                strlen
 .text          0x08008b8c       0xe8 /opt/arm/bin/../lib/gcc/arm-none-eabi/4.4.1/../../../../arm-none-eabi/lib/thumb2/libc.a(lib_a-__atexit.o)
                0x08008b8c                __register_exitproc
 .text          0x08008c74      0x268 /opt/arm/bin/../lib/gcc/arm-none-eabi/4.4.1/../../../../arm-none-eabi/lib/thumb2/libc.a(lib_a-freer.o)
                0x08008c74                _malloc_trim_r
                0x08008d1c                _free_r
 *(.plt)
 *(.gnu.warning)
 *(.glue_7t)
 .glue_7t       0x00000000        0x0 linker stubs
 *(.glue_7)
 .glue_7        0x00000000        0x0 linker stubs
 *(.vfp11_veneer)
 .vfp11_veneer  0x00000000        0x0 linker stubs
 *(.ARM.extab* .gnu.linkonce.armextab.*)
 *(.gcc_except_table)
 *(.eh_frame_hdr)
 *(.eh_frame)
                0x08008edc                . = ALIGN (0x4)
 *(.init)
 .init          0x08008edc        0x4 /opt/arm/bin/../lib/gcc/arm-none-eabi/4.4.1/thumb2/crti.o
                0x08008edc                _init
 .init          0x08008ee0        0x8 /opt/arm/bin/../lib/gcc/arm-none-eabi/4.4.1/thumb2/crtn.o
                0x08008ee8                . = ALIGN (0x4)
                0x08008ee8                __preinit_array_start = .
 *(.preinit_array)
                0x08008ee8                __preinit_array_end = .
                0x08008ee8                . = ALIGN (0x4)
                0x08008ee8                __init_array_start = .
 *(SORT(.init_array.*))
 *(.init_array)
 .init_array    0x08008ee8        0x4 /opt/arm/bin/../lib/gcc/arm-none-eabi/4.4.1/thumb2/crtbegin.o
 .init_array    0x08008eec        0x4 build/./wirish/HardwareSerial.o
 .init_array    0x08008ef0        0x4 build/./wirish/HardwareTimer.o
 .init_array    0x08008ef4        0x4 build/./wirish/usb_serial.o
 .init_array    0x08008ef8        0x4 build/./wirish/boards/maple/board.o
 .init_array    0x08008efc        0x4 build/./libraries/Wire/Wire.o
 .init_array    0x08008f00        0x4 build/main.o
 .init_array    0x08008f04        0x4 /opt/arm/bin/../lib/gcc/arm-none-eabi/4.4.1/../../../../arm-none-eabi/lib/thumb2/libstdc++.a(eh_alloc.o)
                0x08008f08                __init_array_end = .
                0x08008f08                . = ALIGN (0x4)
 *crtbegin.o(.ctors)
 *(EXCLUDE_FILE(*crtend.o) .ctors)
 *(SORT(.ctors.*))
 *crtend.o(.ctors)
                0x08008f08                . = ALIGN (0x4)
 *(.fini)
 .fini          0x08008f08        0x4 /opt/arm/bin/../lib/gcc/arm-none-eabi/4.4.1/thumb2/crti.o
                0x08008f08                _fini
 .fini          0x08008f0c        0x8 /opt/arm/bin/../lib/gcc/arm-none-eabi/4.4.1/thumb2/crtn.o
                0x08008f14                . = ALIGN (0x4)
                0x08008f14                __fini_array_start = .
 *(.fini_array)
 .fini_array    0x08008f14        0x4 /opt/arm/bin/../lib/gcc/arm-none-eabi/4.4.1/thumb2/crtbegin.o
 *(SORT(.fini_array.*))
                0x08008f18                __fini_array_end = .
 *crtbegin.o(.dtors)
 *(EXCLUDE_FILE(*crtend.o) .dtors)
 *(SORT(.dtors.*))
 *crtend.o(.dtors)

.v4_bx          0x08008f18        0x0
 .v4_bx         0x00000000        0x0 linker stubs

.text.align     0x08008f18        0x0
                0x08008f18                . = ALIGN (0x8)
                0x08008f18                __text_end__ = .
                0x08008f18                __exidx_start = .

.ARM.exidx      0x08008f18        0x8
 *(.ARM.exidx* .gnu.linkonce.armexidx.*)
 .ARM.exidx     0x08008f18        0x8 build/./wirish/start.o
 .ARM.exidx.text.__aeabi_atexit
                0x08008f20        0x0 /opt/arm/bin/../lib/gcc/arm-none-eabi/4.4.1/../../../../arm-none-eabi/lib/thumb2/libstdc++.a(atexit_arm.o)
                                  0x8 (size before relaxing)
 .ARM.exidx.text._GLOBAL__I___cxa_allocate_exception
                0x08008f20        0x0 /opt/arm/bin/../lib/gcc/arm-none-eabi/4.4.1/../../../../arm-none-eabi/lib/thumb2/libstdc++.a(eh_alloc.o)
                                  0x8 (size before relaxing)
                0x08008f20                __exidx_end = .

.data           0x20000c00      0xc20 load address 0x08008f20
                0x20000c00                . = ALIGN (0x8)
                0x20000c00                __data_start__ = .
 *(.got.plt)
 *(.got)
 *(.data .data.* .gnu.linkonce.d.*)
 .data          0x20000c00        0x4 /opt/arm/bin/../lib/gcc/arm-none-eabi/4.4.1/thumb2/crtbegin.o
                0x20000c00                __dso_handle
 .data.timer3   0x20000c04       0x24 build/./libmaple/timer.o
 .data.timer4   0x20000c28       0x24 build/./libmaple/timer.o
 .data.TIMER1   0x20000c4c        0x4 build/./libmaple/timer.o
                0x20000c4c                TIMER1
 .data.TIMER2   0x20000c50        0x4 build/./libmaple/timer.o
                0x20000c50                TIMER2
 .data.TIMER3   0x20000c54        0x4 build/./libmaple/timer.o
                0x20000c54                TIMER3
 .data.TIMER4   0x20000c58        0x4 build/./libmaple/timer.o
                0x20000c58                TIMER4
 .data.timer1   0x20000c5c       0x28 build/./libmaple/timer.o
 .data.timer2   0x20000c84       0x24 build/./libmaple/timer.o
 .data.USBLIB   0x20000ca8        0x4 build/./libmaple/usb/stm32f1/usb.o
                0x20000ca8                USBLIB
 .data.usblib   0x20000cac       0x10 build/./libmaple/usb/stm32f1/usb.o
 .data.Device_Descriptor
                0x20000cbc        0x8 build/./libmaple/usb/stm32f1/usb_cdcacm.o
 .data.Config_Descriptor
                0x20000cc4        0x8 build/./libmaple/usb/stm32f1/usb_cdcacm.o
 .data.Device_Property
                0x20000ccc       0x30 build/./libmaple/usb/stm32f1/usb_cdcacm.o
                0x20000ccc                Device_Property
 .data.ep_int_in
                0x20000cfc       0x1c build/./libmaple/usb/stm32f1/usb_cdcacm.o
 .data.String_Descriptor
                0x20000d18       0x18 build/./libmaple/usb/stm32f1/usb_cdcacm.o
 .data.ep_int_out
                0x20000d30       0x1c build/./libmaple/usb/stm32f1/usb_cdcacm.o
 .data.User_Standard_Requests
                0x20000d4c       0x24 build/./libmaple/usb/stm32f1/usb_cdcacm.o
                0x20000d4c                User_Standard_Requests
 .data.line_coding
                0x20000d70        0x8 build/./libmaple/usb/stm32f1/usb_cdcacm.o
 .data.Device_Table
                0x20000d78        0x4 build/./libmaple/usb/stm32f1/usb_cdcacm.o
                0x20000d78                Device_Table
 .data.adc1     0x20000d7c        0x8 build/./libmaple/stm32f1/adc.o
 .data.adc2     0x20000d84        0x8 build/./libmaple/stm32f1/adc.o
 .data.ADC1     0x20000d8c        0x4 build/./libmaple/stm32f1/adc.o
                0x20000d8c                ADC1
 .data.ADC2     0x20000d90        0x4 build/./libmaple/stm32f1/adc.o
                0x20000d90                ADC2
 .data.DMA1     0x20000d94        0x4 build/./libmaple/stm32f1/dma.o
                0x20000d94                DMA1
 .data.dma1     0x20000d98       0x40 build/./libmaple/stm32f1/dma.o
 .data.gpioa    0x20000dd8        0x8 build/./libmaple/stm32f1/gpio.o
                0x20000dd8                gpioa
 .data.gpiob    0x20000de0        0x8 build/./libmaple/stm32f1/gpio.o
                0x20000de0                gpiob
 .data.gpioc    0x20000de8        0x8 build/./libmaple/stm32f1/gpio.o
                0x20000de8                gpioc
 .data.gpiod    0x20000df0        0x8 build/./libmaple/stm32f1/gpio.o
                0x20000df0                gpiod
 .data.i2c1     0x20000df8       0x38 build/./libmaple/stm32f1/i2c.o
 .data.i2c2     0x20000e30       0x38 build/./libmaple/stm32f1/i2c.o
 .data.reset_regs.1599
                0x20000e68        0x8 build/./libmaple/stm32f1/rcc.o
 .data.enable_regs.1595
                0x20000e70        0xc build/./libmaple/stm32f1/rcc.o
 .data.USART1   0x20000e7c        0x4 build/./libmaple/stm32f1/usart.o
                0x20000e7c                USART1
 .data.USART2   0x20000e80        0x4 build/./libmaple/stm32f1/usart.o
                0x20000e80                USART2
 .data.USART3   0x20000e84        0x4 build/./libmaple/stm32f1/usart.o
                0x20000e84                USART3
 .data.usart1   0x20000e88       0x94 build/./libmaple/stm32f1/usart.o
 .data.usart2   0x20000f1c       0x94 build/./libmaple/stm32f1/usart.o
 .data.usart3   0x20000fb0       0x94 build/./libmaple/stm32f1/usart.o
 .data._ZN6wirish4privL8pll_dataE
                0x20001044        0x4 build/./wirish/stm32f1/boards_setup.o
 .data._ZN6wirish4priv9w_adc_smpE
                0x20001048        0x1 build/./wirish/stm32f1/boards_setup.o
                0x20001048                _ZN6wirish4priv9w_adc_smpE
 *fill*         0x20001049        0x1 00
 .data._ZN6wirish4priv9w_adc_preE
                0x2000104a        0x2 build/./wirish/stm32f1/boards_setup.o
                0x2000104a                _ZN6wirish4priv9w_adc_preE
 .data._ZN6wirish4priv15w_board_pll_cfgE
                0x2000104c        0x8 build/./wirish/stm32f1/boards_setup.o
                0x2000104c                _ZN6wirish4priv15w_board_pll_cfgE
 .data.PIN_MAP  0x20001054      0x2c0 build/./wirish/boards/maple/board.o
                0x20001054                PIN_MAP
 .data.uxPreviousTask
                0x20001314        0x4 build/./libraries/FreeRTOS/utility/tasks.o
 .data          0x20001318       0xf4 /opt/arm/bin/../lib/gcc/arm-none-eabi/4.4.1/../../../../arm-none-eabi/lib/thumb2/libc.a(lib_a-impure.o)
                0x20001318                _impure_ptr
 .data          0x2000140c      0x410 /opt/arm/bin/../lib/gcc/arm-none-eabi/4.4.1/../../../../arm-none-eabi/lib/thumb2/libc.a(lib_a-mallocr.o)
                0x2000140c                __malloc_av_
                0x20001814                __malloc_sbrk_base
                0x20001818                __malloc_trim_threshold
                0x20001820                . = ALIGN (0x8)
 *fill*         0x2000181c        0x4 00
                0x20001820                __data_end__ = .

.jcr            0x20001820        0x0 load address 0x08009b40
 .jcr           0x20001820        0x0 /opt/arm/bin/../lib/gcc/arm-none-eabi/4.4.1/thumb2/crtbegin.o

.rodata         0x08009b40      0x48c
 *(.rodata .rodata.* .gnu.linkonce.r.*)
 .rodata.str1.1
                0x08009b40       0x69 build/./libmaple/timer.o
 .rodata.str1.1
                0x08009ba9       0x3f build/./libmaple/util.o
                                 0x42 (size before relaxing)
 .rodata.str1.1
                0x08009be8       0x4b build/./libmaple/i2c.o
                                 0x4d (size before relaxing)
 .rodata.str1.1
                0x08009c33       0x2f build/./libmaple/usb/stm32f1/usb.o
 *fill*         0x08009c62        0x2 00
 .rodata.usbVcomDescriptor_iProduct
                0x08009c64        0xc build/./libmaple/usb/stm32f1/usb_cdcacm.o
 .rodata.usbVcomDescriptor_iManufacturer
                0x08009c70       0x14 build/./libmaple/usb/stm32f1/usb_cdcacm.o
 .rodata.usbVcomDescriptor_Device
                0x08009c84       0x14 build/./libmaple/usb/stm32f1/usb_cdcacm.o
 .rodata.usbVcomDescriptor_Config
                0x08009c98       0x44 build/./libmaple/usb/stm32f1/usb_cdcacm.o
 .rodata.usbVcomDescriptor_LangID
                0x08009cdc        0x4 build/./libmaple/usb/stm32f1/usb_cdcacm.o
 .rodata.CSWTCH.39
                0x08009ce0        0x8 build/./libmaple/usb/stm32f1/usb_cdcacm.o
 .rodata.GPIOA  0x08009ce8        0x4 build/./libmaple/stm32f1/gpio.o
                0x08009ce8                GPIOA
 .rodata.GPIOB  0x08009cec        0x4 build/./libmaple/stm32f1/gpio.o
                0x08009cec                GPIOB
 .rodata.GPIOC  0x08009cf0        0x4 build/./libmaple/stm32f1/gpio.o
                0x08009cf0                GPIOC
 .rodata.GPIOD  0x08009cf4        0x4 build/./libmaple/stm32f1/gpio.o
                0x08009cf4                GPIOD
 .rodata.masks.1604
                0x08009cf8       0x14 build/./libmaple/stm32f1/rcc.o
 .rodata.str1.1
                0x08009d0c       0x6d build/./libmaple/stm32f1/rcc.o
 *fill*         0x08009d79        0x3 00
 .rodata.rcc_dev_table
                0x08009d7c       0x5c build/./libmaple/stm32f1/rcc.o
                0x08009d7c                rcc_dev_table
 .rodata.str1.1
                0x08009dd8       0x25 build/./libmaple/stm32f1/usart.o
 .rodata.str1.1
                0x08009dfd       0x3f build/./wirish/HardwareSerial.o
 *fill*         0x08009e3c        0x4 00
 .rodata._ZTV14HardwareSerial
                0x08009e40       0x18 build/./wirish/HardwareSerial.o
                0x08009e40                _ZTV14HardwareSerial
 .rodata.str1.1
                0x08009e58       0x2b build/./wirish/HardwareTimer.o
 *fill*         0x08009e83        0x5 00
 .rodata._ZTV5Print
                0x08009e88       0x18 build/./wirish/Print.o
                0x08009e88                _ZTV5Print
 .rodata.str1.1
                0x08009ea0       0x21 build/./wirish/pwm.o
 .rodata.str1.1
                0x08009ec1       0x16 build/./wirish/usb_serial.o
                                 0x18 (size before relaxing)
 *fill*         0x08009ed7        0x1 00
 .rodata._ZTV9USBSerial
                0x08009ed8       0x18 build/./wirish/usb_serial.o
                0x08009ed8                _ZTV9USBSerial
 .rodata.str1.1
                0x08009ef0       0x22 build/./wirish/stm32f1/wirish_digital.o
                                 0x24 (size before relaxing)
 *fill*         0x08009f12        0x6 00
 .rodata._ZTV8WireBase
                0x08009f18       0x10 build/./libraries/Wire/WireBase.o
                0x08009f18                _ZTV8WireBase
 .rodata._ZTV7TwoWire
                0x08009f28       0x10 build/./libraries/Wire/Wire.o
                0x08009f28                _ZTV7TwoWire
 .rodata.ucExpectedStackBytes.3388
                0x08009f38       0x14 build/./libraries/FreeRTOS/utility/tasks.o
 .rodata.str1.1
                0x08009f4c       0x14 build/main.o
 .rodata        0x08009f60        0x4 /opt/arm/bin/../lib/gcc/arm-none-eabi/4.4.1/../../../../arm-none-eabi/lib/thumb2/libc.a(lib_a-impure.o)
                0x08009f60                _global_impure_ptr
 .rodata.str1.4
                0x08009f64        0x4 /opt/arm/bin/../lib/gcc/arm-none-eabi/4.4.1/../../../../arm-none-eabi/lib/thumb2/libc.a(lib_a-impure.o)
 .rodata        0x08009f68       0x60 /opt/arm/bin/../lib/gcc/arm-none-eabi/4.4.1/../../../../arm-none-eabi/lib/thumb2/libc.a(lib_a-findfp.o)
                0x08009f68                __sf_fake_stdin
                0x08009f88                __sf_fake_stdout
                0x08009fa8                __sf_fake_stderr
 *(.USER_FLASH)
                0x08009fc8                . = ALIGN (0x4)
                0x08009fc8                _lm_rom_img_cfgp = .
                0x08009fc8        0x4 LONG 0x8008f20 LOADADDR (.data)
                [0x20001af0]                _lm_heap_start = DEFINED (_lm_heap_start)?_lm_heap_start:_end
                [0x20005000]                _lm_heap_end = DEFINED (_lm_heap_end)?_lm_heap_end:__msp_init

.bss            0x20001820      0x2d0
                0x20001820                . = ALIGN (0x8)
                0x20001820                __bss_start__ = .
 *(.bss .bss.* .gnu.linkonce.b.*)
 .bss           0x20001820        0x1 /opt/arm/bin/../lib/gcc/arm-none-eabi/4.4.1/thumb2/crtbegin.o
 *fill*         0x20001821        0x3 00
 .bss.exti_channels
                0x20001824       0x80 build/./libmaple/exti.o
 .bss.systick_user_callback
                0x200018a4        0x4 build/./libmaple/systick.o
 .bss.n_unsent_bytes
                0x200018a8        0x4 build/./libmaple/usb/stm32f1/usb_cdcacm.o
 .bss.vcomBufferRx
                0x200018ac       0x40 build/./libmaple/usb/stm32f1/usb_cdcacm.o
 .bss.rx_hook   0x200018ec        0x4 build/./libmaple/usb/stm32f1/usb_cdcacm.o
 .bss.rx_offset
                0x200018f0        0x4 build/./libmaple/usb/stm32f1/usb_cdcacm.o
 .bss.line_dtr_rts
                0x200018f4        0x1 build/./libmaple/usb/stm32f1/usb_cdcacm.o
 .bss.transmitting
                0x200018f5        0x1 build/./libmaple/usb/stm32f1/usb_cdcacm.o
 *fill*         0x200018f6        0x2 00
 .bss.iface_setup_hook
                0x200018f8        0x4 build/./libmaple/usb/stm32f1/usb_cdcacm.o
 .bss.n_unread_bytes
                0x200018fc        0x4 build/./libmaple/usb/stm32f1/usb_cdcacm.o
 .bss.Data_Mul_MaxPacketSize
                0x20001900        0x1 build/./libmaple/usb/usb_lib/usb_core.o
                0x20001900                Data_Mul_MaxPacketSize
 *fill*         0x20001901        0x3 00
 .bss.usart2_tx_rb
                0x20001904        0xc build/./libmaple/stm32f1/usart.o
 .bss.usart1_rb
                0x20001910        0xc build/./libmaple/stm32f1/usart.o
 .bss.usart2_rb
                0x2000191c        0xc build/./libmaple/stm32f1/usart.o
 .bss.usart3_rb
                0x20001928        0xc build/./libmaple/stm32f1/usart.o
 .bss.usart3_tx_rb
                0x20001934        0xc build/./libmaple/stm32f1/usart.o
 .bss.usart1_tx_rb
                0x20001940        0xc build/./libmaple/stm32f1/usart.o
 .bss.pbreak.1616
                0x2000194c        0x4 build/./wirish/syscalls.o
 .bss.Serial1   0x20001950        0xc build/./wirish/HardwareSerial.o
                0x20001950                Serial1
 .bss.Serial2   0x2000195c        0xc build/./wirish/HardwareSerial.o
                0x2000195c                Serial2
 .bss.Serial3   0x20001968        0xc build/./wirish/HardwareSerial.o
                0x20001968                Serial3
 .bss.Timer1    0x20001974        0x4 build/./wirish/HardwareTimer.o
                0x20001974                Timer1
 .bss.Timer2    0x20001978        0x4 build/./wirish/HardwareTimer.o
                0x20001978                Timer2
 .bss.Timer3    0x2000197c        0x4 build/./wirish/HardwareTimer.o
                0x2000197c                Timer3
 .bss.Timer4    0x20001980        0x4 build/./wirish/HardwareTimer.o
                0x20001980                Timer4
 .bss._ZL7this_id
                0x20001984        0x1 build/./wirish/HardwareTimer.o
 *fill*         0x20001985        0x3 00
 .bss._ZL9this_devp
                0x20001988        0x4 build/./wirish/HardwareTimer.o
 .bss._ZL11reset_state
                0x2000198c        0x1 build/./wirish/usb_serial.o
 *fill*         0x2000198d        0x3 00
 .bss.SerialUSB
                0x20001990        0x4 build/./wirish/usb_serial.o
                0x20001990                SerialUSB
 .bss.Wire      0x20001994       0x58 build/./libraries/Wire/Wire.o
                0x20001994                Wire
 .bss.uxTopReadyPriority
                0x200019ec        0x4 build/./libraries/FreeRTOS/utility/tasks.o
 .bss.xTickCount
                0x200019f0        0x4 build/./libraries/FreeRTOS/utility/tasks.o
 .bss.pxReadyTasksLists
                0x200019f4       0x64 build/./libraries/FreeRTOS/utility/tasks.o
 .bss.xTracing  0x20001a58        0x4 build/./libraries/FreeRTOS/utility/tasks.o
 .bss.xMissedYield
                0x20001a5c        0x4 build/./libraries/FreeRTOS/utility/tasks.o
 .bss.pcTraceBuffer
                0x20001a60        0x4 build/./libraries/FreeRTOS/utility/tasks.o
 .bss.pxCurrentTCB
                0x20001a64        0x4 build/./libraries/FreeRTOS/utility/tasks.o
                0x20001a64                pxCurrentTCB
 .bss.uxSchedulerSuspended
                0x20001a68        0x4 build/./libraries/FreeRTOS/utility/tasks.o
 .bss.pcTraceBufferEnd
                0x20001a6c        0x4 build/./libraries/FreeRTOS/utility/tasks.o
 .bss           0x20001a70       0x34 /opt/arm/bin/../lib/gcc/arm-none-eabi/4.4.1/../../../../arm-none-eabi/lib/thumb2/libc.a(lib_a-mallocr.o)
                0x20001a70                __malloc_top_pad
                0x20001a74                __malloc_current_mallinfo
                0x20001a9c                __malloc_max_sbrked_mem
                0x20001aa0                __malloc_max_total_mem
 *(COMMON)
 COMMON         0x20001aa4        0x4 build/./libmaple/systick.o
                0x20001aa4                systick_uptime_millis
 COMMON         0x20001aa8        0x6 build/./libmaple/usb/stm32f1/usb.o
                0x20001aa8                SaveRState
                0x20001aaa                SaveTState
                0x20001aac                ResumeS
 *fill*         0x20001aae        0x2 00
 COMMON         0x20001ab0        0x2 build/./libmaple/usb/usb_lib/usb_core.o
                0x20001ab0                StatusInfo
 *fill*         0x20001ab2        0x2 00
 COMMON         0x20001ab4       0x32 build/./libmaple/usb/usb_lib/usb_init.o
                0x20001ab4                SaveState
                0x20001ab8                pProperty
                0x20001abc                EPindex
                0x20001ac0                Device_Info
                0x20001adc                pUser_Standard_Requests
                0x20001ae0                pInformation
                0x20001ae4                wInterrupt_Mask
 *fill*         0x20001ae6        0x2 00
 COMMON         0x20001ae8        0x4 /opt/arm/bin/../lib/gcc/arm-none-eabi/4.4.1/../../../../arm-none-eabi/lib/thumb2/libc.a(lib_a-reent.o)
                0x20001ae8                errno
                0x20001af0                . = ALIGN (0x8)
 *fill*         0x20001aec        0x4 00
                0x20001af0                __bss_end__ = .
                0x20001af0                _end = __bss_end__

.stab
 *(.stab)

.stabstr
 *(.stabstr)

.debug
 *(.debug)

.line
 *(.line)

.debug_srcinfo
 *(.debug_srcinfo)

.debug_sfnames
 *(.debug_sfnames)

.comment        0x00000000      0xbc2
 .comment       0x00000000       0x2b build/./libmaple/adc.o
 .comment       0x0000002b       0x2b build/./libmaple/dac.o
 .comment       0x00000056       0x2b build/./libmaple/dma.o
 .comment       0x00000081       0x2b build/./libmaple/exti.o
 .comment       0x000000ac       0x2b build/./libmaple/flash.o
 .comment       0x000000d7       0x2b build/./libmaple/gpio.o
 .comment       0x00000102       0x2b build/./libmaple/iwdg.o
 .comment       0x0000012d       0x2b build/./libmaple/nvic.o
 .comment       0x00000158       0x2b build/./libmaple/pwr.o
 .comment       0x00000183       0x2b build/./libmaple/rcc.o
 .comment       0x000001ae       0x2b build/./libmaple/spi.o
 .comment       0x000001d9       0x2b build/./libmaple/systick.o
 .comment       0x00000204       0x2b build/./libmaple/timer.o
 .comment       0x0000022f       0x2b build/./libmaple/usart.o
 .comment       0x0000025a       0x2b build/./libmaple/usart_private.o
 .comment       0x00000285       0x2b build/./libmaple/util.o
 .comment       0x000002b0       0x2b build/./libmaple/i2c.o
 .comment       0x000002db       0x2b build/./libmaple/usb/stm32f1/usb.o
 .comment       0x00000306       0x2b build/./libmaple/usb/stm32f1/usb_reg_map.o
 .comment       0x00000331       0x2b build/./libmaple/usb/stm32f1/usb_cdcacm.o
 .comment       0x0000035c       0x2b build/./libmaple/usb/usb_lib/usb_core.o
 .comment       0x00000387       0x2b build/./libmaple/usb/usb_lib/usb_init.o
 .comment       0x000003b2       0x2b build/./libmaple/usb/usb_lib/usb_mem.o
 .comment       0x000003dd       0x2b build/./libmaple/usb/usb_lib/usb_regs.o
 .comment       0x00000408       0x2b build/./libmaple/stm32f1/adc.o
 .comment       0x00000433       0x2b build/./libmaple/stm32f1/bkp.o
 .comment       0x0000045e       0x2b build/./libmaple/stm32f1/dma.o
 .comment       0x00000489       0x2b build/./libmaple/stm32f1/exti.o
 .comment       0x000004b4       0x2b build/./libmaple/stm32f1/fsmc.o
 .comment       0x000004df       0x2b build/./libmaple/stm32f1/gpio.o
 .comment       0x0000050a       0x2b build/./libmaple/stm32f1/i2c.o
 .comment       0x00000535       0x2b build/./libmaple/stm32f1/rcc.o
 .comment       0x00000560       0x2b build/./libmaple/stm32f1/spi.o
 .comment       0x0000058b       0x2b build/./libmaple/stm32f1/timer.o
 .comment       0x000005b6       0x2b build/./libmaple/stm32f1/usart.o
 .comment       0x000005e1       0x2b build/./wirish/start_c.o
 .comment       0x0000060c       0x2b build/./wirish/syscalls.o
 .comment       0x00000637       0x2b build/./wirish/stm32f1/util_hooks.o
 .comment       0x00000662       0x2b build/./wirish/boards.o
 .comment       0x0000068d       0x2b build/./wirish/cxxabi-compat.o
 .comment       0x000006b8       0x2b build/./wirish/ext_interrupts.o
 .comment       0x000006e3       0x2b build/./wirish/HardwareSerial.o
 .comment       0x0000070e       0x2b build/./wirish/HardwareTimer.o
 .comment       0x00000739       0x2b build/./wirish/Print.o
 .comment       0x00000764       0x2b build/./wirish/pwm.o
 .comment       0x0000078f       0x2b build/./wirish/usb_serial.o
 .comment       0x000007ba       0x2b build/./wirish/HardwareSPI.o
 .comment       0x000007e5       0x2b build/./wirish/wirish_analog.o
 .comment       0x00000810       0x2b build/./wirish/wirish_digital.o
 .comment       0x0000083b       0x2b build/./wirish/wirish_math.o
 .comment       0x00000866       0x2b build/./wirish/wirish_shift.o
 .comment       0x00000891       0x2b build/./wirish/wirish_time.o
 .comment       0x000008bc       0x2b build/./wirish/stm32f1/boards_setup.o
 .comment       0x000008e7       0x2b build/./wirish/stm32f1/wirish_digital.o
 .comment       0x00000912       0x2b build/./wirish/stm32f1/wirish_debug.o
 .comment       0x0000093d       0x2b build/./wirish/boards/maple/board.o
 .comment       0x00000968       0x2b build/./libraries/Servo/Servo.o
 .comment       0x00000993       0x2b build/./libraries/LiquidCrystal/LiquidCrystal.o
 .comment       0x000009be       0x2b build/./libraries/Wire/WireBase.o
 .comment       0x000009e9       0x2b build/./libraries/Wire/HardWire.o
 .comment       0x00000a14       0x2b build/./libraries/Wire/Wire.o
 .comment       0x00000a3f       0x2b build/./libraries/FreeRTOS/utility/croutine.o
 .comment       0x00000a6a       0x2b build/./libraries/FreeRTOS/utility/heap_2.o
 .comment       0x00000a95       0x2b build/./libraries/FreeRTOS/utility/list.o
 .comment       0x00000ac0       0x2b build/./libraries/FreeRTOS/utility/port.o
 .comment       0x00000aeb       0x2b build/./libraries/FreeRTOS/utility/queue.o
 .comment       0x00000b16       0x2b build/./libraries/FreeRTOS/utility/timers.o
 .comment       0x00000b41       0x2b build/./libraries/FreeRTOS/utility/tasks.o
 .comment       0x00000b6c       0x2b build/./libraries/FreeRTOS/MapleFreeRTOS.o
 .comment       0x00000b97       0x2b build/main.o

.debug_aranges  0x00000000     0x1a08
 *(.debug_aranges)
 .debug_aranges
                0x00000000       0x38 build/./libmaple/adc.o
 .debug_aranges
                0x00000038       0x38 build/./libmaple/dac.o
 .debug_aranges
                0x00000070       0x28 build/./libmaple/dma.o
 .debug_aranges
                0x00000098       0x80 build/./libmaple/exti.o
 .debug_aranges
                0x00000118       0x20 build/./libmaple/flash.o
 .debug_aranges
                0x00000138       0x20 build/./libmaple/gpio.o
 .debug_aranges
                0x00000158       0x28 build/./libmaple/iwdg.o
 .debug_aranges
                0x00000180       0x38 build/./libmaple/nvic.o
 .debug_aranges
                0x000001b8       0x20 build/./libmaple/pwr.o
 .debug_aranges
                0x000001d8       0x58 build/./libmaple/rcc.o
 .debug_aranges
                0x00000230       0x78 build/./libmaple/spi.o
 .debug_aranges
                0x000002a8       0x40 build/./libmaple/systick.o
 .debug_aranges
                0x000002e8       0x78 build/./libmaple/timer.o
 .debug_aranges
                0x00000360       0x68 build/./libmaple/usart.o
 .debug_aranges
                0x000003c8       0x20 build/./libmaple/usart_private.o
 .debug_aranges
                0x000003e8       0x58 build/./libmaple/util.o
 .debug_aranges
                0x00000440       0xc8 build/./libmaple/i2c.o
 .debug_aranges
                0x00000508       0x58 build/./libmaple/usb/stm32f1/usb.o
 .debug_aranges
                0x00000560       0x50 build/./libmaple/usb/stm32f1/usb_reg_map.o
 .debug_aranges
                0x000005b0      0x140 build/./libmaple/usb/stm32f1/usb_cdcacm.o
 .debug_aranges
                0x000006f0       0x98 build/./libmaple/usb/usb_lib/usb_core.o
 .debug_aranges
                0x00000788       0x20 build/./libmaple/usb/usb_lib/usb_init.o
 .debug_aranges
                0x000007a8       0x28 build/./libmaple/usb/usb_lib/usb_mem.o
 .debug_aranges
                0x000007d0      0x1f0 build/./libmaple/usb/usb_lib/usb_regs.o
 .debug_aranges
                0x000009c0       0x48 build/./libmaple/stm32f1/adc.o
 .debug_aranges
                0x00000a08       0x50 build/./libmaple/stm32f1/bkp.o
 .debug_aranges
                0x00000a58       0xe0 build/./libmaple/stm32f1/dma.o
 .debug_aranges
                0x00000b38       0x20 build/./libmaple/stm32f1/exti.o
 .debug_aranges
                0x00000b58       0x38 build/./libmaple/stm32f1/gpio.o
 .debug_aranges
                0x00000b90       0x68 build/./libmaple/stm32f1/i2c.o
 .debug_aranges
                0x00000bf8       0x48 build/./libmaple/stm32f1/rcc.o
 .debug_aranges
                0x00000c40       0x28 build/./libmaple/stm32f1/spi.o
 .debug_aranges
                0x00000c68       0x50 build/./libmaple/stm32f1/timer.o
 .debug_aranges
                0x00000cb8       0x58 build/./libmaple/stm32f1/usart.o
 .debug_aranges
                0x00000d10       0x20 build/./wirish/start_c.o
 .debug_aranges
                0x00000d30       0x88 build/./wirish/syscalls.o
 .debug_aranges
                0x00000db8       0x38 build/./wirish/stm32f1/util_hooks.o
 .debug_aranges
                0x00000df0       0x48 build/./wirish/boards.o
 .debug_aranges
                0x00000e38       0x20 build/./wirish/cxxabi-compat.o
 .debug_aranges
                0x00000e58       0x40 build/./wirish/ext_interrupts.o
 .debug_aranges
                0x00000e98       0x68 build/./wirish/HardwareSerial.o
 .debug_aranges
                0x00000f00       0xb8 build/./wirish/HardwareTimer.o
 .debug_aranges
                0x00000fb8       0xe0 build/./wirish/Print.o
 .debug_aranges
                0x00001098       0x20 build/./wirish/pwm.o
 .debug_aranges
                0x000010b8       0xb0 build/./wirish/usb_serial.o
 .debug_aranges
                0x00001168       0xd0 build/./wirish/HardwareSPI.o
 .debug_aranges
                0x00001238       0x20 build/./wirish/wirish_analog.o
 .debug_aranges
                0x00001258       0x40 build/./wirish/wirish_digital.o
 .debug_aranges
                0x00001298       0x30 build/./wirish/wirish_math.o
 .debug_aranges
                0x000012c8       0x20 build/./wirish/wirish_shift.o
 .debug_aranges
                0x000012e8       0x28 build/./wirish/wirish_time.o
 .debug_aranges
                0x00001310       0x40 build/./wirish/stm32f1/boards_setup.o
 .debug_aranges
                0x00001350       0x20 build/./wirish/stm32f1/wirish_digital.o
 .debug_aranges
                0x00001370       0x30 build/./wirish/stm32f1/wirish_debug.o
 .debug_aranges
                0x000013a0       0x20 build/./wirish/boards/maple/board.o
 .debug_aranges
                0x000013c0       0x78 build/./libraries/Servo/Servo.o
 .debug_aranges
                0x00001438      0x120 build/./libraries/LiquidCrystal/LiquidCrystal.o
 .debug_aranges
                0x00001558       0x80 build/./libraries/Wire/WireBase.o
 .debug_aranges
                0x000015d8       0x58 build/./libraries/Wire/HardWire.o
 .debug_aranges
                0x00001630       0xa8 build/./libraries/Wire/Wire.o
 .debug_aranges
                0x000016d8       0x38 build/./libraries/FreeRTOS/utility/croutine.o
 .debug_aranges
                0x00001710       0x38 build/./libraries/FreeRTOS/utility/heap_2.o
 .debug_aranges
                0x00001748       0x40 build/./libraries/FreeRTOS/utility/list.o
 .debug_aranges
                0x00001788       0x68 build/./libraries/FreeRTOS/utility/port.o
 .debug_aranges
                0x000017f0       0xa0 build/./libraries/FreeRTOS/utility/queue.o
 .debug_aranges
                0x00001890      0x120 build/./libraries/FreeRTOS/utility/tasks.o
 .debug_aranges
                0x000019b0       0x20 build/./libraries/FreeRTOS/MapleFreeRTOS.o
 .debug_aranges
                0x000019d0       0x38 build/main.o

.debug_pubnames
                0x00000000     0x3374
 *(.debug_pubnames)
 .debug_pubnames
                0x00000000       0x57 build/./libmaple/adc.o
 .debug_pubnames
                0x00000057       0x64 build/./libmaple/dac.o
 .debug_pubnames
                0x000000bb       0x32 build/./libmaple/dma.o
 .debug_pubnames
                0x000000ed       0xe8 build/./libmaple/exti.o
 .debug_pubnames
                0x000001d5       0x28 build/./libmaple/flash.o
 .debug_pubnames
                0x000001fd       0x20 build/./libmaple/gpio.o
 .debug_pubnames
                0x0000021d       0x2e build/./libmaple/iwdg.o
 .debug_pubnames
                0x0000024b       0x67 build/./libmaple/nvic.o
 .debug_pubnames
                0x000002b2       0x1f build/./libmaple/pwr.o
 .debug_pubnames
                0x000002d1       0x88 build/./libmaple/rcc.o
 .debug_pubnames
                0x00000359       0xe4 build/./libmaple/spi.o
 .debug_pubnames
                0x0000043d       0x92 build/./libmaple/systick.o
 .debug_pubnames
                0x000004cf       0xd3 build/./libmaple/timer.o
 .debug_pubnames
                0x000005a2       0x70 build/./libmaple/usart.o
 .debug_pubnames
                0x00000612       0x28 build/./libmaple/usart_private.o
 .debug_pubnames
                0x0000063a       0x4e build/./libmaple/util.o
 .debug_pubnames
                0x00000688       0xe8 build/./libmaple/i2c.o
 .debug_pubnames
                0x00000770       0x74 build/./libmaple/usb/stm32f1/usb.o
 .debug_pubnames
                0x000007e4       0x71 build/./libmaple/usb/stm32f1/usb_reg_map.o
 .debug_pubnames
                0x00000855      0x1f7 build/./libmaple/usb/stm32f1/usb_cdcacm.o
 .debug_pubnames
                0x00000a4c      0x1a5 build/./libmaple/usb/usb_lib/usb_core.o
 .debug_pubnames
                0x00000bf1       0x98 build/./libmaple/usb/usb_lib/usb_init.o
 .debug_pubnames
                0x00000c89       0x42 build/./libmaple/usb/usb_lib/usb_mem.o
 .debug_pubnames
                0x00000ccb      0x419 build/./libmaple/usb/usb_lib/usb_regs.o
 .debug_pubnames
                0x000010e4       0x8e build/./libmaple/stm32f1/adc.o
 .debug_pubnames
                0x00001172       0x77 build/./libmaple/stm32f1/bkp.o
 .debug_pubnames
                0x000011e9      0x1ab build/./libmaple/stm32f1/dma.o
 .debug_pubnames
                0x00001394       0x22 build/./libmaple/stm32f1/exti.o
 .debug_pubnames
                0x000013b6       0xa3 build/./libmaple/stm32f1/gpio.o
 .debug_pubnames
                0x00001459       0xb8 build/./libmaple/stm32f1/i2c.o
 .debug_pubnames
                0x00001511       0x86 build/./libmaple/stm32f1/rcc.o
 .debug_pubnames
                0x00001597       0x49 build/./libmaple/stm32f1/spi.o
 .debug_pubnames
                0x000015e0       0x8d build/./libmaple/stm32f1/timer.o
 .debug_pubnames
                0x0000166d       0xc1 build/./libmaple/stm32f1/usart.o
 .debug_pubnames
                0x0000172e       0x1e build/./wirish/start_c.o
 .debug_pubnames
                0x0000174c       0xa5 build/./wirish/syscalls.o
 .debug_pubnames
                0x000017f1       0x3d build/./wirish/stm32f1/util_hooks.o
 .debug_pubnames
                0x0000182e       0x3a build/./wirish/boards.o
 .debug_pubnames
                0x00001868       0x29 build/./wirish/cxxabi-compat.o
 .debug_pubnames
                0x00001891       0x4e build/./wirish/ext_interrupts.o
 .debug_pubnames
                0x000018df      0x12a build/./wirish/HardwareSerial.o
 .debug_pubnames
                0x00001a09      0x248 build/./wirish/HardwareTimer.o
 .debug_pubnames
                0x00001c51      0x1dc build/./wirish/Print.o
 .debug_pubnames
                0x00001e2d       0x1f build/./wirish/pwm.o
 .debug_pubnames
                0x00001e4c      0x169 build/./wirish/usb_serial.o
 .debug_pubnames
                0x00001fb5      0x1df build/./wirish/HardwareSPI.o
 .debug_pubnames
                0x00002194       0x21 build/./wirish/wirish_analog.o
 .debug_pubnames
                0x000021b5       0x6c build/./wirish/wirish_digital.o
 .debug_pubnames
                0x00002221       0x37 build/./wirish/wirish_math.o
 .debug_pubnames
                0x00002258       0x1f build/./wirish/wirish_shift.o
 .debug_pubnames
                0x00002277       0x32 build/./wirish/wirish_time.o
 .debug_pubnames
                0x000022a9       0xb0 build/./wirish/stm32f1/boards_setup.o
 .debug_pubnames
                0x00002359       0x1e build/./wirish/stm32f1/wirish_digital.o
 .debug_pubnames
                0x00002377       0x3d build/./wirish/stm32f1/wirish_debug.o
 .debug_pubnames
                0x000023b4       0x52 build/./wirish/boards/maple/board.o
 .debug_pubnames
                0x00002406       0xdd build/./libraries/Servo/Servo.o
 .debug_pubnames
                0x000024e3      0x3d8 build/./libraries/LiquidCrystal/LiquidCrystal.o
 .debug_pubnames
                0x000028bb      0x145 build/./libraries/Wire/WireBase.o
 .debug_pubnames
                0x00002a00       0xb5 build/./libraries/Wire/HardWire.o
 .debug_pubnames
                0x00002ab5      0x1a2 build/./libraries/Wire/Wire.o
 .debug_pubnames
                0x00002c57       0x96 build/./libraries/FreeRTOS/utility/croutine.o
 .debug_pubnames
                0x00002ced       0x64 build/./libraries/FreeRTOS/utility/heap_2.o
 .debug_pubnames
                0x00002d51       0x71 build/./libraries/FreeRTOS/utility/list.o
 .debug_pubnames
                0x00002dc2      0x101 build/./libraries/FreeRTOS/utility/port.o
 .debug_pubnames
                0x00002ec3      0x183 build/./libraries/FreeRTOS/utility/queue.o
 .debug_pubnames
                0x00003046      0x2c0 build/./libraries/FreeRTOS/utility/tasks.o
 .debug_pubnames
                0x00003306       0x34 build/./libraries/FreeRTOS/MapleFreeRTOS.o
 .debug_pubnames
                0x0000333a       0x3a build/main.o

.debug_info     0x00000000    0x242df
 *(.debug_info .gnu.linkonce.wi.*)
 .debug_info    0x00000000      0x563 build/./libmaple/adc.o
 .debug_info    0x00000563      0x4fb build/./libmaple/dac.o
 .debug_info    0x00000a5e      0x70b build/./libmaple/dma.o
 .debug_info    0x00001169      0xb4a build/./libmaple/exti.o
 .debug_info    0x00001cb3      0x11e build/./libmaple/flash.o
 .debug_info    0x00001dd1      0x2e3 build/./libmaple/gpio.o
 .debug_info    0x000020b4      0x14a build/./libmaple/iwdg.o
 .debug_info    0x000021fe      0x53e build/./libmaple/nvic.o
 .debug_info    0x0000273c      0x19d build/./libmaple/pwr.o
 .debug_info    0x000028d9      0x4bf build/./libmaple/rcc.o
 .debug_info    0x00002d98      0x977 build/./libmaple/spi.o
 .debug_info    0x0000370f      0x16b build/./libmaple/systick.o
 .debug_info    0x0000387a      0xfe0 build/./libmaple/timer.o
 .debug_info    0x0000485a      0xb74 build/./libmaple/usart.o
 .debug_info    0x000053ce      0x582 build/./libmaple/usart_private.o
 .debug_info    0x00005950      0x8d9 build/./libmaple/util.o
 .debug_info    0x00006229     0x123f build/./libmaple/i2c.o
 .debug_info    0x00007468      0xb48 build/./libmaple/usb/stm32f1/usb.o
 .debug_info    0x00007fb0      0x3bd build/./libmaple/usb/stm32f1/usb_reg_map.o
 .debug_info    0x0000836d     0x1be7 build/./libmaple/usb/stm32f1/usb_cdcacm.o
 .debug_info    0x00009f54      0xc01 build/./libmaple/usb/usb_lib/usb_core.o
 .debug_info    0x0000ab55      0x458 build/./libmaple/usb/usb_lib/usb_init.o
 .debug_info    0x0000afad      0x171 build/./libmaple/usb/usb_lib/usb_mem.o
 .debug_info    0x0000b11e      0xcc7 build/./libmaple/usb/usb_lib/usb_regs.o
 .debug_info    0x0000bde5      0x7af build/./libmaple/stm32f1/adc.o
 .debug_info    0x0000c594      0x488 build/./libmaple/stm32f1/bkp.o
 .debug_info    0x0000ca1c     0x15bc build/./libmaple/stm32f1/dma.o
 .debug_info    0x0000dfd8      0x1dd build/./libmaple/stm32f1/exti.o
 .debug_info    0x0000e1b5       0x29 build/./libmaple/stm32f1/fsmc.o
 .debug_info    0x0000e1de      0x5b9 build/./libmaple/stm32f1/gpio.o
 .debug_info    0x0000e797      0xa43 build/./libmaple/stm32f1/i2c.o
 .debug_info    0x0000f1da      0x84f build/./libmaple/stm32f1/rcc.o
 .debug_info    0x0000fa29      0x6d3 build/./libmaple/stm32f1/spi.o
 .debug_info    0x000100fc      0xd28 build/./libmaple/stm32f1/timer.o
 .debug_info    0x00010e24      0x9e4 build/./libmaple/stm32f1/usart.o
 .debug_info    0x00011808      0x112 build/./wirish/start_c.o
 .debug_info    0x0001191a      0x568 build/./wirish/syscalls.o
 .debug_info    0x00011e82      0xae2 build/./wirish/stm32f1/util_hooks.o
 .debug_info    0x00012964      0xf3e build/./wirish/boards.o
 .debug_info    0x000138a2       0x40 build/./wirish/cxxabi-compat.o
 .debug_info    0x000138e2      0xaf7 build/./wirish/ext_interrupts.o
 .debug_info    0x000143d9     0x1315 build/./wirish/HardwareSerial.o
 .debug_info    0x000156ee     0x13ec build/./wirish/HardwareTimer.o
 .debug_info    0x00016ada      0xb10 build/./wirish/Print.o
 .debug_info    0x000175ea      0x9b1 build/./wirish/pwm.o
 .debug_info    0x00017f9b      0xbe4 build/./wirish/usb_serial.o
 .debug_info    0x00018b7f     0x1810 build/./wirish/HardwareSPI.o
 .debug_info    0x0001a38f      0x923 build/./wirish/wirish_analog.o
 .debug_info    0x0001acb2      0xb33 build/./wirish/wirish_digital.o
 .debug_info    0x0001b7e5      0x139 build/./wirish/wirish_math.o
 .debug_info    0x0001b91e      0x13e build/./wirish/wirish_shift.o
 .debug_info    0x0001ba5c      0x126 build/./wirish/wirish_time.o
 .debug_info    0x0001bb82      0x40c build/./wirish/stm32f1/boards_setup.o
 .debug_info    0x0001bf8e      0x9f1 build/./wirish/stm32f1/wirish_digital.o
 .debug_info    0x0001c97f      0x18d build/./wirish/stm32f1/wirish_debug.o
 .debug_info    0x0001cb0c      0xa28 build/./wirish/boards/maple/board.o
 .debug_info    0x0001d534      0xff6 build/./libraries/Servo/Servo.o
 .debug_info    0x0001e52a     0x109a build/./libraries/LiquidCrystal/LiquidCrystal.o
 .debug_info    0x0001f5c4      0xd05 build/./libraries/Wire/WireBase.o
 .debug_info    0x000202c9      0xa55 build/./libraries/Wire/HardWire.o
 .debug_info    0x00020d1e      0xe57 build/./libraries/Wire/Wire.o
 .debug_info    0x00021b75      0x4e4 build/./libraries/FreeRTOS/utility/croutine.o
 .debug_info    0x00022059      0x2b6 build/./libraries/FreeRTOS/utility/heap_2.o
 .debug_info    0x0002230f      0x2a8 build/./libraries/FreeRTOS/utility/list.o
 .debug_info    0x000225b7      0x1b6 build/./libraries/FreeRTOS/utility/port.o
 .debug_info    0x0002276d      0x873 build/./libraries/FreeRTOS/utility/queue.o
 .debug_info    0x00022fe0       0x57 build/./libraries/FreeRTOS/utility/timers.o
 .debug_info    0x00023037     0x101b build/./libraries/FreeRTOS/utility/tasks.o
 .debug_info    0x00024052       0xfa build/./libraries/FreeRTOS/MapleFreeRTOS.o
 .debug_info    0x0002414c      0x193 build/main.o

.debug_abbrev   0x00000000     0x7db8
 *(.debug_abbrev)
 .debug_abbrev  0x00000000      0x1a3 build/./libmaple/adc.o
 .debug_abbrev  0x000001a3      0x12e build/./libmaple/dac.o
 .debug_abbrev  0x000002d1      0x14d build/./libmaple/dma.o
 .debug_abbrev  0x0000041e      0x25c build/./libmaple/exti.o
 .debug_abbrev  0x0000067a       0xa2 build/./libmaple/flash.o
 .debug_abbrev  0x0000071c       0xd2 build/./libmaple/gpio.o
 .debug_abbrev  0x000007ee       0xb1 build/./libmaple/iwdg.o
 .debug_abbrev  0x0000089f      0x135 build/./libmaple/nvic.o
 .debug_abbrev  0x000009d4       0x5b build/./libmaple/pwr.o
 .debug_abbrev  0x00000a2f      0x1ac build/./libmaple/rcc.o
 .debug_abbrev  0x00000bdb      0x24e build/./libmaple/spi.o
 .debug_abbrev  0x00000e29       0xed build/./libmaple/systick.o
 .debug_abbrev  0x00000f16      0x350 build/./libmaple/timer.o
 .debug_abbrev  0x00001266      0x2e5 build/./libmaple/usart.o
 .debug_abbrev  0x0000154b      0x11a build/./libmaple/usart_private.o
 .debug_abbrev  0x00001665      0x245 build/./libmaple/util.o
 .debug_abbrev  0x000018aa      0x3be build/./libmaple/i2c.o
 .debug_abbrev  0x00001c68      0x345 build/./libmaple/usb/stm32f1/usb.o
 .debug_abbrev  0x00001fad      0x1b4 build/./libmaple/usb/stm32f1/usb_reg_map.o
 .debug_abbrev  0x00002161      0x3e1 build/./libmaple/usb/stm32f1/usb_cdcacm.o
 .debug_abbrev  0x00002542      0x319 build/./libmaple/usb/usb_lib/usb_core.o
 .debug_abbrev  0x0000285b      0x104 build/./libmaple/usb/usb_lib/usb_init.o
 .debug_abbrev  0x0000295f       0xb5 build/./libmaple/usb/usb_lib/usb_mem.o
 .debug_abbrev  0x00002a14      0x1d6 build/./libmaple/usb/usb_lib/usb_regs.o
 .debug_abbrev  0x00002bea      0x1f5 build/./libmaple/stm32f1/adc.o
 .debug_abbrev  0x00002ddf      0x16a build/./libmaple/stm32f1/bkp.o
 .debug_abbrev  0x00002f49      0x3c0 build/./libmaple/stm32f1/dma.o
 .debug_abbrev  0x00003309       0xab build/./libmaple/stm32f1/exti.o
 .debug_abbrev  0x000033b4       0x16 build/./libmaple/stm32f1/fsmc.o
 .debug_abbrev  0x000033ca      0x15d build/./libmaple/stm32f1/gpio.o
 .debug_abbrev  0x00003527      0x1ae build/./libmaple/stm32f1/i2c.o
 .debug_abbrev  0x000036d5      0x21f build/./libmaple/stm32f1/rcc.o
 .debug_abbrev  0x000038f4      0x11a build/./libmaple/stm32f1/spi.o
 .debug_abbrev  0x00003a0e      0x1ab build/./libmaple/stm32f1/timer.o
 .debug_abbrev  0x00003bb9      0x25d build/./libmaple/stm32f1/usart.o
 .debug_abbrev  0x00003e16       0xa2 build/./wirish/start_c.o
 .debug_abbrev  0x00003eb8      0x18e build/./wirish/syscalls.o
 .debug_abbrev  0x00004046      0x225 build/./wirish/stm32f1/util_hooks.o
 .debug_abbrev  0x0000426b      0x309 build/./wirish/boards.o
 .debug_abbrev  0x00004574       0x2b build/./wirish/cxxabi-compat.o
 .debug_abbrev  0x0000459f      0x1a6 build/./wirish/ext_interrupts.o
 .debug_abbrev  0x00004745      0x3fe build/./wirish/HardwareSerial.o
 .debug_abbrev  0x00004b43      0x3a5 build/./wirish/HardwareTimer.o
 .debug_abbrev  0x00004ee8      0x201 build/./wirish/Print.o
 .debug_abbrev  0x000050e9      0x1c1 build/./wirish/pwm.o
 .debug_abbrev  0x000052aa      0x3d9 build/./wirish/usb_serial.o
 .debug_abbrev  0x00005683      0x3c6 build/./wirish/HardwareSPI.o
 .debug_abbrev  0x00005a49      0x144 build/./wirish/wirish_analog.o
 .debug_abbrev  0x00005b8d      0x21c build/./wirish/wirish_digital.o
 .debug_abbrev  0x00005da9       0x8a build/./wirish/wirish_math.o
 .debug_abbrev  0x00005e33       0xb1 build/./wirish/wirish_shift.o
 .debug_abbrev  0x00005ee4       0xe7 build/./wirish/wirish_time.o
 .debug_abbrev  0x00005fcb      0x145 build/./wirish/stm32f1/boards_setup.o
 .debug_abbrev  0x00006110      0x169 build/./wirish/stm32f1/wirish_digital.o
 .debug_abbrev  0x00006279       0xdc build/./wirish/stm32f1/wirish_debug.o
 .debug_abbrev  0x00006355      0x162 build/./wirish/boards/maple/board.o
 .debug_abbrev  0x000064b7      0x377 build/./libraries/Servo/Servo.o
 .debug_abbrev  0x0000682e      0x2b4 build/./libraries/LiquidCrystal/LiquidCrystal.o
 .debug_abbrev  0x00006ae2      0x26e build/./libraries/Wire/WireBase.o
 .debug_abbrev  0x00006d50      0x21d build/./libraries/Wire/HardWire.o
 .debug_abbrev  0x00006f6d      0x2ff build/./libraries/Wire/Wire.o
 .debug_abbrev  0x0000726c      0x1e2 build/./libraries/FreeRTOS/utility/croutine.o
 .debug_abbrev  0x0000744e      0x199 build/./libraries/FreeRTOS/utility/heap_2.o
 .debug_abbrev  0x000075e7       0xf2 build/./libraries/FreeRTOS/utility/list.o
 .debug_abbrev  0x000076d9      0x112 build/./libraries/FreeRTOS/utility/port.o
 .debug_abbrev  0x000077eb      0x1b8 build/./libraries/FreeRTOS/utility/queue.o
 .debug_abbrev  0x000079a3       0x35 build/./libraries/FreeRTOS/utility/timers.o
 .debug_abbrev  0x000079d8      0x255 build/./libraries/FreeRTOS/utility/tasks.o
 .debug_abbrev  0x00007c2d       0x90 build/./libraries/FreeRTOS/MapleFreeRTOS.o
 .debug_abbrev  0x00007cbd       0xfb build/main.o

.debug_line     0x00000000     0xc758
 *(.debug_line)
 .debug_line    0x00000000      0x156 build/./libmaple/adc.o
 .debug_line    0x00000156      0x161 build/./libmaple/dac.o
 .debug_line    0x000002b7      0x132 build/./libmaple/dma.o
 .debug_line    0x000003e9      0x278 build/./libmaple/exti.o
 .debug_line    0x00000661       0xad build/./libmaple/flash.o
 .debug_line    0x0000070e       0xe6 build/./libmaple/gpio.o
 .debug_line    0x000007f4       0x91 build/./libmaple/iwdg.o
 .debug_line    0x00000885      0x10f build/./libmaple/nvic.o
 .debug_line    0x00000994       0xf3 build/./libmaple/pwr.o
 .debug_line    0x00000a87      0x14c build/./libmaple/rcc.o
 .debug_line    0x00000bd3      0x21b build/./libmaple/spi.o
 .debug_line    0x00000dee       0xd3 build/./libmaple/systick.o
 .debug_line    0x00000ec1      0x27a build/./libmaple/timer.o
 .debug_line    0x0000113b      0x223 build/./libmaple/usart.o
 .debug_line    0x0000135e      0x11d build/./libmaple/usart_private.o
 .debug_line    0x0000147b      0x1f0 build/./libmaple/util.o
 .debug_line    0x0000166b      0x6d8 build/./libmaple/i2c.o
 .debug_line    0x00001d43      0x281 build/./libmaple/usb/stm32f1/usb.o
 .debug_line    0x00001fc4      0x16d build/./libmaple/usb/stm32f1/usb_reg_map.o
 .debug_line    0x00002131      0x521 build/./libmaple/usb/stm32f1/usb_cdcacm.o
 .debug_line    0x00002652      0x303 build/./libmaple/usb/usb_lib/usb_core.o
 .debug_line    0x00002955       0xb8 build/./libmaple/usb/usb_lib/usb_init.o
 .debug_line    0x00002a0d       0xd2 build/./libmaple/usb/usb_lib/usb_mem.o
 .debug_line    0x00002adf      0x4c6 build/./libmaple/usb/usb_lib/usb_regs.o
 .debug_line    0x00002fa5      0x1ab build/./libmaple/stm32f1/adc.o
 .debug_line    0x00003150      0x187 build/./libmaple/stm32f1/bkp.o
 .debug_line    0x000032d7      0x404 build/./libmaple/stm32f1/dma.o
 .debug_line    0x000036db      0x10a build/./libmaple/stm32f1/exti.o
 .debug_line    0x000037e5       0x8c build/./libmaple/stm32f1/fsmc.o
 .debug_line    0x00003871      0x141 build/./libmaple/stm32f1/gpio.o
 .debug_line    0x000039b2      0x215 build/./libmaple/stm32f1/i2c.o
 .debug_line    0x00003bc7      0x1c4 build/./libmaple/stm32f1/rcc.o
 .debug_line    0x00003d8b      0x156 build/./libmaple/stm32f1/spi.o
 .debug_line    0x00003ee1      0x211 build/./libmaple/stm32f1/timer.o
 .debug_line    0x000040f2      0x20b build/./libmaple/stm32f1/usart.o
 .debug_line    0x000042fd       0xa4 build/./wirish/start_c.o
 .debug_line    0x000043a1      0x425 build/./wirish/syscalls.o
 .debug_line    0x000047c6      0x1f8 build/./wirish/stm32f1/util_hooks.o
 .debug_line    0x000049be      0x2fc build/./wirish/boards.o
 .debug_line    0x00004cba       0x46 build/./wirish/cxxabi-compat.o
 .debug_line    0x00004d00      0x233 build/./wirish/ext_interrupts.o
 .debug_line    0x00004f33      0x310 build/./wirish/HardwareSerial.o
 .debug_line    0x00005243      0x618 build/./wirish/HardwareTimer.o
 .debug_line    0x0000585b      0x547 build/./wirish/Print.o
 .debug_line    0x00005da2      0x1c8 build/./wirish/pwm.o
 .debug_line    0x00005f6a      0x6f0 build/./wirish/usb_serial.o
 .debug_line    0x0000665a      0x750 build/./wirish/HardwareSPI.o
 .debug_line    0x00006daa      0x1c9 build/./wirish/wirish_analog.o
 .debug_line    0x00006f73      0x254 build/./wirish/wirish_digital.o
 .debug_line    0x000071c7      0x315 build/./wirish/wirish_math.o
 .debug_line    0x000074dc      0x513 build/./wirish/wirish_shift.o
 .debug_line    0x000079ef      0x1f6 build/./wirish/wirish_time.o
 .debug_line    0x00007be5      0x249 build/./wirish/stm32f1/boards_setup.o
 .debug_line    0x00007e2e      0x1e4 build/./wirish/stm32f1/wirish_digital.o
 .debug_line    0x00008012      0x144 build/./wirish/stm32f1/wirish_debug.o
 .debug_line    0x00008156      0x1e1 build/./wirish/boards/maple/board.o
 .debug_line    0x00008337      0x56a build/./libraries/Servo/Servo.o
 .debug_line    0x000088a1      0x893 build/./libraries/LiquidCrystal/LiquidCrystal.o
 .debug_line    0x00009134      0x659 build/./libraries/Wire/WireBase.o
 .debug_line    0x0000978d      0x5f6 build/./libraries/Wire/HardWire.o
 .debug_line    0x00009d83      0x6e8 build/./libraries/Wire/Wire.o
 .debug_line    0x0000a46b      0x1de build/./libraries/FreeRTOS/utility/croutine.o
 .debug_line    0x0000a649      0x344 build/./libraries/FreeRTOS/utility/heap_2.o
 .debug_line    0x0000a98d      0x350 build/./libraries/FreeRTOS/utility/list.o
 .debug_line    0x0000acdd      0x1de build/./libraries/FreeRTOS/utility/port.o
 .debug_line    0x0000aebb      0x548 build/./libraries/FreeRTOS/utility/queue.o
 .debug_line    0x0000b403      0x124 build/./libraries/FreeRTOS/utility/timers.o
 .debug_line    0x0000b527      0x788 build/./libraries/FreeRTOS/utility/tasks.o
 .debug_line    0x0000bcaf      0x5cd build/./libraries/FreeRTOS/MapleFreeRTOS.o
 .debug_line    0x0000c27c      0x4dc build/main.o

.debug_frame    0x00000000     0x5b98
 *(.debug_frame)
 .debug_frame   0x00000000       0x64 build/./libmaple/adc.o
 .debug_frame   0x00000064       0x64 build/./libmaple/dac.o
 .debug_frame   0x000000c8       0x30 build/./libmaple/dma.o
 .debug_frame   0x000000f8      0x154 build/./libmaple/exti.o
 .debug_frame   0x0000024c       0x20 build/./libmaple/flash.o
 .debug_frame   0x0000026c       0x28 build/./libmaple/gpio.o
 .debug_frame   0x00000294       0x30 build/./libmaple/iwdg.o
 .debug_frame   0x000002c4       0x58 build/./libmaple/nvic.o
 .debug_frame   0x0000031c       0x28 build/./libmaple/pwr.o
 .debug_frame   0x00000344       0xc0 build/./libmaple/rcc.o
 .debug_frame   0x00000404       0xf0 build/./libmaple/spi.o
 .debug_frame   0x000004f4       0x68 build/./libmaple/systick.o
 .debug_frame   0x0000055c      0x12c build/./libmaple/timer.o
 .debug_frame   0x00000688       0xf4 build/./libmaple/usart.o
 .debug_frame   0x0000077c       0x28 build/./libmaple/usart_private.o
 .debug_frame   0x000007a4       0xd0 build/./libmaple/util.o
 .debug_frame   0x00000874      0x1c8 build/./libmaple/i2c.o
 .debug_frame   0x00000a3c       0xb0 build/./libmaple/usb/stm32f1/usb.o
 .debug_frame   0x00000aec       0xac build/./libmaple/usb/stm32f1/usb_reg_map.o
 .debug_frame   0x00000b98      0x2d8 build/./libmaple/usb/stm32f1/usb_cdcacm.o
 .debug_frame   0x00000e70      0x1a0 build/./libmaple/usb/usb_lib/usb_core.o
 .debug_frame   0x00001010       0x28 build/./libmaple/usb/usb_lib/usb_init.o
 .debug_frame   0x00001038       0x38 build/./libmaple/usb/usb_lib/usb_mem.o
 .debug_frame   0x00001070      0x3d8 build/./libmaple/usb/usb_lib/usb_regs.o
 .debug_frame   0x00001448       0x90 build/./libmaple/stm32f1/adc.o
 .debug_frame   0x000014d8       0xa8 build/./libmaple/stm32f1/bkp.o
 .debug_frame   0x00001580      0x274 build/./libmaple/stm32f1/dma.o
 .debug_frame   0x000017f4       0x20 build/./libmaple/stm32f1/exti.o
 .debug_frame   0x00001814       0x6c build/./libmaple/stm32f1/gpio.o
 .debug_frame   0x00001880       0xc8 build/./libmaple/stm32f1/i2c.o
 .debug_frame   0x00001948       0xa4 build/./libmaple/stm32f1/rcc.o
 .debug_frame   0x000019ec       0x48 build/./libmaple/stm32f1/spi.o
 .debug_frame   0x00001a34       0xe0 build/./libmaple/stm32f1/timer.o
 .debug_frame   0x00001b14       0xc0 build/./libmaple/stm32f1/usart.o
 .debug_frame   0x00001bd4       0x28 build/./wirish/start_c.o